Archive member included to satisfy reference by file (symbol)

c:/program files (x86)/gnu tools arm embedded/6 2017-q1-update/bin/../lib/gcc/arm-none-eabi/6.3.1/../../../../arm-none-eabi/lib/thumb/v7e-m/fpv4-sp/hard\libm.a(lib_a-s_cos.o)
                              ..\obj\GCode.o (cos)
c:/program files (x86)/gnu tools arm embedded/6 2017-q1-update/bin/../lib/gcc/arm-none-eabi/6.3.1/../../../../arm-none-eabi/lib/thumb/v7e-m/fpv4-sp/hard\libm.a(lib_a-s_round.o)
                              ..\obj\MCode.o (round)
c:/program files (x86)/gnu tools arm embedded/6 2017-q1-update/bin/../lib/gcc/arm-none-eabi/6.3.1/../../../../arm-none-eabi/lib/thumb/v7e-m/fpv4-sp/hard\libm.a(lib_a-s_sin.o)
                              ..\obj\GCode.o (sin)
c:/program files (x86)/gnu tools arm embedded/6 2017-q1-update/bin/../lib/gcc/arm-none-eabi/6.3.1/../../../../arm-none-eabi/lib/thumb/v7e-m/fpv4-sp/hard\libm.a(lib_a-s_tan.o)
                              ..\obj\GCode.o (tan)
c:/program files (x86)/gnu tools arm embedded/6 2017-q1-update/bin/../lib/gcc/arm-none-eabi/6.3.1/../../../../arm-none-eabi/lib/thumb/v7e-m/fpv4-sp/hard\libm.a(lib_a-sf_cos.o)
                              ..\obj\GCode.o (cosf)
c:/program files (x86)/gnu tools arm embedded/6 2017-q1-update/bin/../lib/gcc/arm-none-eabi/6.3.1/../../../../arm-none-eabi/lib/thumb/v7e-m/fpv4-sp/hard\libm.a(lib_a-sf_fmax.o)
                              ..\obj\main.o (fmaxf)
c:/program files (x86)/gnu tools arm embedded/6 2017-q1-update/bin/../lib/gcc/arm-none-eabi/6.3.1/../../../../arm-none-eabi/lib/thumb/v7e-m/fpv4-sp/hard\libm.a(lib_a-sf_fmin.o)
                              ..\obj\MotorDrivers.o (fminf)
c:/program files (x86)/gnu tools arm embedded/6 2017-q1-update/bin/../lib/gcc/arm-none-eabi/6.3.1/../../../../arm-none-eabi/lib/thumb/v7e-m/fpv4-sp/hard\libm.a(lib_a-sf_fpclassify.o)
                              c:/program files (x86)/gnu tools arm embedded/6 2017-q1-update/bin/../lib/gcc/arm-none-eabi/6.3.1/../../../../arm-none-eabi/lib/thumb/v7e-m/fpv4-sp/hard\libm.a(lib_a-sf_fmax.o) (__fpclassifyf)
c:/program files (x86)/gnu tools arm embedded/6 2017-q1-update/bin/../lib/gcc/arm-none-eabi/6.3.1/../../../../arm-none-eabi/lib/thumb/v7e-m/fpv4-sp/hard\libm.a(lib_a-sf_round.o)
                              ..\obj\GCode.o (roundf)
c:/program files (x86)/gnu tools arm embedded/6 2017-q1-update/bin/../lib/gcc/arm-none-eabi/6.3.1/../../../../arm-none-eabi/lib/thumb/v7e-m/fpv4-sp/hard\libm.a(lib_a-sf_sin.o)
                              ..\obj\GCode.o (sinf)
c:/program files (x86)/gnu tools arm embedded/6 2017-q1-update/bin/../lib/gcc/arm-none-eabi/6.3.1/../../../../arm-none-eabi/lib/thumb/v7e-m/fpv4-sp/hard\libm.a(lib_a-w_acos.o)
                              ..\obj\GCode.o (acos)
c:/program files (x86)/gnu tools arm embedded/6 2017-q1-update/bin/../lib/gcc/arm-none-eabi/6.3.1/../../../../arm-none-eabi/lib/thumb/v7e-m/fpv4-sp/hard\libm.a(lib_a-wf_acos.o)
                              ..\obj\GCode.o (acosf)
c:/program files (x86)/gnu tools arm embedded/6 2017-q1-update/bin/../lib/gcc/arm-none-eabi/6.3.1/../../../../arm-none-eabi/lib/thumb/v7e-m/fpv4-sp/hard\libm.a(lib_a-wf_atan2.o)
                              ..\obj\GCode.o (atan2f)
c:/program files (x86)/gnu tools arm embedded/6 2017-q1-update/bin/../lib/gcc/arm-none-eabi/6.3.1/../../../../arm-none-eabi/lib/thumb/v7e-m/fpv4-sp/hard\libm.a(lib_a-wf_fmod.o)
                              ..\obj\GCode.o (fmodf)
c:/program files (x86)/gnu tools arm embedded/6 2017-q1-update/bin/../lib/gcc/arm-none-eabi/6.3.1/../../../../arm-none-eabi/lib/thumb/v7e-m/fpv4-sp/hard\libm.a(lib_a-wf_pow.o)
                              ..\obj\main.o (powf)
c:/program files (x86)/gnu tools arm embedded/6 2017-q1-update/bin/../lib/gcc/arm-none-eabi/6.3.1/../../../../arm-none-eabi/lib/thumb/v7e-m/fpv4-sp/hard\libm.a(lib_a-e_acos.o)
                              c:/program files (x86)/gnu tools arm embedded/6 2017-q1-update/bin/../lib/gcc/arm-none-eabi/6.3.1/../../../../arm-none-eabi/lib/thumb/v7e-m/fpv4-sp/hard\libm.a(lib_a-w_acos.o) (__ieee754_acos)
c:/program files (x86)/gnu tools arm embedded/6 2017-q1-update/bin/../lib/gcc/arm-none-eabi/6.3.1/../../../../arm-none-eabi/lib/thumb/v7e-m/fpv4-sp/hard\libm.a(lib_a-e_rem_pio2.o)
                              c:/program files (x86)/gnu tools arm embedded/6 2017-q1-update/bin/../lib/gcc/arm-none-eabi/6.3.1/../../../../arm-none-eabi/lib/thumb/v7e-m/fpv4-sp/hard\libm.a(lib_a-s_cos.o) (__ieee754_rem_pio2)
c:/program files (x86)/gnu tools arm embedded/6 2017-q1-update/bin/../lib/gcc/arm-none-eabi/6.3.1/../../../../arm-none-eabi/lib/thumb/v7e-m/fpv4-sp/hard\libm.a(lib_a-e_sqrt.o)
                              c:/program files (x86)/gnu tools arm embedded/6 2017-q1-update/bin/../lib/gcc/arm-none-eabi/6.3.1/../../../../arm-none-eabi/lib/thumb/v7e-m/fpv4-sp/hard\libm.a(lib_a-e_acos.o) (__ieee754_sqrt)
[...]
Memory Configuration

Name             Origin             Length             Attributes
rom              0x08000000         0x00100000         xr
ram              0x20000000         0x00020000         xrw
*default*        0x00000000         0xffffffff

Linker script and memory map

LOAD ..\..\..\obj\master4.o
                0x20020000                _eram = 0x20020000

.text           0x08000000    0x62325
 *(.isr_vector .isr_vector.*)
 .isr_vector    0x08000000      0x188 ..\obj\startup_stm32f4xx.o
                0x08000000                g_pfnVectors
 *(.text .text.* .gnu.linkonce.t.*)
 .text.n2a      0x08000188       0x3a ..\..\..\obj\master4.o
                0x08000188                n2a
 .text.a2n      0x080001c2       0x2a ..\..\..\obj\master4.o
                0x080001c2                a2n
 .text.v2a      0x080001ec       0x54 ..\..\..\obj\master4.o
                0x080001ec                v2a
 .text.ReportSecKeyErrorMsg
                0x08000240       0x50 ..\..\..\obj\master4.o
                0x08000240                ReportSecKeyErrorMsg
 .text.ReportInvalidMachineInfoStr
                0x08000290       0x40 ..\..\..\obj\master4.o
                0x08000290                ReportInvalidMachineInfoStr
 .text.generateMachineInfoStr
                0x080002d0      0x4ac ..\..\..\obj\master4.o
                0x080002d0                generateMachineInfoStr
 .text.dump     0x0800077c       0xb0 ..\..\..\obj\master4.o
                0x0800077c                dump
 .text.generateMachinePasswordStr
                0x0800082c      0x7d8 ..\..\..\obj\master4.o
                0x0800082c                generateMachinePasswordStr
 .text.isSpecialBuildMachine
                0x08001004      0x210 ..\..\..\obj\master4.o
                0x08001004                isSpecialBuildMachine
 .text.initKey  0x08001214       0x50 ..\..\..\obj\master4.o
                0x08001214                initKey
 .text.validFirmwareKey
                0x08001264       0x4c ..\..\..\obj\master4.o
                0x08001264                validFirmwareKey
 .text.invalidateFirmwareKey
                0x080012b0       0x20 ..\..\..\obj\master4.o
                0x080012b0                invalidateFirmwareKey
 .text.real_M_Code_M686
                0x080012d0       0x58 ..\..\..\obj\master4.o
                0x080012d0                real_M_Code_M686
 .text.real_M_Code_M687
                0x08001328       0xe8 ..\..\..\obj\master4.o
                0x08001328                real_M_Code_M687
 .text.real_M_Code_M688
                0x08001410      0x17c ..\..\..\obj\master4.o
                0x08001410                real_M_Code_M688
 .text.SYSCFG_EXTILineConfig
                0x0800158c       0x84 ..\obj\stm32f4xx_syscfg.o
                0x0800158c                SYSCFG_EXTILineConfig
 .text.USB_OTG_EnableCommonInt
                0x08001610       0x44 ..\obj\usb_core.o
 .text.USB_OTG_CoreReset
                0x08001654       0x90 ..\obj\usb_core.o
 .text.USB_OTG_WritePacket
                0x080016e4       0x76 ..\obj\usb_core.o
                0x080016e4                USB_OTG_WritePacket
 .text.USB_OTG_ReadPacket
                0x0800175a       0x58 ..\obj\usb_core.o
                0x0800175a                USB_OTG_ReadPacket
 *fill*         0x080017b2        0x2 
 .text.USB_OTG_SelectCore
                0x080017b4      0x174 ..\obj\usb_core.o
                0x080017b4                USB_OTG_SelectCore
 .text.USB_OTG_CoreInit
                0x08001928      0x13a ..\obj\usb_core.o
                0x08001928                USB_OTG_CoreInit
 .text.USB_OTG_EnableGlobalInt
                0x08001a62       0x36 ..\obj\usb_core.o
                0x08001a62                USB_OTG_EnableGlobalInt
 .text.USB_OTG_DisableGlobalInt
                0x08001a98       0x38 ..\obj\usb_core.o
                0x08001a98                USB_OTG_DisableGlobalInt
 .text.USB_OTG_FlushTxFifo
                0x08001ad0       0x74 ..\obj\usb_core.o
                0x08001ad0                USB_OTG_FlushTxFifo
 .text.USB_OTG_FlushRxFifo
                0x08001b44       0x60 ..\obj\usb_core.o
                0x08001b44                USB_OTG_FlushRxFifo
 .text.USB_OTG_SetCurrentMode
                0x08001ba4       0x5e ..\obj\usb_core.o
                0x08001ba4                USB_OTG_SetCurrentMode
 .text.USB_OTG_GetMode
                0x08001c02       0x1e ..\obj\usb_core.o
                0x08001c02                USB_OTG_GetMode
 .text.USB_OTG_IsDeviceMode
                0x08001c20       0x22 ..\obj\usb_core.o
                0x08001c20                USB_OTG_IsDeviceMode
 .text.USB_OTG_ReadCoreItr
                0x08001c42       0x2e ..\obj\usb_core.o
                0x08001c42                USB_OTG_ReadCoreItr
 .text.USB_OTG_InitDevSpeed
                0x08001c70       0x38 ..\obj\usb_core.o
                0x08001c70                USB_OTG_InitDevSpeed
 .text.USB_OTG_CoreInitDev
                0x08001ca8      0x262 ..\obj\usb_core.o
                0x08001ca8                USB_OTG_CoreInitDev
 .text.USB_OTG_EnableDevInt
                0x08001f0a       0x98 ..\obj\usb_core.o
                0x08001f0a                USB_OTG_EnableDevInt
 .text.USB_OTG_GetDeviceSpeed
                0x08001fa2       0x48 ..\obj\usb_core.o
                0x08001fa2                USB_OTG_GetDeviceSpeed
 .text.USB_OTG_EP0Activate
                0x08001fea       0x76 ..\obj\usb_core.o
                0x08001fea                USB_OTG_EP0Activate
 .text.USB_OTG_EPActivate
                0x08002060       0xdc ..\obj\usb_core.o
                0x08002060                USB_OTG_EPActivate
 .text.USB_OTG_EPDeactivate
                0x0800213c       0x8a ..\obj\usb_core.o
                0x0800213c                USB_OTG_EPDeactivate
 .text.USB_OTG_EPStartXfer
                0x080021c6      0x280 ..\obj\usb_core.o
                0x080021c6                USB_OTG_EPStartXfer
 .text.USB_OTG_EP0StartXfer
                0x08002446      0x1d4 ..\obj\usb_core.o
                0x08002446                USB_OTG_EP0StartXfer
 .text.USB_OTG_EPSetStall
                0x0800261a       0x86 ..\obj\usb_core.o
                0x0800261a                USB_OTG_EPSetStall
 .text.USB_OTG_EPClearStall
                0x080026a0       0x76 ..\obj\usb_core.o
                0x080026a0                USB_OTG_EPClearStall
 .text.USB_OTG_ReadDevAllOutEp_itr
                0x08002716       0x2c ..\obj\usb_core.o
                0x08002716                USB_OTG_ReadDevAllOutEp_itr
 .text.USB_OTG_ReadDevOutEP_itr
                0x08002742       0x36 ..\obj\usb_core.o
                0x08002742                USB_OTG_ReadDevOutEP_itr
 .text.USB_OTG_ReadDevAllInEPItr
                0x08002778       0x2c ..\obj\usb_core.o
                0x08002778                USB_OTG_ReadDevAllInEPItr
 .text.USB_OTG_EP0_OutStart
                0x080027a4       0x72 ..\obj\usb_core.o
                0x080027a4                USB_OTG_EP0_OutStart
 *fill*         0x08002816        0x2 
 .text.USBD_USR_Init
                0x08002818       0x18 ..\obj\usbd_usr.o
                0x08002818                USBD_USR_Init
 .text.USBD_USR_DeviceReset
                0x08002830       0x20 ..\obj\usbd_usr.o
                0x08002830                USBD_USR_DeviceReset
 .text.USBD_USR_DeviceConfigured
                0x08002850       0x18 ..\obj\usbd_usr.o
                0x08002850                USBD_USR_DeviceConfigured
 .text.USBD_USR_DeviceSuspended
                0x08002868       0x18 ..\obj\usbd_usr.o
                0x08002868                USBD_USR_DeviceSuspended
 .text.USBD_USR_DeviceResumed
                0x08002880       0x18 ..\obj\usbd_usr.o
                0x08002880                USBD_USR_DeviceResumed
 .text.USBD_USR_DeviceConnected
                0x08002898       0x18 ..\obj\usbd_usr.o
                0x08002898                USBD_USR_DeviceConnected
 .text.USBD_USR_DeviceDisconnected
                0x080028b0       0x18 ..\obj\usbd_usr.o
                0x080028b0                USBD_USR_DeviceDisconnected
 .text.USBD_User_GetStatus
                0x080028c8       0x18 ..\obj\usbd_usr.o
                0x080028c8                USBD_User_GetStatus
 .text.NVIC_EnableIRQ
                0x080028e0       0x34 ..\obj\HardwareInit.o
 .text.InitGPIO
                0x08002914       0x8c ..\obj\HardwareInit.o
                0x08002914                InitGPIO
 .text.InitUSART6
                0x080029a0       0x5c ..\obj\HardwareInit.o
                0x080029a0                InitUSART6
 .text.InitAllUARTS
                0x080029fc       0x16 ..\obj\HardwareInit.o
                0x080029fc                InitAllUARTS
 *fill*         0x08002a12        0x2 
 .text.CAN_Config
                0x08002a14      0x100 ..\obj\HardwareInit.o
                0x08002a14                CAN_Config
 .text.InitMotorTimer
                0x08002b14      0x228 ..\obj\HardwareInit.o
                0x08002b14                InitMotorTimer
 .text.InitTimer1
                0x08002d3c       0x74 ..\obj\HardwareInit.o
                0x08002d3c                InitTimer1
 .text.InitTimer3ForDelays
                0x08002db0       0x48 ..\obj\HardwareInit.o
                0x08002db0                InitTimer3ForDelays
 .text.InitCO2LaserTimer
                0x08002df8      0x10c ..\obj\HardwareInit.o
                0x08002df8                InitCO2LaserTimer
 .text.enableLatheMode
                0x08002f04       0xc4 ..\obj\HardwareInit.o
                0x08002f04                enableLatheMode
 .text.disableLatheMode
                0x08002fc8       0x48 ..\obj\HardwareInit.o
                0x08002fc8                disableLatheMode
 .text.InitTimer6
                0x08003010       0x74 ..\obj\HardwareInit.o
                0x08003010                InitTimer6
 .text.InitTimer7
                0x08003084       0x78 ..\obj\HardwareInit.o
                0x08003084                InitTimer7
 .text.DeInitLaser
                0x080030fc       0x5c ..\obj\HardwareInit.o
                0x080030fc                DeInitLaser
 .text.InitLaser
                0x08003158      0x134 ..\obj\HardwareInit.o
                0x08003158                InitLaser
 .text.initializeSpindleStruct
                0x0800328c       0x30 ..\obj\HardwareInit.o
                0x0800328c                initializeSpindleStruct
 .text.initializeInkjetStruct
                0x080032bc       0x20 ..\obj\HardwareInit.o
                0x080032bc                initializeInkjetStruct
 .text.initializeLaserStruct
                0x080032dc      0x144 ..\obj\HardwareInit.o
                0x080032dc                initializeLaserStruct
 .text.setFlasherVarPtr
                0x08003420      0x360 ..\obj\HardwareInit.o
                0x08003420                setFlasherVarPtr
 .text.InitGlobals
                0x08003780      0x128 ..\obj\HardwareInit.o
                0x08003780                InitGlobals
 .text.timerInitEncoderAB
                0x080038a8       0xa0 ..\obj\HardwareInit.o
                0x080038a8                timerInitEncoderAB
 .text.USART_Init
                0x08003948      0x174 ..\obj\stm32f4xx_usart.o
                0x08003948                USART_Init
 .text.USART_Cmd
                0x08003abc       0x40 ..\obj\stm32f4xx_usart.o
                0x08003abc                USART_Cmd
 .text.USART_ITConfig
                0x08003afc       0x90 ..\obj\stm32f4xx_usart.o
                0x08003afc                USART_ITConfig
 .text.memZero  0x08003b8c       0x1c ..\obj\util.o
                0x08003b8c                memZero
 .text.deinitClkAndResetAPB1
                0x08003ba8       0x34 ..\obj\util.o
                0x08003ba8                deinitClkAndResetAPB1
 .text.initClkAndResetAPB1
                0x08003bdc       0x4c ..\obj\util.o
                0x08003bdc                initClkAndResetAPB1
 .text.initClkAndResetAPB2
                0x08003c28       0x4c ..\obj\util.o
                0x08003c28                initClkAndResetAPB2
 .text.interruptSetupAndDisable
                0x08003c74       0x32 ..\obj\util.o
                0x08003c74                interruptSetupAndDisable
 .text.interruptSetupAndEnable
                0x08003ca6       0x32 ..\obj\util.o
                0x08003ca6                interruptSetupAndEnable
 .text.imin     0x08003cd8       0x24 ..\obj\util.o
                0x08003cd8                imin
 .text.imax     0x08003cfc       0x24 ..\obj\util.o
                0x08003cfc                imax
 .text.iFitWithinRange
                0x08003d20       0x32 ..\obj\util.o
                0x08003d20                iFitWithinRange
 .text.umin     0x08003d52       0x24 ..\obj\util.o
                0x08003d52                umin
 .text.umax     0x08003d76       0x24 ..\obj\util.o
                0x08003d76                umax
 .text.uFitWithinRange
                0x08003d9a       0x32 ..\obj\util.o
                0x08003d9a                uFitWithinRange
 .text.fFitWithinRange
                0x08003dcc       0x52 ..\obj\util.o
                0x08003dcc                fFitWithinRange
 *fill*         0x08003e1e        0x2 
 .text.delayUsec
                0x08003e20       0x3c ..\obj\util.o
                0x08003e20                delayUsec
 .text.delayMsec
                0x08003e5c       0x2c ..\obj\util.o
                0x08003e5c                delayMsec
 .text.delaySec
                0x08003e88       0x2c ..\obj\util.o
                0x08003e88                delaySec
 .text.interruptsOff
                0x08003eb4       0x26 ..\obj\util.o
                0x08003eb4                interruptsOff
 .text.interruptsOn
                0x08003eda       0x1c ..\obj\util.o
                0x08003eda                interruptsOn
 .text.fpu_sqrtf
                0x08003ef6       0x1e ..\obj\util.o
                0x08003ef6                fpu_sqrtf
 .text.getPidMethodStr
                0x08003f14       0xc4 ..\obj\util.o
                0x08003f14                getPidMethodStr
 .text.CAN_Init
                0x08003fd8      0x1a2 ..\obj\stm32f4xx_can.o
                0x08003fd8                CAN_Init
 *fill*         0x0800417a        0x2 
 .text.CAN_FilterInit
                0x0800417c      0x178 ..\obj\stm32f4xx_can.o
                0x0800417c                CAN_FilterInit
 .text.CAN_StructInit
                0x080042f4       0x56 ..\obj\stm32f4xx_can.o
                0x080042f4                CAN_StructInit
 *fill*         0x0800434a        0x2 
 .text.Default_Handler
                0x0800434c       0x14 ..\obj\startup_stm32f4xx.o
                0x0800434c                RTC_Alarm_IRQHandler
                0x0800434c                HASH_RNG_IRQHandler
                0x0800434c                TIM8_CC_IRQHandler
                0x0800434c                TIM1_CC_IRQHandler
                0x0800434c                DMA2_Stream5_IRQHandler
                0x0800434c                DMA1_Stream5_IRQHandler
                0x0800434c                PVD_IRQHandler
                0x0800434c                SDIO_IRQHandler
                0x0800434c                TAMP_STAMP_IRQHandler
                0x0800434c                CAN2_RX1_IRQHandler
                0x0800434c                I2C3_ER_IRQHandler
                0x0800434c                I2C2_EV_IRQHandler
                0x0800434c                DMA1_Stream2_IRQHandler
                0x0800434c                CAN1_RX0_IRQHandler
                0x0800434c                FPU_IRQHandler
                0x0800434c                OTG_HS_WKUP_IRQHandler
                0x0800434c                CAN2_SCE_IRQHandler
                0x0800434c                DMA2_Stream2_IRQHandler
                0x0800434c                SPI1_IRQHandler
                0x0800434c                DCMI_IRQHandler
                0x0800434c                CAN2_RX0_IRQHandler
                0x0800434c                DMA2_Stream3_IRQHandler
                0x0800434c                CRYP_IRQHandler
                0x0800434c                CAN1_RX1_IRQHandler
                0x0800434c                UART5_IRQHandler
                0x0800434c                DMA2_Stream0_IRQHandler
                0x0800434c                I2C1_EV_IRQHandler
                0x0800434c                DMA1_Stream6_IRQHandler
                0x0800434c                DMA1_Stream1_IRQHandler
                0x0800434c                RCC_IRQHandler
                0x0800434c                ADC_IRQHandler
                0x0800434c                DMA1_Stream7_IRQHandler
                0x0800434c                CAN2_TX_IRQHandler
                0x0800434c                DMA2_Stream7_IRQHandler
                0x0800434c                I2C3_EV_IRQHandler
                0x0800434c                RTC_WKUP_IRQHandler
                0x0800434c                ETH_WKUP_IRQHandler
                0x0800434c                SPI2_IRQHandler
                0x0800434c                OTG_HS_EP1_IN_IRQHandler
                0x0800434c                DMA1_Stream0_IRQHandler
                0x0800434c                CAN1_TX_IRQHandler
                0x0800434c                FSMC_IRQHandler
                0x0800434c                ETH_IRQHandler
                0x0800434c                OTG_HS_EP1_OUT_IRQHandler
                0x0800434c                WWDG_IRQHandler
                0x0800434c                TIM2_IRQHandler
                0x0800434c                OTG_HS_IRQHandler
                0x0800434c                USART2_IRQHandler
                0x0800434c                I2C2_ER_IRQHandler
                0x0800434c                DMA2_Stream1_IRQHandler
                0x0800434c                CAN1_SCE_IRQHandler
                0x0800434c                FLASH_IRQHandler
                0x0800434c                DMA2_Stream4_IRQHandler
                0x0800434c                USART1_IRQHandler
                0x0800434c                SPI3_IRQHandler
                0x0800434c                DMA1_Stream4_IRQHandler
                0x0800434c                I2C1_ER_IRQHandler
                0x0800434c                DMA2_Stream6_IRQHandler
                0x0800434c                DMA1_Stream3_IRQHandler
 .text.IWDG_ReloadCounter
                0x08004360       0x1c ..\obj\stm32f4xx_iwdg.o
                0x08004360                IWDG_ReloadCounter
 .text.USBD_Init
                0x0800437c       0x56 ..\obj\usbd_core.o
                0x0800437c                USBD_Init
 .text.USBD_DeInit
                0x080043d2       0x16 ..\obj\usbd_core.o
                0x080043d2                USBD_DeInit
 .text.USBD_SetupStage
                0x080043e8       0x6c ..\obj\usbd_core.o
 .text.USBD_DataOutStage
                0x08004454       0xcc ..\obj\usbd_core.o
 .text.USBD_DataInStage
                0x08004520      0x11a ..\obj\usbd_core.o
 *fill*         0x0800463a        0x2 
 .text.USBD_RunTestMode
                0x0800463c       0x24 ..\obj\usbd_core.o
 .text.USBD_Reset
                0x08004660       0x42 ..\obj\usbd_core.o
 .text.USBD_Resume
                0x080046a2       0x30 ..\obj\usbd_core.o
 .text.USBD_Suspend
                0x080046d2       0x30 ..\obj\usbd_core.o
 .text.USBD_SOF
                0x08004702       0x2a ..\obj\usbd_core.o
 .text.USBD_SetCfg
                0x0800472c       0x30 ..\obj\usbd_core.o
                0x0800472c                USBD_SetCfg
 .text.USBD_ClrCfg
                0x0800475c       0x26 ..\obj\usbd_core.o
                0x0800475c                USBD_ClrCfg
 .text.USBD_IsoINIncomplete
                0x08004782       0x1e ..\obj\usbd_core.o
 .text.USBD_IsoOUTIncomplete
                0x080047a0       0x1e ..\obj\usbd_core.o
 *fill*         0x080047be        0x2 
 .text.pinInitAll
                0x080047c0      0x590 ..\obj\pinInit.o
                0x080047c0                pinInitAll
 .text.setGuiDisplayOffsets
                0x08004d50       0x60 ..\obj\gui.o
                0x08004d50                setGuiDisplayOffsets
 .text.prepareDisplayList
                0x08004db0       0x4c ..\obj\gui.o
                0x08004db0                prepareDisplayList
 .text.drawValue
                0x08004dfc       0x88 ..\obj\gui.o
                0x08004dfc                drawValue
 .text.drawLabel
                0x08004e84       0x44 ..\obj\gui.o
                0x08004e84                drawLabel
 .text.drawDynamicPageEntries
                0x08004ec8       0xc8 ..\obj\gui.o
                0x08004ec8                drawDynamicPageEntries
 .text.drawStaticPageEntries
                0x08004f90       0xe0 ..\obj\gui.o
                0x08004f90                drawStaticPageEntries
 .text.GUI_GetFloatFormatStr
                0x08005070       0x34 ..\obj\gui.o
                0x08005070                GUI_GetFloatFormatStr
 .text.GUI_LeftEdge
                0x080050a4       0x18 ..\obj\gui.o
                0x080050a4                GUI_LeftEdge
 .text.GUI_RightEdge
                0x080050bc       0x1c ..\obj\gui.o
                0x080050bc                GUI_RightEdge
 .text.GUI_HorizMiddle
                0x080050d8       0x12 ..\obj\gui.o
                0x080050d8                GUI_HorizMiddle
 *fill*         0x080050ea        0x2 
 .text.GUI_SetRefreshInternalInMs
                0x080050ec       0x24 ..\obj\gui.o
                0x080050ec                GUI_SetRefreshInternalInMs
 .text.GUI_IncrementIntervalCount
                0x08005110       0x24 ..\obj\gui.o
                0x08005110                GUI_IncrementIntervalCount
 .text.GUI_RefreshIntervalReached
                0x08005134       0x34 ..\obj\gui.o
                0x08005134                GUI_RefreshIntervalReached
 .text.GUI_AddEntry
                0x08005168       0xd8 ..\obj\gui.o
                0x08005168                GUI_AddEntry
 .text.GUI_AddDefaultEntry
                0x08005240       0x5e ..\obj\gui.o
                0x08005240                GUI_AddDefaultEntry
 .text.GUI_AddLabel
                0x0800529e       0x60 ..\obj\gui.o
                0x0800529e                GUI_AddLabel
 *fill*         0x080052fe        0x2 
 .text.GUI_AddValue
                0x08005300       0x6c ..\obj\gui.o
                0x08005300                GUI_AddValue
 .text.GUI_AddDefaultValue
                0x0800536c       0x64 ..\obj\gui.o
                0x0800536c                GUI_AddDefaultValue
 .text.GUI_SetupDefaultPageHeader
                0x080053d0       0x4a ..\obj\gui.o
                0x080053d0                GUI_SetupDefaultPageHeader
 *fill*         0x0800541a        0x2 
 .text.GUI_SelectThemeColors
                0x0800541c       0x84 ..\obj\gui.o
                0x0800541c                GUI_SelectThemeColors
 .text.GUI_GetCurrPage
                0x080054a0       0x18 ..\obj\gui.o
                0x080054a0                GUI_GetCurrPage
 .text.GUI_GetNextPage
                0x080054b8       0x18 ..\obj\gui.o
                0x080054b8                GUI_GetNextPage
 .text.GUI_SetNextPage
                0x080054d0       0x20 ..\obj\gui.o
                0x080054d0                GUI_SetNextPage
 .text.GUI_DrawPage
                0x080054f0       0x60 ..\obj\gui.o
                0x080054f0                GUI_DrawPage
 .text.GUI_RedrawCurrentPage
                0x08005550       0x18 ..\obj\gui.o
                0x08005550                GUI_RedrawCurrentPage
 .text.GUI_DrawJustDynamicValues
                0x08005568       0x20 ..\obj\gui.o
                0x08005568                GUI_DrawJustDynamicValues
 .text.getCurrentLedValue
                0x08005588      0x164 ..\obj\gui.o
                0x08005588                getCurrentLedValue
 .text.GUI_DrawFakeLeds
                0x080056ec      0x1a4 ..\obj\gui.o
                0x080056ec                GUI_DrawFakeLeds
 .text.GUI_SetFakeLedEnable
                0x08005890       0x20 ..\obj\gui.o
                0x08005890                GUI_SetFakeLedEnable
 .text.processGuiCommand
                0x080058b0      0x6a8 ..\obj\gui.o
                0x080058b0                processGuiCommand
 .text.GUI_CommandQueueFull
                0x08005f58       0x20 ..\obj\gui.o
                0x08005f58                GUI_CommandQueueFull
 .text.GUI_AddCommandToQueue
                0x08005f78       0x94 ..\obj\gui.o
                0x08005f78                GUI_AddCommandToQueue
 .text.GUI_ProcessCommandsFromQueue
                0x0800600c       0x94 ..\obj\gui.o
                0x0800600c                GUI_ProcessCommandsFromQueue
 .text.GUI_SetCmdDefaults
                0x080060a0       0x3c ..\obj\gui.o
                0x080060a0                GUI_SetCmdDefaults
 .text.GUI_Init
                0x080060dc       0x94 ..\obj\gui.o
                0x080060dc                GUI_Init
 .text.NVIC_SetPriority
                0x08006170       0x54 ..\obj\main.o
 .text.NVIC_SystemReset
                0x080061c4       0x28 ..\obj\main.o
 .text.SysTick_Config
                0x080061ec       0x44 ..\obj\main.o
 .text.getNextRasterValue
                0x08006230      0x214 ..\obj\main.o
                0x08006230                getNextRasterValue
 .text.processRasterStep
                0x08006444       0xec ..\obj\main.o
                0x08006444                processRasterStep
 .text.TIM1_UP_TIM10_IRQHandler
                0x08006530      0x374 ..\obj\main.o
                0x08006530                TIM1_UP_TIM10_IRQHandler
 .text.TIM1_BRK_TIM9_IRQHandler
                0x080068a4       0x3c ..\obj\main.o
                0x080068a4                TIM1_BRK_TIM9_IRQHandler
 .text.TIM1_TRG_COM_TIM11_IRQHandler
                0x080068e0       0x3c ..\obj\main.o
                0x080068e0                TIM1_TRG_COM_TIM11_IRQHandler
 .text.TIM3_IRQHandler
                0x0800691c       0x24 ..\obj\main.o
                0x0800691c                TIM3_IRQHandler
 .text.TIM4_IRQHandler
                0x08006940       0x24 ..\obj\main.o
                0x08006940                TIM4_IRQHandler
 .text.TIM5_IRQHandler
                0x08006964       0x44 ..\obj\main.o
                0x08006964                TIM5_IRQHandler
 .text.TIM6_DAC_IRQHandler
                0x080069a8       0xc4 ..\obj\main.o
                0x080069a8                TIM6_DAC_IRQHandler
 .text.TIM7_IRQHandler
                0x08006a6c       0x94 ..\obj\main.o
                0x08006a6c                TIM7_IRQHandler
 .text.TIM8_BRK_TIM12_IRQHandler
                0x08006b00       0x50 ..\obj\main.o
                0x08006b00                TIM8_BRK_TIM12_IRQHandler
 .text.TIM8_UP_TIM13_IRQHandler
                0x08006b50       0x3c ..\obj\main.o
                0x08006b50                TIM8_UP_TIM13_IRQHandler
 .text.TIM8_TRG_COM_TIM14_IRQHandler
                0x08006b8c       0x3c ..\obj\main.o
                0x08006b8c                TIM8_TRG_COM_TIM14_IRQHandler
 .text.USARTx_IRQHandler
                0x08006bc8       0xb0 ..\obj\main.o
                0x08006bc8                USARTx_IRQHandler
 .text.USART3_IRQHandler
                0x08006c78       0x14 ..\obj\main.o
                0x08006c78                USART3_IRQHandler
 .text.UART4_IRQHandler
                0x08006c8c       0x14 ..\obj\main.o
                0x08006c8c                UART4_IRQHandler
 .text.USART6_IRQHandler
                0x08006ca0       0x14 ..\obj\main.o
                0x08006ca0                USART6_IRQHandler
 .text.DisableEXTI
                0x08006cb4       0x48 ..\obj\main.o
                0x08006cb4                DisableEXTI
 .text.SetupEXTI
                0x08006cfc      0x478 ..\obj\main.o
                0x08006cfc                SetupEXTI
 .text.setTouchPositionToCurrentPosition
                0x08007174       0x44 ..\obj\main.o
                0x08007174                setTouchPositionToCurrentPosition
 .text.TouchProbeSendResults
                0x080071b8      0x440 ..\obj\main.o
                0x080071b8                TouchProbeSendResults
 .text.TouchProbeFinished
                0x080075f8       0xb4 ..\obj\main.o
                0x080075f8                TouchProbeFinished
 .text.TouchProbeProcessContact
                0x080076ac       0x1e ..\obj\main.o
                0x080076ac                TouchProbeProcessContact
 *fill*         0x080076ca        0x2 
 .text.EdgeTriggerDetected
                0x080076cc       0x2c ..\obj\main.o
                0x080076cc                EdgeTriggerDetected
 .text.EdgeTriggerSendResults
                0x080076f8       0x98 ..\obj\main.o
                0x080076f8                EdgeTriggerSendResults
 .text.Generic_EXTI_IRQHandler
                0x08007790       0x5c ..\obj\main.o
                0x08007790                Generic_EXTI_IRQHandler
 .text.EXTI0_IRQHandler
                0x080077ec        0xc ..\obj\main.o
                0x080077ec                EXTI0_IRQHandler
 .text.EXTI1_IRQHandler
                0x080077f8        0xc ..\obj\main.o
                0x080077f8                EXTI1_IRQHandler
 .text.EXTI2_IRQHandler
                0x08007804        0xc ..\obj\main.o
                0x08007804                EXTI2_IRQHandler
 .text.EXTI3_IRQHandler
                0x08007810        0xc ..\obj\main.o
                0x08007810                EXTI3_IRQHandler
 .text.EXTI4_IRQHandler
                0x0800781c        0xc ..\obj\main.o
                0x0800781c                EXTI4_IRQHandler
 .text.EXTI9_5_IRQHandler
                0x08007828        0xc ..\obj\main.o
                0x08007828                EXTI9_5_IRQHandler
 .text.EXTI15_10_IRQHandler
                0x08007834        0xc ..\obj\main.o
                0x08007834                EXTI15_10_IRQHandler
 .text.processEverySlice
                0x08007840       0x9c ..\obj\main.o
                0x08007840                processEverySlice
 .text.SysTick_Handler
                0x080078dc      0x138 ..\obj\main.o
                0x080078dc                SysTick_Handler
 .text.Crash_Handler
                0x08007a14       0x24 ..\obj\main.o
                0x08007a14                Crash_Handler
 .text.checkAndClearFlashStatus
                0x08007a38       0x84 ..\obj\main.o
                0x08007a38                checkAndClearFlashStatus
 .text.protectedIncrement
                0x08007abc       0x2e ..\obj\main.o
                0x08007abc                protectedIncrement
 .text.protectedDecrement
                0x08007aea       0x2e ..\obj\main.o
                0x08007aea                protectedDecrement
 .text.catastrophicError
                0x08007b18       0x28 ..\obj\main.o
                0x08007b18                catastrophicError
 .text.catastrophicErrorWithDebugInfo
                0x08007b40      0x1b0 ..\obj\main.o
                0x08007b40                catastrophicErrorWithDebugInfo
 .text.wait100ns
                0x08007cf0       0x24 ..\obj\main.o
                0x08007cf0                wait100ns
 .text.updateHssPwm
                0x08007d14       0x6c ..\obj\main.o
                0x08007d14                updateHssPwm
 .text.changeHssDuty
                0x08007d80       0x3c ..\obj\main.o
                0x08007d80                changeHssDuty
 .text.initHss  0x08007dbc       0x84 ..\obj\main.o
                0x08007dbc                initHss
 .text.initAllHss
                0x08007e40      0x10c ..\obj\main.o
                0x08007e40                initAllHss
 .text.HssControl
                0x08007f4c       0x88 ..\obj\main.o
                0x08007f4c                HssControl
 .text.DDLightSelection
                0x08007fd4      0x1c0 ..\obj\main.o
                0x08007fd4                DDLightSelection
 .text.convertToolNumberToDevice
                0x08008194       0x3c ..\obj\main.o
                0x08008194                convertToolNumberToDevice
 .text.CopyToEndOfLine
                0x080081d0       0xac ..\obj\main.o
                0x080081d0                CopyToEndOfLine
 .text.processEndofCommandChar
                0x0800827c       0x68 ..\obj\main.o
                0x0800827c                processEndofCommandChar
 .text.SplitCurrentGcodeLine2Arguments
                0x080082e4      0x564 ..\obj\main.o
                0x080082e4                SplitCurrentGcodeLine2Arguments
 .text.CleanUpPointers
                0x08008848       0x44 ..\obj\main.o
                0x08008848                CleanUpPointers
 .text.FillArgumentBuffer
                0x0800888c       0x40 ..\obj\main.o
                0x0800888c                FillArgumentBuffer
 .text.processArgs
                0x080088cc       0x74 ..\obj\main.o
                0x080088cc                processArgs
 .text.ResetGcodeParseBuffer
                0x08008940      0x12c ..\obj\main.o
                0x08008940                ResetGcodeParseBuffer
 .text.cmdQueIsEmpty
                0x08008a6c       0x20 ..\obj\main.o
                0x08008a6c                cmdQueIsEmpty
 .text.cmdQueIsFull
                0x08008a8c       0x20 ..\obj\main.o
                0x08008a8c                cmdQueIsFull
 .text.printSerialInputStreamError
                0x08008aac       0x54 ..\obj\main.o
                0x08008aac                printSerialInputStreamError
 .text.serialProcessor
                0x08008b00      0x160 ..\obj\main.o
                0x08008b00                serialProcessor
 .text.InvalidateAllCmdArgs
                0x08008c60       0xbc ..\obj\main.o
                0x08008c60                InvalidateAllCmdArgs
 .text.CommandProcessor
                0x08008d1c     0x1a34 ..\obj\main.o
                0x08008d1c                CommandProcessor
 .text.EchoBackCommentString
                0x0800a750       0x3c ..\obj\main.o
                0x0800a750                EchoBackCommentString
 .text.getNextCommandIndex
                0x0800a78c       0x26 ..\obj\main.o
                0x0800a78c                getNextCommandIndex
 .text.getNextDeferredCommandIndex
                0x0800a7b2       0x26 ..\obj\main.o
                0x0800a7b2                getNextDeferredCommandIndex
 .text.ContinueToNextStep
                0x0800a7d8       0x24 ..\obj\main.o
                0x0800a7d8                ContinueToNextStep
 .text.AddCommandToQue
                0x0800a7fc       0xc0 ..\obj\main.o
                0x0800a7fc                AddCommandToQue
 .text.resetVariableOnJobEnd
                0x0800a8bc       0xd4 ..\obj\main.o
                0x0800a8bc                resetVariableOnJobEnd
 .text.initGCodeSequenceEngine
                0x0800a990      0x4e0 ..\obj\main.o
                0x0800a990                initGCodeSequenceEngine
 .text.setDrillTapMotorArgs
                0x0800ae70       0xc0 ..\obj\main.o
                0x0800ae70                setDrillTapMotorArgs
 .text.puff     0x0800af30       0x18 ..\obj\main.o
                0x0800af30                puff
 .text.processCannedCycle
                0x0800af48      0x454 ..\obj\main.o
                0x0800af48                processCannedCycle
 .text.deferredCmdQueueFull
                0x0800b39c       0x20 ..\obj\main.o
                0x0800b39c                deferredCmdQueueFull
 .text.copyCmdQueEntryToDeferredCmdQue
                0x0800b3bc       0x94 ..\obj\main.o
                0x0800b3bc                copyCmdQueEntryToDeferredCmdQue
 .text.processNextDeferredCommand
                0x0800b450       0xe4 ..\obj\main.o
                0x0800b450                processNextDeferredCommand
 .text.checkForCompletedAbort
                0x0800b534      0x1a4 ..\obj\main.o
                0x0800b534                checkForCompletedAbort
 .text.setPauseGcodeFlag
                0x0800b6d8       0x4c ..\obj\main.o
                0x0800b6d8                setPauseGcodeFlag
 .text.ResetProcess
                0x0800b724      0x148 ..\obj\main.o
                0x0800b724                ResetProcess
 .text.DwellTimer
                0x0800b86c       0x24 ..\obj\main.o
                0x0800b86c                DwellTimer
 .text.updateHostConnectionWatchDog
                0x0800b890       0x30 ..\obj\main.o
                0x0800b890                updateHostConnectionWatchDog
 .text.SequenceEngine
                0x0800b8c0      0x3c4 ..\obj\main.o
                0x0800b8c0                SequenceEngine
 .text.processCommand
                0x0800bc84     0x1814 ..\obj\main.o
                0x0800bc84                processCommand
 .text.getSliceCnt
                0x0800d498       0x18 ..\obj\main.o
                0x0800d498                getSliceCnt
 .text.pingReply
                0x0800d4b0       0x2c ..\obj\main.o
                0x0800d4b0                pingReply
 .text.getCurrentExecutingLineNumber
                0x0800d4dc       0x44 ..\obj\main.o
                0x0800d4dc                getCurrentExecutingLineNumber
 .text.ReportXYZLocation
                0x0800d520      0x23c ..\obj\main.o
                0x0800d520                ReportXYZLocation
 .text.spare    0x0800d75c        0xe ..\obj\main.o
                0x0800d75c                spare
 .text.ohNoMrBill
                0x0800d76a        0xe ..\obj\main.o
                0x0800d76a                ohNoMrBill
 .text.heartbeat
                0x0800d778       0x40 ..\obj\main.o
                0x0800d778                heartbeat
 .text.checkInWithHeads
                0x0800d7b8        0xe ..\obj\main.o
                0x0800d7b8                checkInWithHeads
 *fill*         0x0800d7c6        0x2 
 .text.checkBlockingWaits
                0x0800d7c8      0x284 ..\obj\main.o
                0x0800d7c8                checkBlockingWaits
 .text.loop_1000Hz_simple_work
                0x0800da4c      0x12c ..\obj\main.o
                0x0800da4c                loop_1000Hz_simple_work
 .text.loop_100Hz_simple_work
                0x0800db78      0x224 ..\obj\main.o
                0x0800db78                loop_100Hz_simple_work
 .text.loop_10Hz_simple_work
                0x0800dd9c      0x160 ..\obj\main.o
                0x0800dd9c                loop_10Hz_simple_work
 .text.loop_1Hz_simple_work
                0x0800defc      0x12c ..\obj\main.o
                0x0800defc                loop_1Hz_simple_work
 .text.almostTheSameByPct
                0x0800e028       0x4a ..\obj\main.o
                0x0800e028                almostTheSameByPct
 .text.almostTheSameByDelta
                0x0800e072       0x42 ..\obj\main.o
                0x0800e072                almostTheSameByDelta
 .text.notAlmostTheSameByDelta
                0x0800e0b4       0x4a ..\obj\main.o
                0x0800e0b4                notAlmostTheSameByDelta
 *fill*         0x0800e0fe        0x2 
 .text.anyAxisNeedingToBeHomed
                0x0800e100       0x58 ..\obj\main.o
                0x0800e100                anyAxisNeedingToBeHomed
 .text.requireAllAxesToHome
                0x0800e158       0x60 ..\obj\main.o
                0x0800e158                requireAllAxesToHome
 .text.assertControlBit
                0x0800e1b8       0x46 ..\obj\main.o
                0x0800e1b8                assertControlBit
 .text.deassertControlBit
                0x0800e1fe       0x46 ..\obj\main.o
                0x0800e1fe                deassertControlBit
 .text.readControlBitValue
                0x0800e244       0x2a ..\obj\main.o
                0x0800e244                readControlBitValue
 .text.readControlBitState
                0x0800e26e       0x56 ..\obj\main.o
                0x0800e26e                readControlBitState
 .text.outputDirectionBit
                0x0800e2c4       0x82 ..\obj\main.o
                0x0800e2c4                outputDirectionBit
 .text.readDirectionBitValue
                0x0800e346       0x2a ..\obj\main.o
                0x0800e346                readDirectionBitValue
 .text.readDirectionBitState
                0x0800e370       0x4a ..\obj\main.o
                0x0800e370                readDirectionBitState
 .text.readSensorBitValue
                0x0800e3ba       0x2a ..\obj\main.o
                0x0800e3ba                readSensorBitValue
 .text.readSensorBitState
                0x0800e3e4       0x56 ..\obj\main.o
                0x0800e3e4                readSensorBitState
 .text.sensorEnabledAndTripped
                0x0800e43a       0x30 ..\obj\main.o
                0x0800e43a                sensorEnabledAndTripped
 .text.initSensor
                0x0800e46a       0xc0 ..\obj\main.o
                0x0800e46a                initSensor
 .text.setSensorStateToUnknown
                0x0800e52a       0x3a ..\obj\main.o
                0x0800e52a                setSensorStateToUnknown
 .text.updateSensorHistoryIfEnabledWithoutIrq
                0x0800e564       0x4a ..\obj\main.o
                0x0800e564                updateSensorHistoryIfEnabledWithoutIrq
 .text.readDebouncedSensorState
                0x0800e5ae       0xd4 ..\obj\main.o
                0x0800e5ae                readDebouncedSensorState
 .text.fastReadDebouncedSensorState
                0x0800e682       0x72 ..\obj\main.o
                0x0800e682                fastReadDebouncedSensorState
 .text.setSensorEnable
                0x0800e6f4       0x2e ..\obj\main.o
                0x0800e6f4                setSensorEnable
 .text.setSensorPolarityAndEnable
                0x0800e722       0x78 ..\obj\main.o
                0x0800e722                setSensorPolarityAndEnable
 *fill*         0x0800e79a        0x2 
 .text.checkStartButton
                0x0800e79c       0x8c ..\obj\main.o
                0x0800e79c                checkStartButton
 .text.checkABEncoderSelectButton
                0x0800e828       0x44 ..\obj\main.o
                0x0800e828                checkABEncoderSelectButton
 .text.sendEmoMessage
                0x0800e86c       0xdc ..\obj\main.o
                0x0800e86c                sendEmoMessage
 .text.checkEMO
                0x0800e948       0xc4 ..\obj\main.o
                0x0800e948                checkEMO
 .text.getMotorSensorPtr
                0x0800ea0c       0x40 ..\obj\main.o
                0x0800ea0c                getMotorSensorPtr
 .text.checkMotorSensor
                0x0800ea4c      0x2dc ..\obj\main.o
                0x0800ea4c                checkMotorSensor
 .text.checkMotorFaultSensor
                0x0800ed28       0x1c ..\obj\main.o
                0x0800ed28                checkMotorFaultSensor
 .text.checkMotorLimit1Sensor
                0x0800ed44       0x24 ..\obj\main.o
                0x0800ed44                checkMotorLimit1Sensor
 .text.checkMotorLimit2Sensor
                0x0800ed68       0x64 ..\obj\main.o
                0x0800ed68                checkMotorLimit2Sensor
 .text.readInputs
                0x0800edcc       0x14 ..\obj\main.o
                0x0800edcc                readInputs
 .text.InitializeFixtureOffsets
                0x0800ede0       0x50 ..\obj\main.o
                0x0800ede0                InitializeFixtureOffsets
 .text.SetAxisHomePosition
                0x0800ee30       0x58 ..\obj\main.o
                0x0800ee30                SetAxisHomePosition
 .text.SetAllAxisHomePosition
                0x0800ee88       0x54 ..\obj\main.o
                0x0800ee88                SetAllAxisHomePosition
 .text.ProcessG28MultipassHoming
                0x0800eedc      0x3a4 ..\obj\main.o
                0x0800eedc                ProcessG28MultipassHoming
 .text.sendAxisHomedStatus
                0x0800f280       0x60 ..\obj\main.o
                0x0800f280                sendAxisHomedStatus
 .text.sendAllAxisHomedStatus
                0x0800f2e0        0xe ..\obj\main.o
                0x0800f2e0                sendAllAxisHomedStatus
 *fill*         0x0800f2ee        0x2 
 .text.getUIDString
                0x0800f2f0       0x88 ..\obj\main.o
                0x0800f2f0                getUIDString
 .text.sendFakeM687CompleteCode
                0x0800f378       0x44 ..\obj\main.o
                0x0800f378                sendFakeM687CompleteCode
 .text.sendRevisionString
                0x0800f3bc      0x1fc ..\obj\main.o
                0x0800f3bc                sendRevisionString
 .text.rebootingFromCrash
                0x0800f5b8       0x28 ..\obj\main.o
                0x0800f5b8                rebootingFromCrash
 .text.setResetSouceStr
                0x0800f5e0      0x260 ..\obj\main.o
                0x0800f5e0                setResetSouceStr
 .text.Reset_Handler
                0x0800f840       0x80 ..\obj\main.o
                0x0800f840                Reset_Handler
 .text.wiggleDebugIO
                0x0800f8c0       0x14 ..\obj\main.o
                0x0800f8c0                wiggleDebugIO
 .text.executeAnySpecialDebugStartCode
                0x0800f8d4        0xe ..\obj\main.o
                0x0800f8d4                executeAnySpecialDebugStartCode
 *fill*         0x0800f8e2        0x2 
 .text.main     0x0800f8e4      0x18c ..\obj\main.o
                0x0800f8e4                main
 .text.RCC_GetClocksFreq
                0x0800fa70      0x150 ..\obj\stm32f4xx_rcc.o
                0x0800fa70                RCC_GetClocksFreq
 .text.RCC_AHB1PeriphClockCmd
                0x0800fbc0       0x40 ..\obj\stm32f4xx_rcc.o
                0x0800fbc0                RCC_AHB1PeriphClockCmd
 .text.RCC_AHB2PeriphClockCmd
                0x0800fc00       0x40 ..\obj\stm32f4xx_rcc.o
                0x0800fc00                RCC_AHB2PeriphClockCmd
 .text.RCC_APB1PeriphClockCmd
                0x0800fc40       0x40 ..\obj\stm32f4xx_rcc.o
                0x0800fc40                RCC_APB1PeriphClockCmd
 .text.RCC_APB2PeriphClockCmd
                0x0800fc80       0x40 ..\obj\stm32f4xx_rcc.o
                0x0800fc80                RCC_APB2PeriphClockCmd
 .text.RCC_AHB1PeriphResetCmd
                0x0800fcc0       0x40 ..\obj\stm32f4xx_rcc.o
                0x0800fcc0                RCC_AHB1PeriphResetCmd
 .text.RCC_APB1PeriphResetCmd
                0x0800fd00       0x40 ..\obj\stm32f4xx_rcc.o
                0x0800fd00                RCC_APB1PeriphResetCmd
 .text.RCC_GetFlagStatus
                0x0800fd40       0x74 ..\obj\stm32f4xx_rcc.o
                0x0800fd40                RCC_GetFlagStatus
 .text.RCC_ClearFlag
                0x0800fdb4       0x20 ..\obj\stm32f4xx_rcc.o
                0x0800fdb4                RCC_ClearFlag
 .text.NMI_Handler
                0x0800fdd4       0x14 ..\obj\stm32f4xx_it.o
                0x0800fdd4                NMI_Handler
 .text.HardFault_Handler
                0x0800fde8       0x14 ..\obj\stm32f4xx_it.o
                0x0800fde8                HardFault_Handler
 .text.MemManage_Handler
                0x0800fdfc       0x14 ..\obj\stm32f4xx_it.o
                0x0800fdfc                MemManage_Handler
 .text.BusFault_Handler
                0x0800fe10       0x14 ..\obj\stm32f4xx_it.o
                0x0800fe10                BusFault_Handler
 .text.UsageFault_Handler
                0x0800fe24       0x14 ..\obj\stm32f4xx_it.o
                0x0800fe24                UsageFault_Handler
 .text.SVC_Handler
                0x0800fe38       0x14 ..\obj\stm32f4xx_it.o
                0x0800fe38                SVC_Handler
 .text.DebugMon_Handler
                0x0800fe4c        0xe ..\obj\stm32f4xx_it.o
                0x0800fe4c                DebugMon_Handler
 .text.PendSV_Handler
                0x0800fe5a        0xe ..\obj\stm32f4xx_it.o
                0x0800fe5a                PendSV_Handler
 .text.getArgFraction
                0x0800fe68       0x42 ..\obj\GCode.o
                0x0800fe68                getArgFraction
 *fill*         0x0800feaa        0x2 
 .text.ReportUnknownFractionalGcode
                0x0800feac       0x50 ..\obj\GCode.o
                0x0800feac                ReportUnknownFractionalGcode
 .text.ReportGcodeError
                0x0800fefc       0x44 ..\obj\GCode.o
                0x0800fefc                ReportGcodeError
 .text.ReportInvalidGcodeArg
                0x0800ff40       0x64 ..\obj\GCode.o
                0x0800ff40                ReportInvalidGcodeArg
 .text.ReportMissingGcodeArg
                0x0800ffa4       0x44 ..\obj\GCode.o
                0x0800ffa4                ReportMissingGcodeArg
 .text.ReportMissingGcodeDArg
                0x0800ffe8       0x14 ..\obj\GCode.o
                0x0800ffe8                ReportMissingGcodeDArg
 .text.ReportMissingGcodeLArg
                0x0800fffc       0x14 ..\obj\GCode.o
                0x0800fffc                ReportMissingGcodeLArg
 .text.ReportMissingGcodePArg
                0x08010010       0x14 ..\obj\GCode.o
                0x08010010                ReportMissingGcodePArg
 .text.ReportMissingGcodeRArg
                0x08010024       0x14 ..\obj\GCode.o
                0x08010024                ReportMissingGcodeRArg
 .text.ReportMissingGcodeTArg
                0x08010038       0x14 ..\obj\GCode.o
                0x08010038                ReportMissingGcodeTArg
 .text.ReportMissingGcodePLArg
                0x0801004c       0x14 ..\obj\GCode.o
                0x0801004c                ReportMissingGcodePLArg
 .text.ReportInvalidGcodeEArg
                0x08010060       0x24 ..\obj\GCode.o
                0x08010060                ReportInvalidGcodeEArg
 .text.ReportInvalidGcodeHArg
                0x08010084       0x24 ..\obj\GCode.o
                0x08010084                ReportInvalidGcodeHArg
 .text.ReportInvalidGcodePArg
                0x080100a8       0x24 ..\obj\GCode.o
                0x080100a8                ReportInvalidGcodePArg
 .text.ReportInvalidGcodeSArg
                0x080100cc       0x24 ..\obj\GCode.o
                0x080100cc                ReportInvalidGcodeSArg
 .text.getMotorArg
                0x080100f0       0x2c ..\obj\GCode.o
                0x080100f0                getMotorArg
 .text.getMotorArgInMM
                0x0801011c       0x38 ..\obj\GCode.o
                0x0801011c                getMotorArgInMM
 .text.getMotorArgInDeg
                0x08010154       0x38 ..\obj\GCode.o
                0x08010154                getMotorArgInDeg
 .text.getMotorArgInNativeUnits
                0x0801018c       0x30 ..\obj\GCode.o
                0x0801018c                getMotorArgInNativeUnits
 .text.setMotorArg
                0x080101bc       0x2c ..\obj\GCode.o
                0x080101bc                setMotorArg
 .text.setMotorArgInMM
                0x080101e8       0x3c ..\obj\GCode.o
                0x080101e8                setMotorArgInMM
 .text.setMotorArgInDeg
                0x08010224       0x3c ..\obj\GCode.o
                0x08010224                setMotorArgInDeg
 .text.setMotorArgInNativeUnits
                0x08010260       0x32 ..\obj\GCode.o
                0x08010260                setMotorArgInNativeUnits
 *fill*         0x08010292        0x2 
 .text.setAllMotorArg
                0x08010294       0x40 ..\obj\GCode.o
                0x08010294                setAllMotorArg
 .text.convertArgFromMM
                0x080102d4       0x2c ..\obj\GCode.o
                0x080102d4                convertArgFromMM
 .text.convertArgToMM
                0x08010300       0x2c ..\obj\GCode.o
                0x08010300                convertArgToMM
 .text.motorArgPresent
                0x0801032c       0x34 ..\obj\GCode.o
                0x0801032c                motorArgPresent
 .text.motorArgNegativeOrZero
                0x08010360       0x2a ..\obj\GCode.o
                0x08010360                motorArgNegativeOrZero
 *fill*         0x0801038a        0x2 
 .text.getDeltaAxisValueInInputUnits
                0x0801038c       0xa8 ..\obj\GCode.o
                0x0801038c                getDeltaAxisValueInInputUnits
 .text.getDeltaEValueInInputUnits
                0x08010434       0x6c ..\obj\GCode.o
                0x08010434                getDeltaEValueInInputUnits
 .text.assignPoint
                0x080104a0       0x32 ..\obj\GCode.o
                0x080104a0                assignPoint
 .text.copyPoint
                0x080104d2       0x2e ..\obj\GCode.o
                0x080104d2                copyPoint
 .text.addPoints
                0x08010500       0x5a ..\obj\GCode.o
                0x08010500                addPoints
 .text.pointsAreTheSame
                0x0801055a       0x84 ..\obj\GCode.o
                0x0801055a                pointsAreTheSame
 .text.vectorsAreTheSame
                0x080105de       0xa6 ..\obj\GCode.o
                0x080105de                vectorsAreTheSame
 .text.getVectorMagnitude
                0x08010684       0x56 ..\obj\GCode.o
                0x08010684                getVectorMagnitude
 .text.normalizeVector
                0x080106da       0x94 ..\obj\GCode.o
                0x080106da                normalizeVector
 .text.assignVector
                0x0801076e       0x50 ..\obj\GCode.o
                0x0801076e                assignVector
 .text.assignVector2Pts
                0x080107be       0x76 ..\obj\GCode.o
                0x080107be                assignVector2Pts
 .text.scaleVector
                0x08010834       0x64 ..\obj\GCode.o
                0x08010834                scaleVector
 .text.dotProduct
                0x08010898       0x50 ..\obj\GCode.o
                0x08010898                dotProduct
 .text.crossProduct
                0x080108e8       0xa4 ..\obj\GCode.o
                0x080108e8                crossProduct
 .text.initArcStruct
                0x0801098c       0x2c ..\obj\GCode.o
                0x0801098c                initArcStruct
 .text.sprintfPoint
                0x080109b8       0x5c ..\obj\GCode.o
                0x080109b8                sprintfPoint
 .text.sprintfVector
                0x08010a14       0x70 ..\obj\GCode.o
                0x08010a14                sprintfVector
 .text.printVector
                0x08010a84       0x78 ..\obj\GCode.o
                0x08010a84                printVector
 .text.printExecutionPtrXYZ
                0x08010afc       0xb0 ..\obj\GCode.o
                0x08010afc                printExecutionPtrXYZ
 .text.G_Code_G0_0
                0x08010bac       0x40 ..\obj\GCode.o
                0x08010bac                G_Code_G0_0
 .text.checkG0JogArgumentsOkay
                0x08010bec      0x438 ..\obj\GCode.o
                0x08010bec                checkG0JogArgumentsOkay
 .text.G_Code_G0_1
                0x08011024       0x34 ..\obj\GCode.o
                0x08011024                G_Code_G0_1
 .text.G_Code_G0_2
                0x08011058       0x3e ..\obj\GCode.o
                0x08011058                G_Code_G0_2
 .text.G_Code_G0_3
                0x08011096       0x3e ..\obj\GCode.o
                0x08011096                G_Code_G0_3
 .text.G_Code_G0
                0x080110d4       0x58 ..\obj\GCode.o
                0x080110d4                G_Code_G0
 .text.G_Code_G1_0
                0x0801112c       0x18 ..\obj\GCode.o
                0x0801112c                G_Code_G1_0
 .text.G_Code_G1_1
                0x08011144      0x424 ..\obj\GCode.o
                0x08011144                G_Code_G1_1
 .text.G_Code_G1
                0x08011568       0x3c ..\obj\GCode.o
                0x08011568                G_Code_G1
 .text.ExecuteArcPointMove
                0x080115a4      0x384 ..\obj\GCode.o
                0x080115a4                ExecuteArcPointMove
 .text.ExecuteG2G3PointMove
                0x08011928      0x3f4 ..\obj\GCode.o
                0x08011928                ExecuteG2G3PointMove
 .text.sendZBackToSpiralStartPosition
                0x08011d1c       0x58 ..\obj\GCode.o
                0x08011d1c                sendZBackToSpiralStartPosition
 .text.checkG2G3Errors
                0x08011d74      0x4e8 ..\obj\GCode.o
                0x08011d74                checkG2G3Errors
 *fill*         0x0801225c        0x4 
 .text.ProcessG2_3G3_3Command
                0x08012260      0xfa0 ..\obj\GCode.o
                0x08012260                ProcessG2_3G3_3Command
 .text.ProcessG2_2G3_2Command
                0x08013200      0x7bc ..\obj\GCode.o
                0x08013200                ProcessG2_2G3_2Command
 .text.ProcessG2_1G3_1Command
                0x080139bc      0x934 ..\obj\GCode.o
                0x080139bc                ProcessG2_1G3_1Command
 .text.frogToeCircle
                0x080142f0      0x1f4 ..\obj\GCode.o
                0x080142f0                frogToeCircle
 .text.ProcessG2G3Command
                0x080144e4      0x76c ..\obj\GCode.o
                0x080144e4                ProcessG2G3Command
 .text.G_Code_G2
                0x08014c50       0x78 ..\obj\GCode.o
                0x08014c50                G_Code_G2
 .text.G_Code_G3
                0x08014cc8       0x78 ..\obj\GCode.o
                0x08014cc8                G_Code_G3
 .text.G_Code_G4
                0x08014d40       0x9c ..\obj\GCode.o
                0x08014d40                G_Code_G4
 .text.setUpBoringCycle
                0x08014ddc      0x14c ..\obj\GCode.o
                0x08014ddc                setUpBoringCycle
 .text.G_Code_G12
                0x08014f28      0x470 ..\obj\GCode.o
                0x08014f28                G_Code_G12
 .text.G_Code_G13
                0x08015398      0x470 ..\obj\GCode.o
                0x08015398                G_Code_G13
 .text.setupArcMove
                0x08015808      0x2b4 ..\obj\GCode.o
                0x08015808                setupArcMove
 .text.StartFinalReturnToCenterArc
                0x08015abc       0xcc ..\obj\GCode.o
                0x08015abc                StartFinalReturnToCenterArc
 .text.StartMainFinishCircle
                0x08015b88       0xbc ..\obj\GCode.o
                0x08015b88                StartMainFinishCircle
 .text.StartMainFinishCircleSpiral
                0x08015c44        0xe ..\obj\GCode.o
                0x08015c44                StartMainFinishCircleSpiral
 *fill*         0x08015c52        0x2 
 .text.startMainRoughCircle
                0x08015c54      0x190 ..\obj\GCode.o
                0x08015c54                startMainRoughCircle
 .text.StartNextArcForPocketMill
                0x08015de4        0xe ..\obj\GCode.o
                0x08015de4                StartNextArcForPocketMill
 *fill*         0x08015df2        0x2 
 .text.G_Code_G16
                0x08015df4       0x1c ..\obj\GCode.o
                0x08015df4                G_Code_G16
 .text.G_Code_G17
                0x08015e10       0x1c ..\obj\GCode.o
                0x08015e10                G_Code_G17
 .text.G_Code_G18
                0x08015e2c       0x1c ..\obj\GCode.o
                0x08015e2c                G_Code_G18
 .text.G_Code_G19
                0x08015e48       0x1c ..\obj\GCode.o
                0x08015e48                G_Code_G19
 .text.G_Code_G20
                0x08015e64       0x30 ..\obj\GCode.o
                0x08015e64                G_Code_G20
 .text.G_Code_G21
                0x08015e94       0x28 ..\obj\GCode.o
                0x08015e94                G_Code_G21
 .text.G_Code_G28_0
                0x08015ebc       0x30 ..\obj\GCode.o
                0x08015ebc                G_Code_G28_0
 .text.G_Code_G28_1
                0x08015eec      0x25c ..\obj\GCode.o
                0x08015eec                G_Code_G28_1
 .text.G_Code_G28
                0x08016148       0x3c ..\obj\GCode.o
                0x08016148                G_Code_G28
 .text.G_Code_G928
                0x08016184       0xe4 ..\obj\GCode.o
                0x08016184                G_Code_G928
 .text.G_Code_G29
                0x08016268        0xe ..\obj\GCode.o
                0x08016268                G_Code_G29
 *fill*         0x08016276        0x2 
 .text.startProbingMove
                0x08016278       0x54 ..\obj\GCode.o
                0x08016278                startProbingMove
 .text.G_Code_G38
                0x080162cc      0x1f4 ..\obj\GCode.o
                0x080162cc                G_Code_G38
 .text.G_Code_G53
                0x080164c0       0x18 ..\obj\GCode.o
                0x080164c0                G_Code_G53
 .text.G_Code_G54
                0x080164d8       0x1c ..\obj\GCode.o
                0x080164d8                G_Code_G54
 .text.G_Code_G55
                0x080164f4       0x1c ..\obj\GCode.o
                0x080164f4                G_Code_G55
 .text.G_Code_G56
                0x08016510       0x1c ..\obj\GCode.o
                0x08016510                G_Code_G56
 .text.G_Code_G57
                0x0801652c       0x1c ..\obj\GCode.o
                0x0801652c                G_Code_G57
 .text.G_Code_G58
                0x08016548       0x1c ..\obj\GCode.o
                0x08016548                G_Code_G58
 .text.G_Code_G59
                0x08016564       0x1c ..\obj\GCode.o
                0x08016564                G_Code_G59
 .text.SetFixtureOffset
                0x08016580       0x64 ..\obj\GCode.o
                0x08016580                SetFixtureOffset
 .text.G_Code_G70
                0x080165e4       0x18 ..\obj\GCode.o
                0x080165e4                G_Code_G70
 .text.G_Code_G71
                0x080165fc       0x18 ..\obj\GCode.o
                0x080165fc                G_Code_G71
 .text.G_Code_G73
                0x08016614       0x1c ..\obj\GCode.o
                0x08016614                G_Code_G73
 .text.G_Code_G74
                0x08016630       0x18 ..\obj\GCode.o
                0x08016630                G_Code_G74
 .text.G_Code_G76
                0x08016648       0x18 ..\obj\GCode.o
                0x08016648                G_Code_G76
 .text.G_Code_G77
                0x08016660       0x18 ..\obj\GCode.o
                0x08016660                G_Code_G77
 .text.KillCannedCycle
                0x08016678       0x9c ..\obj\GCode.o
                0x08016678                KillCannedCycle
 .text.G_Code_G80
                0x08016714        0xc ..\obj\GCode.o
                0x08016714                G_Code_G80
 .text.setupDrillCycleParameters
                0x08016720      0x2a4 ..\obj\GCode.o
                0x08016720                setupDrillCycleParameters
 .text.validateThreadPitch
                0x080169c4       0x58 ..\obj\GCode.o
                0x080169c4                validateThreadPitch
 .text.setupDrillTapCannedCycleVersion1
                0x08016a1c      0x25c ..\obj\GCode.o
                0x08016a1c                setupDrillTapCannedCycleVersion1
 .text.setupDrillTapCannedCycleVersion0
                0x08016c78      0x2a8 ..\obj\GCode.o
                0x08016c78                setupDrillTapCannedCycleVersion0
 .text.setupDrillTapCannedCycle
                0x08016f20      0x174 ..\obj\GCode.o
                0x08016f20                setupDrillTapCannedCycle
 .text.G_Code_G81
                0x08017094       0x1c ..\obj\GCode.o
                0x08017094                G_Code_G81
 .text.G_Code_G82
                0x080170b0       0x1c ..\obj\GCode.o
                0x080170b0                G_Code_G82
 .text.G_Code_G83
                0x080170cc       0x1c ..\obj\GCode.o
                0x080170cc                G_Code_G83
 .text.G_Code_G84
                0x080170e8       0x1c ..\obj\GCode.o
                0x080170e8                G_Code_G84
 .text.G_Code_G85
                0x08017104       0x18 ..\obj\GCode.o
                0x08017104                G_Code_G85
 .text.G_Code_G90
                0x0801711c       0x18 ..\obj\GCode.o
                0x0801711c                G_Code_G90
 .text.G_Code_G91
                0x08017134       0x18 ..\obj\GCode.o
                0x08017134                G_Code_G91
 .text.G_Code_G92
                0x0801714c      0x134 ..\obj\GCode.o
                0x0801714c                G_Code_G92
 .text.G_Code_G93
                0x08017280        0xc ..\obj\GCode.o
                0x08017280                G_Code_G93
 .text.G_Code_G214
                0x0801728c       0x14 ..\obj\GCode.o
                0x0801728c                G_Code_G214
 .text.G_Code_G215
                0x080172a0       0x14 ..\obj\GCode.o
                0x080172a0                G_Code_G215
 .text.initCylStruct
                0x080172b4       0x18 ..\obj\GCode.o
                0x080172b4                initCylStruct
 .text.G702_getMoveVector
                0x080172cc      0x234 ..\obj\GCode.o
                0x080172cc                G702_getMoveVector
 .text.makeOdd  0x08017500       0x3e ..\obj\GCode.o
                0x08017500                makeOdd
 *fill*         0x0801753e        0x2 
 .text.determineCircumferenceBasedOnZ
                0x08017540       0x44 ..\obj\GCode.o
                0x08017540                determineCircumferenceBasedOnZ
 .text.loadExecutionPtrGXYZRotE
                0x08017584      0x190 ..\obj\GCode.o
                0x08017584                loadExecutionPtrGXYZRotE
 .text.ProcessG702CylinderPrint
                0x08017714      0x348 ..\obj\GCode.o
                0x08017714                ProcessG702CylinderPrint
 .text.G_Code_G702_1
                0x08017a5c      0x170 ..\obj\GCode.o
                0x08017a5c                G_Code_G702_1
 .text.cylChangeDir
                0x08017bcc       0x30 ..\obj\GCode.o
                0x08017bcc                cylChangeDir
 .text.G_Code_G702_0
                0x08017bfc      0xdbc ..\obj\GCode.o
                0x08017bfc                G_Code_G702_0
 .text.G_Code_G702
                0x080189b8       0x4c ..\obj\GCode.o
                0x080189b8                G_Code_G702
 .text.display_Init
                0x08018a04       0x60 ..\obj\display.o
                0x08018a04                display_Init
 .text.getSensorValueChar
                0x08018a64       0x36 ..\obj\display.o
                0x08018a64                getSensorValueChar
 .text.getSensorStateChar
                0x08018a9a       0x48 ..\obj\display.o
                0x08018a9a                getSensorStateChar
 *fill*         0x08018ae2        0x2 
 .text.getNthDevicePositionString
                0x08018ae4       0x40 ..\obj\display.o
                0x08018ae4                getNthDevicePositionString
 .text.getNthDeviceTypeString
                0x08018b24       0x48 ..\obj\display.o
                0x08018b24                getNthDeviceTypeString
 .text.getAnyAxisNeedingToBeHomedStr
                0x08018b6c       0x74 ..\obj\display.o
                0x08018b6c                getAnyAxisNeedingToBeHomedStr
 .text.display_getStringForIndexedValue
                0x08018be0      0x648 ..\obj\display.o
                0x08018be0                display_getStringForIndexedValue
 .text.initShowControl
                0x08019228      0x2b0 ..\obj\display.o
                0x08019228                initShowControl
 .text.initShowHeadList
                0x080194d8       0xe0 ..\obj\display.o
                0x080194d8                initShowHeadList
 .text.initShowPinsPage
                0x080195b8      0x6d0 ..\obj\display.o
                0x080195b8                initShowPinsPage
 .text.initDefaultPage
                0x08019c88      0x2b8 ..\obj\display.o
                0x08019c88                initDefaultPage
 .text.display_initializePage
                0x08019f40       0x68 ..\obj\display.o
                0x08019f40                display_initializePage
 .text.display_showSplashScreen
                0x08019fa8      0x154 ..\obj\display.o
                0x08019fa8                display_showSplashScreen
 .text.calculateChecksum32
                0x0801a0fc       0x50 ..\obj\hyrel_can.o
                0x0801a0fc                calculateChecksum32
 .text.canIsValidAlias
                0x0801a14c       0x70 ..\obj\hyrel_can.o
                0x0801a14c                canIsValidAlias
 .text.canMsgIdToNumBytes
                0x0801a1bc      0x174 ..\obj\hyrel_can.o
                0x0801a1bc                canMsgIdToNumBytes
 .text.canCheckCanStruct
                0x0801a330       0xb8 ..\obj\hyrel_can.o
                0x0801a330                canCheckCanStruct
 .text.canTransmitOpenMailbox
                0x0801a3e8       0x44 ..\obj\hyrel_can.o
                0x0801a3e8                canTransmitOpenMailbox
 .text.canTransmit
                0x0801a42c      0x1e0 ..\obj\hyrel_can.o
                0x0801a42c                canTransmit
 .text.canTransmitSwPacket
                0x0801a60c       0xb0 ..\obj\hyrel_can.o
                0x0801a60c                canTransmitSwPacket
 .text.updateTxQueueIndices
                0x0801a6bc       0x60 ..\obj\hyrel_can.o
                0x0801a6bc                updateTxQueueIndices
 .text.checkForCanTransmitErrors
                0x0801a71c      0x11c ..\obj\hyrel_can.o
                0x0801a71c                checkForCanTransmitErrors
 .text.canProcessTxQueue
                0x0801a838       0xd4 ..\obj\hyrel_can.o
                0x0801a838                canProcessTxQueue
 .text.canGetTxQueueNextInPtr
                0x0801a90c       0x5c ..\obj\hyrel_can.o
                0x0801a90c                canGetTxQueueNextInPtr
 .text.canFillOutCanStruct
                0x0801a968       0x98 ..\obj\hyrel_can.o
                0x0801a968                canFillOutCanStruct
 .text.canAddToTxQueue
                0x0801aa00      0x19c ..\obj\hyrel_can.o
                0x0801aa00                canAddToTxQueue
 .text.WriteExtrusionCommandtoTxQue
                0x0801ab9c       0x48 ..\obj\hyrel_can.o
                0x0801ab9c                WriteExtrusionCommandtoTxQue
 .text.canPackIntoTxQueue1x32
                0x0801abe4       0x9a ..\obj\hyrel_can.o
                0x0801abe4                canPackIntoTxQueue1x32
 .text.canPackIntoTxQueue2x32
                0x0801ac7e       0x9a ..\obj\hyrel_can.o
                0x0801ac7e                canPackIntoTxQueue2x32
 .text.canPackIntoTxQueue1x32_2x16
                0x0801ad18       0xa0 ..\obj\hyrel_can.o
                0x0801ad18                canPackIntoTxQueue1x32_2x16
 .text.canPackIntoTxQueue1x16
                0x0801adb8       0xa6 ..\obj\hyrel_can.o
                0x0801adb8                canPackIntoTxQueue1x16
 .text.canPackIntoTxQueue2x16
                0x0801ae5e       0xa6 ..\obj\hyrel_can.o
                0x0801ae5e                canPackIntoTxQueue2x16
 .text.canPackIntoTxQueue3x16
                0x0801af04       0xa6 ..\obj\hyrel_can.o
                0x0801af04                canPackIntoTxQueue3x16
 .text.canPackIntoTxQueue4x16
                0x0801afaa       0xa6 ..\obj\hyrel_can.o
                0x0801afaa                canPackIntoTxQueue4x16
 .text.canPackIntoTxQueue1x8
                0x0801b050       0x96 ..\obj\hyrel_can.o
                0x0801b050                canPackIntoTxQueue1x8
 .text.canPackIntoTxQueue8x8
                0x0801b0e6       0x9a ..\obj\hyrel_can.o
                0x0801b0e6                canPackIntoTxQueue8x8
 .text.canPackIntoTxQueueNoData
                0x0801b180       0x8e ..\obj\hyrel_can.o
                0x0801b180                canPackIntoTxQueueNoData
 .text.canGetMailboxData
                0x0801b20e       0x36 ..\obj\hyrel_can.o
                0x0801b20e                canGetMailboxData
 .text.canMsgWaitingFifo0
                0x0801b244       0x28 ..\obj\hyrel_can.o
                0x0801b244                canMsgWaitingFifo0
 .text.canMsgWaitingFifo1
                0x0801b26c       0x28 ..\obj\hyrel_can.o
                0x0801b26c                canMsgWaitingFifo1
 .text.canReceiveFifo0
                0x0801b294       0x40 ..\obj\hyrel_can.o
                0x0801b294                canReceiveFifo0
 .text.canReceiveFifo1
                0x0801b2d4       0x40 ..\obj\hyrel_can.o
                0x0801b2d4                canReceiveFifo1
 .text.canAddToImmediateRxQueue
                0x0801b314       0xe0 ..\obj\hyrel_can.o
                0x0801b314                canAddToImmediateRxQueue
 .text.canAddToRxQueue
                0x0801b3f4      0x3ec ..\obj\hyrel_can.o
                0x0801b3f4                canAddToRxQueue
 .text.canPrepNextRx
                0x0801b7e0       0xd8 ..\obj\hyrel_can.o
                0x0801b7e0                canPrepNextRx
 .text.canSendStringToWorkingBufferOnDevice
                0x0801b8b8       0x70 ..\obj\hyrel_can.o
                0x0801b8b8                canSendStringToWorkingBufferOnDevice
 .text.canReceiveString
                0x0801b928       0x96 ..\obj\hyrel_can.o
                0x0801b928                canReceiveString
 .text.canProcessTxQueueNoReturn
                0x0801b9be        0xc ..\obj\hyrel_can.o
                0x0801b9be                canProcessTxQueueNoReturn
 *fill*         0x0801b9ca        0x2 
 .text.remapDevicePosition
                0x0801b9cc       0x28 ..\obj\mailbox.o
                0x0801b9cc                remapDevicePosition
 .text.getMailboxNum
                0x0801b9f4       0x50 ..\obj\mailbox.o
                0x0801b9f4                getMailboxNum
 .text.getInboxPointer
                0x0801ba44       0x30 ..\obj\mailbox.o
                0x0801ba44                getInboxPointer
 .text.getOutboxPointer
                0x0801ba74       0x34 ..\obj\mailbox.o
                0x0801ba74                getOutboxPointer
 .text.getWorkingBufferChecksum
                0x0801baa8       0x34 ..\obj\mailbox.o
                0x0801baa8                getWorkingBufferChecksum
 .text.convertUidToPassword
                0x0801badc       0x2c ..\obj\mailbox.o
                0x0801badc                convertUidToPassword
 .text.isAPhysicalDevice
                0x0801bb08       0x26 ..\obj\mailbox.o
                0x0801bb08                isAPhysicalDevice
 .text.isALogicalDevice
                0x0801bb2e       0x26 ..\obj\mailbox.o
                0x0801bb2e                isALogicalDevice
 .text.changeDevice
                0x0801bb54       0x60 ..\obj\mailbox.o
                0x0801bb54                changeDevice
 .text.deviceIsACO2Laser
                0x0801bbb4       0x6a ..\obj\mailbox.o
                0x0801bbb4                deviceIsACO2Laser
 .text.deviceIsAUvLightRay
                0x0801bc1e       0x2a ..\obj\mailbox.o
                0x0801bc1e                deviceIsAUvLightRay
 .text.deviceIsAHotbed
                0x0801bc48       0x30 ..\obj\mailbox.o
                0x0801bc48                deviceIsAHotbed
 .text.deviceIsACanAxisMotor
                0x0801bc78       0x2a ..\obj\mailbox.o
                0x0801bc78                deviceIsACanAxisMotor
 .text.deviceIsABttCanAxisMotor
                0x0801bca2       0x2a ..\obj\mailbox.o
                0x0801bca2                deviceIsABttCanAxisMotor
 .text.deviceHasAClosedLoopStepper
                0x0801bccc       0x3c ..\obj\mailbox.o
                0x0801bccc                deviceHasAClosedLoopStepper
 .text.deviceIsAFilamentDispenser
                0x0801bd08       0x2a ..\obj\mailbox.o
                0x0801bd08                deviceIsAFilamentDispenser
 .text.initInboxStruct
                0x0801bd32       0x64 ..\obj\mailbox.o
                0x0801bd32                initInboxStruct
 *fill*         0x0801bd96        0x2 
 .text.initSystemInfo
                0x0801bd98      0x228 ..\obj\mailbox.o
                0x0801bd98                initSystemInfo
 .text.resetStickyErrorFlags
                0x0801bfc0       0x40 ..\obj\mailbox.o
                0x0801bfc0                resetStickyErrorFlags
 .text.initMailbox
                0x0801c000      0x43c ..\obj\mailbox.o
                0x0801c000                initMailbox
 .text.matchesAnAlias
                0x0801c43c       0x66 ..\obj\mailbox.o
                0x0801c43c                matchesAnAlias
 *fill*         0x0801c4a2        0x2 
 .text.checkForValidDeviceCombination
                0x0801c4a4      0x158 ..\obj\mailbox.o
                0x0801c4a4                checkForValidDeviceCombination
 .text.deviceSoftwareRevisionIsAtOrAbove
                0x0801c5fc       0x82 ..\obj\mailbox.o
                0x0801c5fc                deviceSoftwareRevisionIsAtOrAbove
 .text.deviceSoftwareRevisionIsAtOrBelow
                0x0801c67e       0x82 ..\obj\mailbox.o
                0x0801c67e                deviceSoftwareRevisionIsAtOrBelow
 .text.getDeviceRegistrationString
                0x0801c700      0x19c ..\obj\mailbox.o
                0x0801c700                getDeviceRegistrationString
 .text.validCanMotorDeviceAddress
                0x0801c89c       0x2a ..\obj\mailbox.o
                0x0801c89c                validCanMotorDeviceAddress
 *fill*         0x0801c8c6        0x2 
 .text.getMotorPtrFromDeviceAddress
                0x0801c8c8       0xe4 ..\obj\mailbox.o
                0x0801c8c8                getMotorPtrFromDeviceAddress
 .text.getCanMotorIndexFromDeviceAddress
                0x0801c9ac       0xb8 ..\obj\mailbox.o
                0x0801c9ac                getCanMotorIndexFromDeviceAddress
 .text.startDeviceRegistration
                0x0801ca64      0x2cc ..\obj\mailbox.o
                0x0801ca64                startDeviceRegistration
 .text.finishDeviceRegistration
                0x0801cd30       0xa4 ..\obj\mailbox.o
                0x0801cd30                finishDeviceRegistration
 .text.tryToCleanUpGuiAfterDeviceRegistration
                0x0801cdd4      0x17c ..\obj\mailbox.o
                0x0801cdd4                tryToCleanUpGuiAfterDeviceRegistration
 .text.deviceRegistered
                0x0801cf50       0x1e ..\obj\mailbox.o
                0x0801cf50                deviceRegistered
 .text.removeCanMotorDeviceFromMotorStructure
                0x0801cf6e       0x7c ..\obj\mailbox.o
                0x0801cf6e                removeCanMotorDeviceFromMotorStructure
 *fill*         0x0801cfea        0x2 
 .text.findNthRegisteredDevice
                0x0801cfec       0x68 ..\obj\mailbox.o
                0x0801cfec                findNthRegisteredDevice
 .text.removeAllRegisteredDevice
                0x0801d054       0x8c ..\obj\mailbox.o
                0x0801d054                removeAllRegisteredDevice
 .text.checkForMia
                0x0801d0e0      0x11c ..\obj\mailbox.o
                0x0801d0e0                checkForMia
 .text.sendInboxInfoToHost
                0x0801d1fc      0x2b0 ..\obj\mailbox.o
                0x0801d1fc                sendInboxInfoToHost
 .text.clearWorkingBuffer
                0x0801d4ac       0x18 ..\obj\mailbox.o
                0x0801d4ac                clearWorkingBuffer
 .text.isAHexChar
                0x0801d4c4       0x40 ..\obj\mailbox.o
                0x0801d4c4                isAHexChar
 .text.transferDevicePageDataFromHostToWorkingBuffer
                0x0801d504      0x19c ..\obj\mailbox.o
                0x0801d504                transferDevicePageDataFromHostToWorkingBuffer
 .text.transferDevicePageDataFromWorkingBufferToDevice
                0x0801d6a0       0x98 ..\obj\mailbox.o
                0x0801d6a0                transferDevicePageDataFromWorkingBufferToDevice
 .text.tableInfoTypeToPage
                0x0801d738       0x84 ..\obj\mailbox.o
                0x0801d738                tableInfoTypeToPage
 .text.transferDevicePageDataFromDeviceToWorkingBuffer
                0x0801d7bc       0x5c ..\obj\mailbox.o
                0x0801d7bc                transferDevicePageDataFromDeviceToWorkingBuffer
 .text.transferDevicePageDataFromWorkingBufferToHost
                0x0801d818      0x1d8 ..\obj\mailbox.o
                0x0801d818                transferDevicePageDataFromWorkingBufferToHost
 .text.getNextSoapstringCmdPtr
                0x0801d9f0       0x64 ..\obj\mailbox.o
                0x0801d9f0                getNextSoapstringCmdPtr
 .text.initFromSoapstring
                0x0801da54       0xdc ..\obj\mailbox.o
                0x0801da54                initFromSoapstring
 .text.eraseSystemSoapString
                0x0801db30       0x58 ..\obj\mailbox.o
                0x0801db30                eraseSystemSoapString
 .text.getNextWriteLocation
                0x0801db88       0x94 ..\obj\mailbox.o
                0x0801db88                getNextWriteLocation
 .text.writeSystemSoapString
                0x0801dc1c       0xd4 ..\obj\mailbox.o
                0x0801dc1c                writeSystemSoapString
 .text.SendNext407SoapString
                0x0801dcf0       0x70 ..\obj\mailbox.o
                0x0801dcf0                SendNext407SoapString
 .text.DeviceSoapstringWatchdog
                0x0801dd60      0x1ec ..\obj\mailbox.o
                0x0801dd60                DeviceSoapstringWatchdog
 .text.soapstringController
                0x0801df4c       0x10 ..\obj\mailbox.o
                0x0801df4c                soapstringController
 .text.resetSoapstringControl
                0x0801df5c       0x48 ..\obj\mailbox.o
                0x0801df5c                resetSoapstringControl
 .text.readDeviceSoapString
                0x0801dfa4       0x74 ..\obj\mailbox.o
                0x0801dfa4                readDeviceSoapString
 .text.transferSystemInfoToHost
                0x0801e018      0x238 ..\obj\mailbox.o
                0x0801e018                transferSystemInfoToHost
 .text.sendExtraStatusInfo
                0x0801e250      0x1a0 ..\obj\mailbox.o
                0x0801e250                sendExtraStatusInfo
 .text.sendSingleLineReport
                0x0801e3f0      0xa74 ..\obj\mailbox.o
                0x0801e3f0                sendSingleLineReport
 .text.sendUpdateToHost
                0x0801ee64       0x60 ..\obj\mailbox.o
                0x0801ee64                sendUpdateToHost
 .text.waitingForDeviceTemperature
                0x0801eec4       0xe8 ..\obj\mailbox.o
                0x0801eec4                waitingForDeviceTemperature
 .text.waitingForHotbedTemp
                0x0801efac       0x58 ..\obj\mailbox.o
                0x0801efac                waitingForHotbedTemp
 .text.waitingForChamberTemp
                0x0801f004       0x58 ..\obj\mailbox.o
                0x0801f004                waitingForChamberTemp
 .text.waitingForExtruderTemp
                0x0801f05c      0x108 ..\obj\mailbox.o
                0x0801f05c                waitingForExtruderTemp
 .text.eraseSystemCrashLog
                0x0801f164       0x64 ..\obj\mailbox.o
                0x0801f164                eraseSystemCrashLog
 .text.writeSystemCrashLog
                0x0801f1c8       0x30 ..\obj\mailbox.o
                0x0801f1c8                writeSystemCrashLog
 .text.sendCrashDataFromRAMtoFlash
                0x0801f1f8      0x1c4 ..\obj\mailbox.o
                0x0801f1f8                sendCrashDataFromRAMtoFlash
 .text.sendCrashDataFromRAM
                0x0801f3bc      0x268 ..\obj\mailbox.o
                0x0801f3bc                sendCrashDataFromRAM
 .text.sendCrashDataFromFlash
                0x0801f624      0x32c ..\obj\mailbox.o
                0x0801f624                sendCrashDataFromFlash
 .text.USBD_USR_DeviceDescriptor
                0x0801f950       0x24 ..\obj\usbd_desc.o
                0x0801f950                USBD_USR_DeviceDescriptor
 .text.USBD_USR_LangIDStrDescriptor
                0x0801f974       0x24 ..\obj\usbd_desc.o
                0x0801f974                USBD_USR_LangIDStrDescriptor
 .text.USBD_USR_ProductStrDescriptor
                0x0801f998       0x28 ..\obj\usbd_desc.o
                0x0801f998                USBD_USR_ProductStrDescriptor
 .text.USBD_USR_ManufacturerStrDescriptor
                0x0801f9c0       0x28 ..\obj\usbd_desc.o
                0x0801f9c0                USBD_USR_ManufacturerStrDescriptor
 .text.USBD_USR_SerialStrDescriptor
                0x0801f9e8       0x28 ..\obj\usbd_desc.o
                0x0801f9e8                USBD_USR_SerialStrDescriptor
 .text.USBD_USR_ConfigStrDescriptor
                0x0801fa10       0x28 ..\obj\usbd_desc.o
                0x0801fa10                USBD_USR_ConfigStrDescriptor
 .text.USBD_USR_InterfaceStrDescriptor
                0x0801fa38       0x28 ..\obj\usbd_desc.o
                0x0801fa38                USBD_USR_InterfaceStrDescriptor
 .text.GPIO_Init
                0x0801fa60      0x11c ..\obj\stm32f4xx_gpio.o
                0x0801fa60                GPIO_Init
 .text.GPIO_PinAFConfig
                0x0801fb7c       0x92 ..\obj\stm32f4xx_gpio.o
                0x0801fb7c                GPIO_PinAFConfig
 *fill*         0x0801fc0e        0x2 
 .text.FLASH_Unlock
                0x0801fc10       0x30 ..\obj\stm32f4xx_flash.o
                0x0801fc10                FLASH_Unlock
 .text.FLASH_Lock
                0x0801fc40       0x20 ..\obj\stm32f4xx_flash.o
                0x0801fc40                FLASH_Lock
 .text.FLASH_EraseSector
                0x0801fc60       0xc0 ..\obj\stm32f4xx_flash.o
                0x0801fc60                FLASH_EraseSector
 .text.FLASH_ProgramWord
                0x0801fd20       0x68 ..\obj\stm32f4xx_flash.o
                0x0801fd20                FLASH_ProgramWord
 .text.FLASH_ProgramByte
                0x0801fd88       0x68 ..\obj\stm32f4xx_flash.o
                0x0801fd88                FLASH_ProgramByte
 .text.FLASH_GetStatus
                0x0801fdf0       0x6c ..\obj\stm32f4xx_flash.o
                0x0801fdf0                FLASH_GetStatus
 .text.FLASH_WaitForLastOperation
                0x0801fe5c       0x30 ..\obj\stm32f4xx_flash.o
                0x0801fe5c                FLASH_WaitForLastOperation
 .text.VCP_Init
                0x0801fe8c       0x10 ..\obj\usbd_cdc_vcp.o
 .text.VCP_DeInit
                0x0801fe9c       0x10 ..\obj\usbd_cdc_vcp.o
 .text.VCP_Ctrl
                0x0801feac      0x160 ..\obj\usbd_cdc_vcp.o
 .text.VCP_DataTx
                0x0802000c       0x18 ..\obj\usbd_cdc_vcp.o
                0x0802000c                VCP_DataTx
 .text.VCP_DataRx
                0x08020024       0x44 ..\obj\usbd_cdc_vcp.o
                0x08020024                VCP_DataRx
 .text.getAxisLabel
                0x08020068       0x54 ..\obj\MotorDrivers.o
                0x08020068                getAxisLabel
 .text.ClampToAxisLimitsInUPS
                0x080200bc       0x36 ..\obj\MotorDrivers.o
                0x080200bc                ClampToAxisLimitsInUPS
 *fill*         0x080200f2        0x2 
 .text.UpdateAxisLimitAndRates
                0x080200f4      0x118 ..\obj\MotorDrivers.o
                0x080200f4                UpdateAxisLimitAndRates
 .text.UpdateAxisTravelLimits
                0x0802020c       0xe2 ..\obj\MotorDrivers.o
                0x0802020c                UpdateAxisTravelLimits
 *fill*         0x080202ee        0x2 
 .text.ClampAndWarnToAxisRangeInPulses
                0x080202f0      0x370 ..\obj\MotorDrivers.o
                0x080202f0                ClampAndWarnToAxisRangeInPulses
 .text.AllMotionMotorsAreEnabled
                0x08020660       0xa8 ..\obj\MotorDrivers.o
                0x08020660                AllMotionMotorsAreEnabled
 .text.EnableAllMotionMotors
                0x08020708       0x90 ..\obj\MotorDrivers.o
                0x08020708                EnableAllMotionMotors
 .text.DisableAllMotionMotors
                0x08020798       0x90 ..\obj\MotorDrivers.o
                0x08020798                DisableAllMotionMotors
 .text.NoAxisIsMoving
                0x08020828       0x44 ..\obj\MotorDrivers.o
                0x08020828                NoAxisIsMoving
 .text.ClearAllMotorG92Offset
                0x0802086c       0x40 ..\obj\MotorDrivers.o
                0x0802086c                ClearAllMotorG92Offset
 .text.ClearMotorFixtureOffsets
                0x080208ac       0x36 ..\obj\MotorDrivers.o
                0x080208ac                ClearMotorFixtureOffsets
 *fill*         0x080208e2        0x2 
 .text.ClearAllMotorFixtureOffsets
                0x080208e4       0x38 ..\obj\MotorDrivers.o
                0x080208e4                ClearAllMotorFixtureOffsets
 .text.ClearMotorHeadOffsets
                0x0802091c       0x36 ..\obj\MotorDrivers.o
                0x0802091c                ClearMotorHeadOffsets
 *fill*         0x08020952        0x2 
 .text.ClearAllMotorHeadOffsets
                0x08020954       0x38 ..\obj\MotorDrivers.o
                0x08020954                ClearAllMotorHeadOffsets
 .text.SumOfAllMotorOffsets
                0x0802098c       0xa0 ..\obj\MotorDrivers.o
                0x0802098c                SumOfAllMotorOffsets
 .text.ResetAllMotionOffsetIndices
                0x08020a2c       0x2c ..\obj\MotorDrivers.o
                0x08020a2c                ResetAllMotionOffsetIndices
 .text.ClearAllMotorFlags
                0x08020a58       0x58 ..\obj\MotorDrivers.o
                0x08020a58                ClearAllMotorFlags
 .text.DisableMotionTimer
                0x08020ab0       0x24 ..\obj\MotorDrivers.o
                0x08020ab0                DisableMotionTimer
 .text.DisableMotionTimers
                0x08020ad4       0x70 ..\obj\MotorDrivers.o
                0x08020ad4                DisableMotionTimers
 .text.loadDominantTimer
                0x08020b44       0x48 ..\obj\MotorDrivers.o
                0x08020b44                loadDominantTimer
 .text.loadMotorTimer
                0x08020b8c       0x56 ..\obj\MotorDrivers.o
                0x08020b8c                loadMotorTimer
 *fill*         0x08020be2        0x2 
 .text.EnableMotionTimers
                0x08020be4       0xe8 ..\obj\MotorDrivers.o
                0x08020be4                EnableMotionTimers
 .text.PrepareForNextMove
                0x08020ccc       0x10 ..\obj\MotorDrivers.o
                0x08020ccc                PrepareForNextMove
 .text.StartMove
                0x08020cdc       0x20 ..\obj\MotorDrivers.o
                0x08020cdc                StartMove
 .text.setWatchdogBasedOnMoveTime
                0x08020cfc       0xcc ..\obj\MotorDrivers.o
                0x08020cfc                setWatchdogBasedOnMoveTime
 .text.getMotionRateInUPS
                0x08020dc8       0x74 ..\obj\MotorDrivers.o
                0x08020dc8                getMotionRateInUPS
 .text.changeDominantAxisToC
                0x08020e3c       0xc8 ..\obj\MotorDrivers.o
                0x08020e3c                changeDominantAxisToC
 .text.CheckForNewFlowRate
                0x08020f04      0x610 ..\obj\MotorDrivers.o
                0x08020f04                CheckForNewFlowRate
 .text.CheckForNewFeedrate
                0x08021514       0x84 ..\obj\MotorDrivers.o
                0x08021514                CheckForNewFeedrate
 .text.CalculateTimerControls
                0x08021598      0x16c ..\obj\MotorDrivers.o
                0x08021598                CalculateTimerControls
 .text.loadAndRunLatheTimer
                0x08021704      0x12c ..\obj\MotorDrivers.o
                0x08021704                loadAndRunLatheTimer
 .text.setupLatheModeToRun
                0x08021830      0x114 ..\obj\MotorDrivers.o
                0x08021830                setupLatheModeToRun
 .text.ExecuteSingleAxisMove
                0x08021944       0x3c ..\obj\MotorDrivers.o
                0x08021944                ExecuteSingleAxisMove
 .text.ExecuteHomingMove
                0x08021980       0x9c ..\obj\MotorDrivers.o
                0x08021980                ExecuteHomingMove
 .text.JogMotor
                0x08021a1c      0x1c0 ..\obj\MotorDrivers.o
                0x08021a1c                JogMotor
 .text.killMotorJogging
                0x08021bdc       0x24 ..\obj\MotorDrivers.o
                0x08021bdc                killMotorJogging
 .text.calcVelocity
                0x08021c00       0x5c ..\obj\MotorDrivers.o
                0x08021c00                calcVelocity
 .text.UpdateNextAccelerationFactor
                0x08021c5c       0xe0 ..\obj\MotorDrivers.o
                0x08021c5c                UpdateNextAccelerationFactor
 .text.latheSpeedControl
                0x08021d3c      0x1f0 ..\obj\MotorDrivers.o
                0x08021d3c                latheSpeedControl
 .text.finishMove
                0x08021f2c      0x150 ..\obj\MotorDrivers.o
                0x08021f2c                finishMove
 .text.ProcessMotion
                0x0802207c      0x1ec ..\obj\MotorDrivers.o
                0x0802207c                ProcessMotion
 .text.InitializeMotorParameters
                0x08022268      0xf24 ..\obj\MotorDrivers.o
                0x08022268                InitializeMotorParameters
 .text.isAutoPuffNeeded
                0x0802318c       0x2c ..\obj\MotorDrivers.o
                0x0802318c                isAutoPuffNeeded
 .text.isAutoPrimeoOrUnprimeNeeded
                0x080231b8      0x168 ..\obj\MotorDrivers.o
                0x080231b8                isAutoPrimeoOrUnprimeNeeded
 .text.motionQ_init
                0x08023320      0x148 ..\obj\MotorDrivers.o
                0x08023320                motionQ_init
 .text.motionQ_getCountdownDelayToExecuteMove
                0x08023468       0x18 ..\obj\MotorDrivers.o
                0x08023468                motionQ_getCountdownDelayToExecuteMove
 .text.motionQ_setCountdownDelayToExecuteMove
                0x08023480       0x24 ..\obj\MotorDrivers.o
                0x08023480                motionQ_setCountdownDelayToExecuteMove
 .text.motionQ_decrCountdownDelayToExecuteMove
                0x080234a4       0x2c ..\obj\MotorDrivers.o
                0x080234a4                motionQ_decrCountdownDelayToExecuteMove
 .text.motionQ_hasSpace
                0x080234d0       0x2c ..\obj\MotorDrivers.o
                0x080234d0                motionQ_hasSpace
 .text.motionQ_deleteNewestCommand
                0x080234fc       0x60 ..\obj\MotorDrivers.o
                0x080234fc                motionQ_deleteNewestCommand
 .text.motionQ_deleteCurrentMove
                0x0802355c       0x50 ..\obj\MotorDrivers.o
                0x0802355c                motionQ_deleteCurrentMove
 .text.motionQ_deleteCurrentMoveAndExecuteNextMove
                0x080235ac       0xf8 ..\obj\MotorDrivers.o
                0x080235ac                motionQ_deleteCurrentMoveAndExecuteNextMove
 .text.motionQ_nextAvailable
                0x080236a4       0x78 ..\obj\MotorDrivers.o
                0x080236a4                motionQ_nextAvailable
 .text.sendBlockRelativeAxisMove
                0x0802371c       0x5c ..\obj\MotorDrivers.o
                0x0802371c                sendBlockRelativeAxisMove
 .text.setupFlowInfo
                0x08023778      0x24c ..\obj\MotorDrivers.o
                0x08023778                setupFlowInfo
 .text.calculateIsrLimitedSpeed
                0x080239c4       0xd8 ..\obj\MotorDrivers.o