../common/src/hyrel_can.c:30:10:calculateChecksum8	24	static
../common/src/hyrel_can.c:51:10:calculateChecksum16	24	static
../common/src/hyrel_can.c:72:10:calculateChecksum32	24	static
../common/src/hyrel_can.c:179:9:canIsValidAlias	24	static
../common/src/hyrel_can.c:203:6:canMsgIdToNumBytes	16	static
../common/src/hyrel_can.c:258:6:canCheckCanStruct	32	static
../common/src/hyrel_can.c:295:9:canTransmitOpenMailbox	16	static
../common/src/hyrel_can.c:312:6:canTransmit	64	static
../common/src/hyrel_can.c:386:6:canTransmitSwPacket	24	static
../common/src/hyrel_can.c:430:6:updateTxQueueIndices	4	static
../common/src/hyrel_can.c:442:6:checkForCanTransmitErrors	24	static
../common/src/hyrel_can.c:471:6:canProcessTxQueue	16	static
../common/src/hyrel_can.c:553:12:canGetTxQueueNextInPtr	8	static
../common/src/hyrel_can.c:575:6:canFillOutCanStruct	16	static
../common/src/hyrel_can.c:607:6:canAddToTxQueue	32	static
../common/src/hyrel_can.c:691:6:WriteExtrusionCommandtoTxQue	48	static
../common/src/hyrel_can.c:700:6:canPackIntoTxQueue1x32	32	static
../common/src/hyrel_can.c:724:6:canPackIntoTxQueue2x32	32	static
../common/src/hyrel_can.c:748:6:canPackIntoTxQueue1x32_2x16	32	static
../common/src/hyrel_can.c:773:6:canPackIntoTxQueue1x32_1x16	32	static
../common/src/hyrel_can.c:797:6:canPackIntoTxQueue1x16	32	static
../common/src/hyrel_can.c:824:6:canPackIntoTxQueue2x16	32	static
../common/src/hyrel_can.c:850:6:canPackIntoTxQueue3x16	32	static
../common/src/hyrel_can.c:876:6:canPackIntoTxQueue4x16	32	static
../common/src/hyrel_can.c:902:6:canPackIntoTxQueue1x8	32	static
../common/src/hyrel_can.c:924:6:canPackIntoTxQueue2x8	32	static
../common/src/hyrel_can.c:947:6:canPackIntoTxQueue8x8	32	static
../common/src/hyrel_can.c:969:6:canPackIntoTxQueueNoData	32	static
../common/src/hyrel_can.c:1025:6:canGetMailboxData	16	static
../common/src/hyrel_can.c:1035:9:canMsgWaitingFifo0	16	static
../common/src/hyrel_can.c:1042:9:canMsgWaitingFifo1	16	static
../common/src/hyrel_can.c:1049:6:canReceiveFifo0	24	static
../common/src/hyrel_can.c:1072:6:canReceiveFifo1	24	static
../common/src/hyrel_can.c:1095:6:canReceive	24	static
../common/src/hyrel_can.c:1111:6:canAddToImmediateRxQueue	16	static
../common/src/hyrel_can.c:1163:6:canAddToRxQueue	64	static
../common/src/hyrel_can.c:1273:9:canPrepNextRx	24	static
../common/src/hyrel_can.c:1311:5:canSendStringToWorkingBufferOnDevice	40	static
../common/src/hyrel_can.c:1331:5:canSendAsciiHexStringAsBinaryToWorkingBufferOnDevice	64	static
../common/src/hyrel_can.c:1364:9:canReceiveString	32	static
../common/src/hyrel_can.c:1415:6:canAddToRxQueueNoReturn	8	static
../common/src/hyrel_can.c:1422:6:canProcessTxQueueNoReturn	8	static
