Archive member included to satisfy reference by file (symbol)

c:/program files (x86)/gnu tools arm embedded/6 2017-q1-update/bin/../lib/gcc/arm-none-eabi/6.3.1/../../../../arm-none-eabi/lib/thumb/v7e-m/fpv4-sp/hard\libm.a(lib_a-s_cos.o)
                              ..\obj\GCode.o (cos)
c:/program files (x86)/gnu tools arm embedded/6 2017-q1-update/bin/../lib/gcc/arm-none-eabi/6.3.1/../../../../arm-none-eabi/lib/thumb/v7e-m/fpv4-sp/hard\libm.a(lib_a-s_round.o)
                              ..\obj\MCode.o (round)
c:/program files (x86)/gnu tools arm embedded/6 2017-q1-update/bin/../lib/gcc/arm-none-eabi/6.3.1/../../../../arm-none-eabi/lib/thumb/v7e-m/fpv4-sp/hard\libm.a(lib_a-s_sin.o)
                              ..\obj\GCode.o (sin)
c:/program files (x86)/gnu tools arm embedded/6 2017-q1-update/bin/../lib/gcc/arm-none-eabi/6.3.1/../../../../arm-none-eabi/lib/thumb/v7e-m/fpv4-sp/hard\libm.a(lib_a-s_tan.o)
                              ..\obj\GCode.o (tan)
c:/program files (x86)/gnu tools arm embedded/6 2017-q1-update/bin/../lib/gcc/arm-none-eabi/6.3.1/../../../../arm-none-eabi/lib/thumb/v7e-m/fpv4-sp/hard\libm.a(lib_a-sf_cos.o)
                              ..\obj\GCode.o (cosf)
c:/program files (x86)/gnu tools arm embedded/6 2017-q1-update/bin/../lib/gcc/arm-none-eabi/6.3.1/../../../../arm-none-eabi/lib/thumb/v7e-m/fpv4-sp/hard\libm.a(lib_a-sf_fmax.o)
                              ..\obj\main.o (fmaxf)
c:/program files (x86)/gnu tools arm embedded/6 2017-q1-update/bin/../lib/gcc/arm-none-eabi/6.3.1/../../../../arm-none-eabi/lib/thumb/v7e-m/fpv4-sp/hard\libm.a(lib_a-sf_fmin.o)
                              ..\obj\MotorDrivers.o (fminf)
c:/program files (x86)/gnu tools arm embedded/6 2017-q1-update/bin/../lib/gcc/arm-none-eabi/6.3.1/../../../../arm-none-eabi/lib/thumb/v7e-m/fpv4-sp/hard\libm.a(lib_a-sf_fpclassify.o)
                              c:/program files (x86)/gnu tools arm embedded/6 2017-q1-update/bin/../lib/gcc/arm-none-eabi/6.3.1/../../../../arm-none-eabi/lib/thumb/v7e-m/fpv4-sp/hard\libm.a(lib_a-sf_fmax.o) (__fpclassifyf)
c:/program files (x86)/gnu tools arm embedded/6 2017-q1-update/bin/../lib/gcc/arm-none-eabi/6.3.1/../../../../arm-none-eabi/lib/thumb/v7e-m/fpv4-sp/hard\libm.a(lib_a-sf_round.o)
                              ..\obj\GCode.o (roundf)
c:/program files (x86)/gnu tools arm embedded/6 2017-q1-update/bin/../lib/gcc/arm-none-eabi/6.3.1/../../../../arm-none-eabi/lib/thumb/v7e-m/fpv4-sp/hard\libm.a(lib_a-sf_sin.o)
                              ..\obj\GCode.o (sinf)
c:/program files (x86)/gnu tools arm embedded/6 2017-q1-update/bin/../lib/gcc/arm-none-eabi/6.3.1/../../../../arm-none-eabi/lib/thumb/v7e-m/fpv4-sp/hard\libm.a(lib_a-w_acos.o)
                              ..\obj\GCode.o (acos)
c:/program files (x86)/gnu tools arm embedded/6 2017-q1-update/bin/../lib/gcc/arm-none-eabi/6.3.1/../../../../arm-none-eabi/lib/thumb/v7e-m/fpv4-sp/hard\libm.a(lib_a-wf_acos.o)
                              ..\obj\GCode.o (acosf)
c:/program files (x86)/gnu tools arm embedded/6 2017-q1-update/bin/../lib/gcc/arm-none-eabi/6.3.1/../../../../arm-none-eabi/lib/thumb/v7e-m/fpv4-sp/hard\libm.a(lib_a-wf_atan2.o)
                              ..\obj\GCode.o (atan2f)
c:/program files (x86)/gnu tools arm embedded/6 2017-q1-update/bin/../lib/gcc/arm-none-eabi/6.3.1/../../../../arm-none-eabi/lib/thumb/v7e-m/fpv4-sp/hard\libm.a(lib_a-wf_fmod.o)
                              ..\obj\GCode.o (fmodf)
c:/program files (x86)/gnu tools arm embedded/6 2017-q1-update/bin/../lib/gcc/arm-none-eabi/6.3.1/../../../../arm-none-eabi/lib/thumb/v7e-m/fpv4-sp/hard\libm.a(lib_a-wf_pow.o)
                              ..\obj\main.o (powf)
c:/program files (x86)/gnu tools arm embedded/6 2017-q1-update/bin/../lib/gcc/arm-none-eabi/6.3.1/../../../../arm-none-eabi/lib/thumb/v7e-m/fpv4-sp/hard\libm.a(lib_a-e_acos.o)
                              c:/program files (x86)/gnu tools arm embedded/6 2017-q1-update/bin/../lib/gcc/arm-none-eabi/6.3.1/../../../../arm-none-eabi/lib/thumb/v7e-m/fpv4-sp/hard\libm.a(lib_a-w_acos.o) (__ieee754_acos)
c:/program files (x86)/gnu tools arm embedded/6 2017-q1-update/bin/../lib/gcc/arm-none-eabi/6.3.1/../../../../arm-none-eabi/lib/thumb/v7e-m/fpv4-sp/hard\libm.a(lib_a-e_rem_pio2.o)
                              c:/program files (x86)/gnu tools arm embedded/6 2017-q1-update/bin/../lib/gcc/arm-none-eabi/6.3.1/../../../../arm-none-eabi/lib/thumb/v7e-m/fpv4-sp/hard\libm.a(lib_a-s_cos.o) (__ieee754_rem_pio2)
c:/program files (x86)/gnu tools arm embedded/6 2017-q1-update/bin/../lib/gcc/arm-none-eabi/6.3.1/../../../../arm-none-eabi/lib/thumb/v7e-m/fpv4-sp/hard\libm.a(lib_a-e_sqrt.o)
                              c:/program files (x86)/gnu tools arm embedded/6 2017-q1-update/bin/../lib/gcc/arm-none-eabi/6.3.1/../../../../arm-none-eabi/lib/thumb/v7e-m/fpv4-sp/hard\libm.a(lib_a-e_acos.o) (__ieee754_sqrt)
[...]
Memory Configuration

Name             Origin             Length             Attributes
rom              0x08000000         0x00100000         xr
ram              0x20000000         0x00020000         xrw
*default*        0x00000000         0xffffffff

Linker script and memory map

LOAD ..\..\..\obj\master4.o
                0x20020000                _eram = 0x20020000

.text           0x08000000    0x4f4ad
 *(.isr_vector .isr_vector.*)
 .isr_vector    0x08000000      0x188 ..\obj\startup_stm32f4xx.o
                0x08000000                g_pfnVectors
 *(.text .text.* .gnu.linkonce.t.*)
 .text.n2a      0x08000188       0x3a ..\..\..\obj\master4.o
                0x08000188                n2a
 .text.a2n      0x080001c2       0x2a ..\..\..\obj\master4.o
                0x080001c2                a2n
 .text.v2a      0x080001ec       0x54 ..\..\..\obj\master4.o
                0x080001ec                v2a
 .text.ReportSecKeyErrorMsg
                0x08000240       0x50 ..\..\..\obj\master4.o
                0x08000240                ReportSecKeyErrorMsg
 .text.ReportInvalidMachineInfoStr
                0x08000290       0x40 ..\..\..\obj\master4.o
                0x08000290                ReportInvalidMachineInfoStr
 .text.generateMachineInfoStr
                0x080002d0      0x4ac ..\..\..\obj\master4.o
                0x080002d0                generateMachineInfoStr
 .text.dump     0x0800077c       0xb0 ..\..\..\obj\master4.o
                0x0800077c                dump
 .text.generateMachinePasswordStr
                0x0800082c      0x7d8 ..\..\..\obj\master4.o
                0x0800082c                generateMachinePasswordStr
 .text.isSpecialBuildMachine
                0x08001004      0x210 ..\..\..\obj\master4.o
                0x08001004                isSpecialBuildMachine
 .text.initKey  0x08001214       0x50 ..\..\..\obj\master4.o
                0x08001214                initKey
 .text.validFirmwareKey
                0x08001264       0x4c ..\..\..\obj\master4.o
                0x08001264                validFirmwareKey
 .text.invalidateFirmwareKey
                0x080012b0       0x20 ..\..\..\obj\master4.o
                0x080012b0                invalidateFirmwareKey
 .text.real_M_Code_M686
                0x080012d0       0x58 ..\..\..\obj\master4.o
                0x080012d0                real_M_Code_M686
 .text.real_M_Code_M687
                0x08001328       0xe8 ..\..\..\obj\master4.o
                0x08001328                real_M_Code_M687
 .text.real_M_Code_M688
                0x08001410      0x17c ..\..\..\obj\master4.o
                0x08001410                real_M_Code_M688
 .text.SYSCFG_EXTILineConfig
                0x0800158c       0x84 ..\obj\stm32f4xx_syscfg.o
                0x0800158c                SYSCFG_EXTILineConfig
 .text.USB_OTG_EnableCommonInt
                0x08001610       0x44 ..\obj\usb_core.o
 .text.USB_OTG_CoreReset
                0x08001654       0x90 ..\obj\usb_core.o
 .text.USB_OTG_WritePacket
                0x080016e4       0x76 ..\obj\usb_core.o
                0x080016e4                USB_OTG_WritePacket
 .text.USB_OTG_ReadPacket
                0x0800175a       0x58 ..\obj\usb_core.o
                0x0800175a                USB_OTG_ReadPacket
 *fill*         0x080017b2        0x2 
 .text.USB_OTG_SelectCore
                0x080017b4      0x174 ..\obj\usb_core.o
                0x080017b4                USB_OTG_SelectCore
 .text.USB_OTG_CoreInit
                0x08001928      0x13a ..\obj\usb_core.o
                0x08001928                USB_OTG_CoreInit
 .text.USB_OTG_EnableGlobalInt
                0x08001a62       0x36 ..\obj\usb_core.o
                0x08001a62                USB_OTG_EnableGlobalInt
 .text.USB_OTG_DisableGlobalInt
                0x08001a98       0x38 ..\obj\usb_core.o
                0x08001a98                USB_OTG_DisableGlobalInt
 .text.USB_OTG_FlushTxFifo
                0x08001ad0       0x74 ..\obj\usb_core.o
                0x08001ad0                USB_OTG_FlushTxFifo
 .text.USB_OTG_FlushRxFifo
                0x08001b44       0x60 ..\obj\usb_core.o
                0x08001b44                USB_OTG_FlushRxFifo
 .text.USB_OTG_SetCurrentMode
                0x08001ba4       0x5e ..\obj\usb_core.o
                0x08001ba4                USB_OTG_SetCurrentMode
 .text.USB_OTG_GetMode
                0x08001c02       0x1e ..\obj\usb_core.o
                0x08001c02                USB_OTG_GetMode
 .text.USB_OTG_IsDeviceMode
                0x08001c20       0x22 ..\obj\usb_core.o
                0x08001c20                USB_OTG_IsDeviceMode
 .text.USB_OTG_ReadCoreItr
                0x08001c42       0x2e ..\obj\usb_core.o
                0x08001c42                USB_OTG_ReadCoreItr
 .text.USB_OTG_InitDevSpeed
                0x08001c70       0x38 ..\obj\usb_core.o
                0x08001c70                USB_OTG_InitDevSpeed
 .text.USB_OTG_CoreInitDev
                0x08001ca8      0x262 ..\obj\usb_core.o
                0x08001ca8                USB_OTG_CoreInitDev
 .text.USB_OTG_EnableDevInt
                0x08001f0a       0x98 ..\obj\usb_core.o
                0x08001f0a                USB_OTG_EnableDevInt
 .text.USB_OTG_GetDeviceSpeed
                0x08001fa2       0x48 ..\obj\usb_core.o
                0x08001fa2                USB_OTG_GetDeviceSpeed
 .text.USB_OTG_EP0Activate
                0x08001fea       0x76 ..\obj\usb_core.o
                0x08001fea                USB_OTG_EP0Activate
 .text.USB_OTG_EPActivate
                0x08002060       0xdc ..\obj\usb_core.o
                0x08002060                USB_OTG_EPActivate
 .text.USB_OTG_EPDeactivate
                0x0800213c       0x8a ..\obj\usb_core.o
                0x0800213c                USB_OTG_EPDeactivate
 .text.USB_OTG_EPStartXfer
                0x080021c6      0x280 ..\obj\usb_core.o
                0x080021c6                USB_OTG_EPStartXfer
 .text.USB_OTG_EP0StartXfer
                0x08002446      0x1d4 ..\obj\usb_core.o
                0x08002446                USB_OTG_EP0StartXfer
 .text.USB_OTG_EPSetStall
                0x0800261a       0x86 ..\obj\usb_core.o
                0x0800261a                USB_OTG_EPSetStall
 .text.USB_OTG_EPClearStall
                0x080026a0       0x76 ..\obj\usb_core.o
                0x080026a0                USB_OTG_EPClearStall
 .text.USB_OTG_ReadDevAllOutEp_itr
                0x08002716       0x2c ..\obj\usb_core.o
                0x08002716                USB_OTG_ReadDevAllOutEp_itr
 .text.USB_OTG_ReadDevOutEP_itr
                0x08002742       0x36 ..\obj\usb_core.o
                0x08002742                USB_OTG_ReadDevOutEP_itr
 .text.USB_OTG_ReadDevAllInEPItr
                0x08002778       0x2c ..\obj\usb_core.o
                0x08002778                USB_OTG_ReadDevAllInEPItr
 .text.USB_OTG_EP0_OutStart
                0x080027a4       0x72 ..\obj\usb_core.o
                0x080027a4                USB_OTG_EP0_OutStart
 *fill*         0x08002816        0x2 
 .text.USBD_USR_Init
                0x08002818       0x18 ..\obj\usbd_usr.o
                0x08002818                USBD_USR_Init
 .text.USBD_USR_DeviceReset
                0x08002830       0x20 ..\obj\usbd_usr.o
                0x08002830                USBD_USR_DeviceReset
 .text.USBD_USR_DeviceConfigured
                0x08002850       0x18 ..\obj\usbd_usr.o
                0x08002850                USBD_USR_DeviceConfigured
 .text.USBD_USR_DeviceSuspended
                0x08002868       0x18 ..\obj\usbd_usr.o
                0x08002868                USBD_USR_DeviceSuspended
 .text.USBD_USR_DeviceResumed
                0x08002880       0x18 ..\obj\usbd_usr.o
                0x08002880                USBD_USR_DeviceResumed
 .text.USBD_USR_DeviceConnected
                0x08002898       0x18 ..\obj\usbd_usr.o
                0x08002898                USBD_USR_DeviceConnected
 .text.USBD_USR_DeviceDisconnected
                0x080028b0       0x18 ..\obj\usbd_usr.o
                0x080028b0                USBD_USR_DeviceDisconnected
 .text.USBD_User_GetStatus
                0x080028c8       0x18 ..\obj\usbd_usr.o
                0x080028c8                USBD_User_GetStatus
 .text.NVIC_EnableIRQ
                0x080028e0       0x34 ..\obj\HardwareInit.o
 .text.InitGPIO
                0x08002914       0x68 ..\obj\HardwareInit.o
                0x08002914                InitGPIO
 .text.InitUSART3
                0x0800297c       0x5c ..\obj\HardwareInit.o
                0x0800297c                InitUSART3
 .text.InitUART4
                0x080029d8       0x5c ..\obj\HardwareInit.o
                0x080029d8                InitUART4
 .text.InitUSART6
                0x08002a34       0x5c ..\obj\HardwareInit.o
                0x08002a34                InitUSART6
 .text.InitAllUARTS
                0x08002a90       0x22 ..\obj\HardwareInit.o
                0x08002a90                InitAllUARTS
 *fill*         0x08002ab2        0x2 
 .text.CAN_Config
                0x08002ab4      0x100 ..\obj\HardwareInit.o
                0x08002ab4                CAN_Config
 .text.InitMotorTimer
                0x08002bb4      0x228 ..\obj\HardwareInit.o
                0x08002bb4                InitMotorTimer
 .text.InitTimer1
                0x08002ddc       0x74 ..\obj\HardwareInit.o
                0x08002ddc                InitTimer1
 .text.InitTimer3ForDelays
                0x08002e50       0x48 ..\obj\HardwareInit.o
                0x08002e50                InitTimer3ForDelays
 .text.InitCO2LaserTimer
                0x08002e98      0x100 ..\obj\HardwareInit.o
                0x08002e98                InitCO2LaserTimer
 .text.enableLatheMode
                0x08002f98       0xc4 ..\obj\HardwareInit.o
                0x08002f98                enableLatheMode
 .text.disableLatheMode
                0x0800305c       0x48 ..\obj\HardwareInit.o
                0x0800305c                disableLatheMode
 .text.InitTimer6
                0x080030a4       0x74 ..\obj\HardwareInit.o
                0x080030a4                InitTimer6
 .text.InitTimer7
                0x08003118       0x78 ..\obj\HardwareInit.o
                0x08003118                InitTimer7
 .text.DeInitLaser
                0x08003190       0x5c ..\obj\HardwareInit.o
                0x08003190                DeInitLaser
 .text.InitLaser
                0x080031ec      0x130 ..\obj\HardwareInit.o
                0x080031ec                InitLaser
 .text.initializeSpindleStruct
                0x0800331c       0x30 ..\obj\HardwareInit.o
                0x0800331c                initializeSpindleStruct
 .text.initializeInkjetStruct
                0x0800334c       0x20 ..\obj\HardwareInit.o
                0x0800334c                initializeInkjetStruct
 .text.initializeLaserStruct
                0x0800336c      0x148 ..\obj\HardwareInit.o
                0x0800336c                initializeLaserStruct
 .text.setFlasherVarPtr
                0x080034b4      0x360 ..\obj\HardwareInit.o
                0x080034b4                setFlasherVarPtr
 .text.InitGlobals
                0x08003814      0x128 ..\obj\HardwareInit.o
                0x08003814                InitGlobals
 .text.USART_Init
                0x0800393c      0x174 ..\obj\stm32f4xx_usart.o
                0x0800393c                USART_Init
 .text.USART_Cmd
                0x08003ab0       0x40 ..\obj\stm32f4xx_usart.o
                0x08003ab0                USART_Cmd
 .text.USART_ITConfig
                0x08003af0       0x90 ..\obj\stm32f4xx_usart.o
                0x08003af0                USART_ITConfig
 .text.deinitClkAndResetAPB1
                0x08003b80       0x34 ..\obj\util.o
                0x08003b80                deinitClkAndResetAPB1
 .text.initClkAndResetAPB1
                0x08003bb4       0x4c ..\obj\util.o
                0x08003bb4                initClkAndResetAPB1
 .text.initClkAndResetAPB2
                0x08003c00       0x4c ..\obj\util.o
                0x08003c00                initClkAndResetAPB2
 .text.interruptSetupAndDisable
                0x08003c4c       0x32 ..\obj\util.o
                0x08003c4c                interruptSetupAndDisable
 .text.interruptSetupAndEnable
                0x08003c7e       0x32 ..\obj\util.o
                0x08003c7e                interruptSetupAndEnable
 .text.imin     0x08003cb0       0x24 ..\obj\util.o
                0x08003cb0                imin
 .text.imax     0x08003cd4       0x24 ..\obj\util.o
                0x08003cd4                imax
 .text.iFitWithinRange
                0x08003cf8       0x32 ..\obj\util.o
                0x08003cf8                iFitWithinRange
 .text.fFitWithinRange
                0x08003d2a       0x52 ..\obj\util.o
                0x08003d2a                fFitWithinRange
 .text.interruptsOff
                0x08003d7c       0x26 ..\obj\util.o
                0x08003d7c                interruptsOff
 .text.interruptsOn
                0x08003da2       0x1c ..\obj\util.o
                0x08003da2                interruptsOn
 .text.fpu_sqrtf
                0x08003dbe       0x1e ..\obj\util.o
                0x08003dbe                fpu_sqrtf
 .text.getPidMethodStr
                0x08003ddc       0xc4 ..\obj\util.o
                0x08003ddc                getPidMethodStr
 .text.CAN_Init
                0x08003ea0      0x1a2 ..\obj\stm32f4xx_can.o
                0x08003ea0                CAN_Init
 *fill*         0x08004042        0x2 
 .text.CAN_FilterInit
                0x08004044      0x178 ..\obj\stm32f4xx_can.o
                0x08004044                CAN_FilterInit
 .text.CAN_StructInit
                0x080041bc       0x56 ..\obj\stm32f4xx_can.o
                0x080041bc                CAN_StructInit
 *fill*         0x08004212        0x2 
 .text.Default_Handler
                0x08004214       0x14 ..\obj\startup_stm32f4xx.o
                0x08004214                RTC_Alarm_IRQHandler
                0x08004214                HASH_RNG_IRQHandler
                0x08004214                TIM8_CC_IRQHandler
                0x08004214                TIM1_CC_IRQHandler
                0x08004214                DMA2_Stream5_IRQHandler
                0x08004214                DMA1_Stream5_IRQHandler
                0x08004214                PVD_IRQHandler
                0x08004214                SDIO_IRQHandler
                0x08004214                TAMP_STAMP_IRQHandler
                0x08004214                CAN2_RX1_IRQHandler
                0x08004214                I2C3_ER_IRQHandler
                0x08004214                I2C2_EV_IRQHandler
                0x08004214                DMA1_Stream2_IRQHandler
                0x08004214                CAN1_RX0_IRQHandler
                0x08004214                FPU_IRQHandler
                0x08004214                OTG_HS_WKUP_IRQHandler
                0x08004214                CAN2_SCE_IRQHandler
                0x08004214                DMA2_Stream2_IRQHandler
                0x08004214                SPI1_IRQHandler
                0x08004214                DCMI_IRQHandler
                0x08004214                CAN2_RX0_IRQHandler
                0x08004214                DMA2_Stream3_IRQHandler
                0x08004214                CRYP_IRQHandler
                0x08004214                CAN1_RX1_IRQHandler
                0x08004214                UART5_IRQHandler
                0x08004214                DMA2_Stream0_IRQHandler
                0x08004214                I2C1_EV_IRQHandler
                0x08004214                DMA1_Stream6_IRQHandler
                0x08004214                DMA1_Stream1_IRQHandler
                0x08004214                RCC_IRQHandler
                0x08004214                ADC_IRQHandler
                0x08004214                DMA1_Stream7_IRQHandler
                0x08004214                CAN2_TX_IRQHandler
                0x08004214                DMA2_Stream7_IRQHandler
                0x08004214                I2C3_EV_IRQHandler
                0x08004214                RTC_WKUP_IRQHandler
                0x08004214                ETH_WKUP_IRQHandler
                0x08004214                SPI2_IRQHandler
                0x08004214                OTG_HS_EP1_IN_IRQHandler
                0x08004214                DMA1_Stream0_IRQHandler
                0x08004214                CAN1_TX_IRQHandler
                0x08004214                FSMC_IRQHandler
                0x08004214                ETH_IRQHandler
                0x08004214                OTG_HS_EP1_OUT_IRQHandler
                0x08004214                WWDG_IRQHandler
                0x08004214                TIM2_IRQHandler
                0x08004214                OTG_HS_IRQHandler
                0x08004214                USART2_IRQHandler
                0x08004214                I2C2_ER_IRQHandler
                0x08004214                DMA2_Stream1_IRQHandler
                0x08004214                CAN1_SCE_IRQHandler
                0x08004214                FLASH_IRQHandler
                0x08004214                DMA2_Stream4_IRQHandler
                0x08004214                USART1_IRQHandler
                0x08004214                SPI3_IRQHandler
                0x08004214                DMA1_Stream4_IRQHandler
                0x08004214                I2C1_ER_IRQHandler
                0x08004214                DMA2_Stream6_IRQHandler
                0x08004214                DMA1_Stream3_IRQHandler
 .text.IWDG_ReloadCounter
                0x08004228       0x1c ..\obj\stm32f4xx_iwdg.o
                0x08004228                IWDG_ReloadCounter
 .text.USBD_Init
                0x08004244       0x56 ..\obj\usbd_core.o
                0x08004244                USBD_Init
 .text.USBD_DeInit
                0x0800429a       0x16 ..\obj\usbd_core.o
                0x0800429a                USBD_DeInit
 .text.USBD_SetupStage
                0x080042b0       0x6c ..\obj\usbd_core.o
 .text.USBD_DataOutStage
                0x0800431c       0xcc ..\obj\usbd_core.o
 .text.USBD_DataInStage
                0x080043e8      0x11a ..\obj\usbd_core.o
 *fill*         0x08004502        0x2 
 .text.USBD_RunTestMode
                0x08004504       0x24 ..\obj\usbd_core.o
 .text.USBD_Reset
                0x08004528       0x42 ..\obj\usbd_core.o
 .text.USBD_Resume
                0x0800456a       0x30 ..\obj\usbd_core.o
 .text.USBD_Suspend
                0x0800459a       0x30 ..\obj\usbd_core.o
 .text.USBD_SOF
                0x080045ca       0x2a ..\obj\usbd_core.o
 .text.USBD_SetCfg
                0x080045f4       0x30 ..\obj\usbd_core.o
                0x080045f4                USBD_SetCfg
 .text.USBD_ClrCfg
                0x08004624       0x26 ..\obj\usbd_core.o
                0x08004624                USBD_ClrCfg
 .text.USBD_IsoINIncomplete
                0x0800464a       0x1e ..\obj\usbd_core.o
 .text.USBD_IsoOUTIncomplete
                0x08004668       0x1e ..\obj\usbd_core.o
 *fill*         0x08004686        0x2 
 .text.pinInitAll
                0x08004688      0x1a8 ..\obj\pinInit.o
                0x08004688                pinInitAll
 .text.NVIC_SetPriority
                0x08004830       0x54 ..\obj\main.o
 .text.NVIC_SystemReset
                0x08004884       0x28 ..\obj\main.o
 .text.SysTick_Config
                0x080048ac       0x44 ..\obj\main.o
 .text.getNextRasterValue
                0x080048f0      0x214 ..\obj\main.o
                0x080048f0                getNextRasterValue
 .text.processRasterStep
                0x08004b04       0xec ..\obj\main.o
                0x08004b04                processRasterStep
 .text.TIM1_UP_TIM10_IRQHandler
                0x08004bf0      0x374 ..\obj\main.o
                0x08004bf0                TIM1_UP_TIM10_IRQHandler
 .text.TIM1_BRK_TIM9_IRQHandler
                0x08004f64       0x3c ..\obj\main.o
                0x08004f64                TIM1_BRK_TIM9_IRQHandler
 .text.TIM1_TRG_COM_TIM11_IRQHandler
                0x08004fa0       0x3c ..\obj\main.o
                0x08004fa0                TIM1_TRG_COM_TIM11_IRQHandler
 .text.TIM3_IRQHandler
                0x08004fdc       0x24 ..\obj\main.o
                0x08004fdc                TIM3_IRQHandler
 .text.TIM4_IRQHandler
                0x08005000       0x24 ..\obj\main.o
                0x08005000                TIM4_IRQHandler
 .text.TIM5_IRQHandler
                0x08005024       0x44 ..\obj\main.o
                0x08005024                TIM5_IRQHandler
 .text.TIM6_DAC_IRQHandler
                0x08005068       0xc4 ..\obj\main.o
                0x08005068                TIM6_DAC_IRQHandler
 .text.TIM7_IRQHandler
                0x0800512c       0x94 ..\obj\main.o
                0x0800512c                TIM7_IRQHandler
 .text.TIM8_BRK_TIM12_IRQHandler
                0x080051c0       0x50 ..\obj\main.o
                0x080051c0                TIM8_BRK_TIM12_IRQHandler
 .text.TIM8_UP_TIM13_IRQHandler
                0x08005210       0x3c ..\obj\main.o
                0x08005210                TIM8_UP_TIM13_IRQHandler
 .text.TIM8_TRG_COM_TIM14_IRQHandler
                0x0800524c       0x3c ..\obj\main.o
                0x0800524c                TIM8_TRG_COM_TIM14_IRQHandler
 .text.USARTx_IRQHandler
                0x08005288       0xb0 ..\obj\main.o
                0x08005288                USARTx_IRQHandler
 .text.USART3_IRQHandler
                0x08005338       0x14 ..\obj\main.o
                0x08005338                USART3_IRQHandler
 .text.UART4_IRQHandler
                0x0800534c       0x14 ..\obj\main.o
                0x0800534c                UART4_IRQHandler
 .text.USART6_IRQHandler
                0x08005360       0x14 ..\obj\main.o
                0x08005360                USART6_IRQHandler
 .text.DisableEXTI
                0x08005374       0x48 ..\obj\main.o
                0x08005374                DisableEXTI
 .text.SetupEXTI
                0x080053bc      0x2c4 ..\obj\main.o
                0x080053bc                SetupEXTI
 .text.setTouchPositionToCurrentPosition
                0x08005680       0x44 ..\obj\main.o
                0x08005680                setTouchPositionToCurrentPosition
 .text.TouchProbeSendResults
                0x080056c4      0x440 ..\obj\main.o
                0x080056c4                TouchProbeSendResults
 .text.TouchProbeFinished
                0x08005b04       0xb4 ..\obj\main.o
                0x08005b04                TouchProbeFinished
 .text.TouchProbeProcessContact
                0x08005bb8       0x1e ..\obj\main.o
                0x08005bb8                TouchProbeProcessContact
 *fill*         0x08005bd6        0x2 
 .text.EdgeTriggerDetected
                0x08005bd8       0x2c ..\obj\main.o
                0x08005bd8                EdgeTriggerDetected
 .text.EdgeTriggerSendResults
                0x08005c04       0x98 ..\obj\main.o
                0x08005c04                EdgeTriggerSendResults
 .text.Generic_EXTI_IRQHandler
                0x08005c9c       0x5c ..\obj\main.o
                0x08005c9c                Generic_EXTI_IRQHandler
 .text.EXTI0_IRQHandler
                0x08005cf8        0xc ..\obj\main.o
                0x08005cf8                EXTI0_IRQHandler
 .text.EXTI1_IRQHandler
                0x08005d04        0xc ..\obj\main.o
                0x08005d04                EXTI1_IRQHandler
 .text.EXTI2_IRQHandler
                0x08005d10        0xc ..\obj\main.o
                0x08005d10                EXTI2_IRQHandler
 .text.EXTI3_IRQHandler
                0x08005d1c        0xc ..\obj\main.o
                0x08005d1c                EXTI3_IRQHandler
 .text.EXTI4_IRQHandler
                0x08005d28        0xc ..\obj\main.o
                0x08005d28                EXTI4_IRQHandler
 .text.EXTI9_5_IRQHandler
                0x08005d34        0xc ..\obj\main.o
                0x08005d34                EXTI9_5_IRQHandler
 .text.EXTI15_10_IRQHandler
                0x08005d40        0xc ..\obj\main.o
                0x08005d40                EXTI15_10_IRQHandler
 .text.processEverySlice
                0x08005d4c       0x98 ..\obj\main.o
                0x08005d4c                processEverySlice
 .text.SysTick_Handler
                0x08005de4      0x138 ..\obj\main.o
                0x08005de4                SysTick_Handler
 .text.Crash_Handler
                0x08005f1c       0x24 ..\obj\main.o
                0x08005f1c                Crash_Handler
 .text.checkAndClearFlashStatus
                0x08005f40       0x84 ..\obj\main.o
                0x08005f40                checkAndClearFlashStatus
 .text.protectedIncrement
                0x08005fc4       0x2e ..\obj\main.o
                0x08005fc4                protectedIncrement
 .text.protectedDecrement
                0x08005ff2       0x2e ..\obj\main.o
                0x08005ff2                protectedDecrement
 .text.catastrophicError
                0x08006020       0x28 ..\obj\main.o
                0x08006020                catastrophicError
 .text.catastrophicErrorWithDebugInfo
                0x08006048      0x1b0 ..\obj\main.o
                0x08006048                catastrophicErrorWithDebugInfo
 .text.wait100ns
                0x080061f8       0x24 ..\obj\main.o
                0x080061f8                wait100ns
 .text.updateHssPwm
                0x0800621c       0x6c ..\obj\main.o
                0x0800621c                updateHssPwm
 .text.changeHssDuty
                0x08006288       0x3c ..\obj\main.o
                0x08006288                changeHssDuty
 .text.initHss  0x080062c4       0x84 ..\obj\main.o
                0x080062c4                initHss
 .text.initAllHss
                0x08006348       0xe4 ..\obj\main.o
                0x08006348                initAllHss
 .text.HssControl
                0x0800642c       0x88 ..\obj\main.o
                0x0800642c                HssControl
 .text.DDLightSelection
                0x080064b4      0x1c0 ..\obj\main.o
                0x080064b4                DDLightSelection
 .text.convertToolNumberToDevice
                0x08006674       0x3c ..\obj\main.o
                0x08006674                convertToolNumberToDevice
 .text.CopyToEndOfLine
                0x080066b0       0xac ..\obj\main.o
                0x080066b0                CopyToEndOfLine
 .text.processEndofCommandChar
                0x0800675c       0x68 ..\obj\main.o
                0x0800675c                processEndofCommandChar
 .text.SplitCurrentGcodeLine2Arguments
                0x080067c4      0x564 ..\obj\main.o
                0x080067c4                SplitCurrentGcodeLine2Arguments
 .text.CleanUpPointers
                0x08006d28       0x44 ..\obj\main.o
                0x08006d28                CleanUpPointers
 .text.FillArgumentBuffer
                0x08006d6c       0x40 ..\obj\main.o
                0x08006d6c                FillArgumentBuffer
 .text.processArgs
                0x08006dac       0x74 ..\obj\main.o
                0x08006dac                processArgs
 .text.ResetGcodeParseBuffer
                0x08006e20      0x12c ..\obj\main.o
                0x08006e20                ResetGcodeParseBuffer
 .text.cmdQueIsEmpty
                0x08006f4c       0x20 ..\obj\main.o
                0x08006f4c                cmdQueIsEmpty
 .text.cmdQueIsFull
                0x08006f6c       0x20 ..\obj\main.o
                0x08006f6c                cmdQueIsFull
 .text.printSerialInputStreamError
                0x08006f8c       0x54 ..\obj\main.o
                0x08006f8c                printSerialInputStreamError
 .text.serialProcessor
                0x08006fe0      0x160 ..\obj\main.o
                0x08006fe0                serialProcessor
 .text.InvalidateAllCmdArgs
                0x08007140       0xbc ..\obj\main.o
                0x08007140                InvalidateAllCmdArgs
 .text.CommandProcessor
                0x080071fc     0x1a60 ..\obj\main.o
                0x080071fc                CommandProcessor
 .text.EchoBackCommentString
                0x08008c5c       0x3c ..\obj\main.o
                0x08008c5c                EchoBackCommentString
 .text.getNextCommandIndex
                0x08008c98       0x26 ..\obj\main.o
                0x08008c98                getNextCommandIndex
 .text.getNextDeferredCommandIndex
                0x08008cbe       0x26 ..\obj\main.o
                0x08008cbe                getNextDeferredCommandIndex
 .text.ContinueToNextStep
                0x08008ce4       0x24 ..\obj\main.o
                0x08008ce4                ContinueToNextStep
 .text.AddCommandToQue
                0x08008d08       0xc0 ..\obj\main.o
                0x08008d08                AddCommandToQue
 .text.resetVariableOnJobEnd
                0x08008dc8       0xd4 ..\obj\main.o
                0x08008dc8                resetVariableOnJobEnd
 .text.initGCodeSequenceEngine
                0x08008e9c      0x4e0 ..\obj\main.o
                0x08008e9c                initGCodeSequenceEngine
 .text.setDrillTapMotorArgs
                0x0800937c       0xc0 ..\obj\main.o
                0x0800937c                setDrillTapMotorArgs
 .text.puff     0x0800943c       0x18 ..\obj\main.o
                0x0800943c                puff
 .text.processCannedCycle
                0x08009454      0x454 ..\obj\main.o
                0x08009454                processCannedCycle
 .text.deferredCmdQueueFull
                0x080098a8       0x20 ..\obj\main.o
                0x080098a8                deferredCmdQueueFull
 .text.copyCmdQueEntryToDeferredCmdQue
                0x080098c8       0x94 ..\obj\main.o
                0x080098c8                copyCmdQueEntryToDeferredCmdQue
 .text.processNextDeferredCommand
                0x0800995c       0xe4 ..\obj\main.o
                0x0800995c                processNextDeferredCommand
 .text.checkForCompletedAbort
                0x08009a40      0x1a4 ..\obj\main.o
                0x08009a40                checkForCompletedAbort
 .text.setPauseGcodeFlag
                0x08009be4       0x4c ..\obj\main.o
                0x08009be4                setPauseGcodeFlag
 .text.ResetProcess
                0x08009c30      0x148 ..\obj\main.o
                0x08009c30                ResetProcess
 .text.DwellTimer
                0x08009d78       0x24 ..\obj\main.o
                0x08009d78                DwellTimer
 .text.updateHostConnectionWatchDog
                0x08009d9c       0x30 ..\obj\main.o
                0x08009d9c                updateHostConnectionWatchDog
 .text.SequenceEngine
                0x08009dcc      0x3a4 ..\obj\main.o
                0x08009dcc                SequenceEngine
 .text.processCommand
                0x0800a170     0x1818 ..\obj\main.o
                0x0800a170                processCommand
 .text.getSliceCnt
                0x0800b988       0x18 ..\obj\main.o
                0x0800b988                getSliceCnt
 .text.pingReply
                0x0800b9a0       0x2c ..\obj\main.o
                0x0800b9a0                pingReply
 .text.getCurrentExecutingLineNumber
                0x0800b9cc       0x44 ..\obj\main.o
                0x0800b9cc                getCurrentExecutingLineNumber
 .text.ReportXYZLocation
                0x0800ba10      0x204 ..\obj\main.o
                0x0800ba10                ReportXYZLocation
 .text.spare    0x0800bc14        0xe ..\obj\main.o
                0x0800bc14                spare
 .text.ohNoMrBill
                0x0800bc22        0xe ..\obj\main.o
                0x0800bc22                ohNoMrBill
 .text.heartbeat
                0x0800bc30       0x40 ..\obj\main.o
                0x0800bc30                heartbeat
 .text.checkInWithHeads
                0x0800bc70        0xe ..\obj\main.o
                0x0800bc70                checkInWithHeads
 *fill*         0x0800bc7e        0x2 
 .text.checkBlockingWaits
                0x0800bc80      0x284 ..\obj\main.o
                0x0800bc80                checkBlockingWaits
 .text.loop_1000Hz_simple_work
                0x0800bf04      0x128 ..\obj\main.o
                0x0800bf04                loop_1000Hz_simple_work
 .text.loop_100Hz_simple_work
                0x0800c02c      0x224 ..\obj\main.o
                0x0800c02c                loop_100Hz_simple_work
 .text.loop_10Hz_simple_work
                0x0800c250       0x48 ..\obj\main.o
                0x0800c250                loop_10Hz_simple_work
 .text.PnP_SetValves
                0x0800c298       0x3c ..\obj\main.o
                0x0800c298                PnP_SetValves
 .text.loop_1Hz_simple_work
                0x0800c2d4      0x12c ..\obj\main.o
                0x0800c2d4                loop_1Hz_simple_work
 .text.almostTheSameByPct
                0x0800c400       0x4a ..\obj\main.o
                0x0800c400                almostTheSameByPct
 .text.almostTheSameByDelta
                0x0800c44a       0x42 ..\obj\main.o
                0x0800c44a                almostTheSameByDelta
 .text.notAlmostTheSameByDelta
                0x0800c48c       0x4a ..\obj\main.o
                0x0800c48c                notAlmostTheSameByDelta
 *fill*         0x0800c4d6        0x2 
 .text.requireAllAxesToHome
                0x0800c4d8       0x60 ..\obj\main.o
                0x0800c4d8                requireAllAxesToHome
 .text.assertControlBit
                0x0800c538       0x46 ..\obj\main.o
                0x0800c538                assertControlBit
 .text.deassertControlBit
                0x0800c57e       0x46 ..\obj\main.o
                0x0800c57e                deassertControlBit
 .text.readControlBitValue
                0x0800c5c4       0x2a ..\obj\main.o
                0x0800c5c4                readControlBitValue
 .text.readControlBitState
                0x0800c5ee       0x56 ..\obj\main.o
                0x0800c5ee                readControlBitState
 .text.outputDirectionBit
                0x0800c644       0x82 ..\obj\main.o
                0x0800c644                outputDirectionBit
 .text.readDirectionBitValue
                0x0800c6c6       0x2a ..\obj\main.o
                0x0800c6c6                readDirectionBitValue
 .text.readDirectionBitState
                0x0800c6f0       0x4a ..\obj\main.o
                0x0800c6f0                readDirectionBitState
 .text.readSensorBitValue
                0x0800c73a       0x2a ..\obj\main.o
                0x0800c73a                readSensorBitValue
 .text.readSensorBitState
                0x0800c764       0x56 ..\obj\main.o
                0x0800c764                readSensorBitState
 .text.initSensor
                0x0800c7ba       0xc0 ..\obj\main.o
                0x0800c7ba                initSensor
 .text.setSensorStateToUnknown
                0x0800c87a       0x3a ..\obj\main.o
                0x0800c87a                setSensorStateToUnknown
 .text.updateSensorHistoryIfEnabledWithoutIrq
                0x0800c8b4       0x4a ..\obj\main.o
                0x0800c8b4                updateSensorHistoryIfEnabledWithoutIrq
 .text.readDebouncedSensorState
                0x0800c8fe       0xd4 ..\obj\main.o
                0x0800c8fe                readDebouncedSensorState
 .text.fastReadDebouncedSensorState
                0x0800c9d2       0x72 ..\obj\main.o
                0x0800c9d2                fastReadDebouncedSensorState
 .text.setSensorEnable
                0x0800ca44       0x2e ..\obj\main.o
                0x0800ca44                setSensorEnable
 .text.setSensorPolarityAndEnable
                0x0800ca72       0x78 ..\obj\main.o
                0x0800ca72                setSensorPolarityAndEnable
 *fill*         0x0800caea        0x2 
 .text.checkStartButton
                0x0800caec       0x8c ..\obj\main.o
                0x0800caec                checkStartButton
 .text.sendEmoMessage
                0x0800cb78       0xdc ..\obj\main.o
                0x0800cb78                sendEmoMessage
 .text.checkEMO
                0x0800cc54        0xe ..\obj\main.o
                0x0800cc54                checkEMO
 .text.checkMotorSensor
                0x0800cc62       0x18 ..\obj\main.o
                0x0800cc62                checkMotorSensor
 *fill*         0x0800cc7a        0x2 
 .text.checkMotorFaultSensor
                0x0800cc7c       0x1c ..\obj\main.o
                0x0800cc7c                checkMotorFaultSensor
 .text.checkMotorLimit1Sensor
                0x0800cc98       0x24 ..\obj\main.o
                0x0800cc98                checkMotorLimit1Sensor
 .text.checkMotorLimit2Sensor
                0x0800ccbc       0x64 ..\obj\main.o
                0x0800ccbc                checkMotorLimit2Sensor
 .text.readInputs
                0x0800cd20       0x10 ..\obj\main.o
                0x0800cd20                readInputs
 .text.InitializeFixtureOffsets
                0x0800cd30       0x50 ..\obj\main.o
                0x0800cd30                InitializeFixtureOffsets
 .text.SetAxisHomePosition
                0x0800cd80       0x58 ..\obj\main.o
                0x0800cd80                SetAxisHomePosition
 .text.SetAllAxisHomePosition
                0x0800cdd8       0x54 ..\obj\main.o
                0x0800cdd8                SetAllAxisHomePosition
 .text.ProcessG28MultipassHoming
                0x0800ce2c      0x3a4 ..\obj\main.o
                0x0800ce2c                ProcessG28MultipassHoming
 .text.sendAxisHomedStatus
                0x0800d1d0       0x60 ..\obj\main.o
                0x0800d1d0                sendAxisHomedStatus
 .text.sendAllAxisHomedStatus
                0x0800d230        0xe ..\obj\main.o
                0x0800d230                sendAllAxisHomedStatus
 *fill*         0x0800d23e        0x2 
 .text.getUIDString
                0x0800d240       0x88 ..\obj\main.o
                0x0800d240                getUIDString
 .text.sendFakeM687CompleteCode
                0x0800d2c8       0x44 ..\obj\main.o
                0x0800d2c8                sendFakeM687CompleteCode
 .text.sendRevisionString
                0x0800d30c      0x1fc ..\obj\main.o
                0x0800d30c                sendRevisionString
 .text.rebootingFromCrash
                0x0800d508       0x28 ..\obj\main.o
                0x0800d508                rebootingFromCrash
 .text.setResetSouceStr
                0x0800d530      0x260 ..\obj\main.o
                0x0800d530                setResetSouceStr
 .text.Reset_Handler
                0x0800d790       0x80 ..\obj\main.o
                0x0800d790                Reset_Handler
 .text.wiggleDebugIO
                0x0800d810       0x14 ..\obj\main.o
                0x0800d810                wiggleDebugIO
 .text.executeAnySpecialDebugStartCode
                0x0800d824        0xe ..\obj\main.o
                0x0800d824                executeAnySpecialDebugStartCode
 *fill*         0x0800d832        0x2 
 .text.main     0x0800d834      0x10c ..\obj\main.o
                0x0800d834                main
 .text.RCC_GetClocksFreq
                0x0800d940      0x150 ..\obj\stm32f4xx_rcc.o
                0x0800d940                RCC_GetClocksFreq
 .text.RCC_AHB1PeriphClockCmd
                0x0800da90       0x40 ..\obj\stm32f4xx_rcc.o
                0x0800da90                RCC_AHB1PeriphClockCmd
 .text.RCC_AHB2PeriphClockCmd
                0x0800dad0       0x40 ..\obj\stm32f4xx_rcc.o
                0x0800dad0                RCC_AHB2PeriphClockCmd
 .text.RCC_APB1PeriphClockCmd
                0x0800db10       0x40 ..\obj\stm32f4xx_rcc.o
                0x0800db10                RCC_APB1PeriphClockCmd
 .text.RCC_APB2PeriphClockCmd
                0x0800db50       0x40 ..\obj\stm32f4xx_rcc.o
                0x0800db50                RCC_APB2PeriphClockCmd
 .text.RCC_AHB1PeriphResetCmd
                0x0800db90       0x40 ..\obj\stm32f4xx_rcc.o
                0x0800db90                RCC_AHB1PeriphResetCmd
 .text.RCC_APB1PeriphResetCmd
                0x0800dbd0       0x40 ..\obj\stm32f4xx_rcc.o
                0x0800dbd0                RCC_APB1PeriphResetCmd
 .text.RCC_GetFlagStatus
                0x0800dc10       0x74 ..\obj\stm32f4xx_rcc.o
                0x0800dc10                RCC_GetFlagStatus
 .text.RCC_ClearFlag
                0x0800dc84       0x20 ..\obj\stm32f4xx_rcc.o
                0x0800dc84                RCC_ClearFlag
 .text.NMI_Handler
                0x0800dca4       0x14 ..\obj\stm32f4xx_it.o
                0x0800dca4                NMI_Handler
 .text.HardFault_Handler
                0x0800dcb8       0x14 ..\obj\stm32f4xx_it.o
                0x0800dcb8                HardFault_Handler
 .text.MemManage_Handler
                0x0800dccc       0x14 ..\obj\stm32f4xx_it.o
                0x0800dccc                MemManage_Handler
 .text.BusFault_Handler
                0x0800dce0       0x14 ..\obj\stm32f4xx_it.o
                0x0800dce0                BusFault_Handler
 .text.UsageFault_Handler
                0x0800dcf4       0x14 ..\obj\stm32f4xx_it.o
                0x0800dcf4                UsageFault_Handler
 .text.SVC_Handler
                0x0800dd08       0x14 ..\obj\stm32f4xx_it.o
                0x0800dd08                SVC_Handler
 .text.DebugMon_Handler
                0x0800dd1c        0xe ..\obj\stm32f4xx_it.o
                0x0800dd1c                DebugMon_Handler
 .text.PendSV_Handler
                0x0800dd2a        0xe ..\obj\stm32f4xx_it.o
                0x0800dd2a                PendSV_Handler
 .text.getArgFraction
                0x0800dd38       0x42 ..\obj\GCode.o
                0x0800dd38                getArgFraction
 *fill*         0x0800dd7a        0x2 
 .text.ReportUnknownFractionalGcode
                0x0800dd7c       0x50 ..\obj\GCode.o
                0x0800dd7c                ReportUnknownFractionalGcode
 .text.ReportGcodeError
                0x0800ddcc       0x44 ..\obj\GCode.o
                0x0800ddcc                ReportGcodeError
 .text.ReportInvalidGcodeArg
                0x0800de10       0x64 ..\obj\GCode.o
                0x0800de10                ReportInvalidGcodeArg
 .text.ReportMissingGcodeArg
                0x0800de74       0x44 ..\obj\GCode.o
                0x0800de74                ReportMissingGcodeArg
 .text.ReportMissingGcodeDArg
                0x0800deb8       0x14 ..\obj\GCode.o
                0x0800deb8                ReportMissingGcodeDArg
 .text.ReportMissingGcodeLArg
                0x0800decc       0x14 ..\obj\GCode.o
                0x0800decc                ReportMissingGcodeLArg
 .text.ReportMissingGcodePArg
                0x0800dee0       0x14 ..\obj\GCode.o
                0x0800dee0                ReportMissingGcodePArg
 .text.ReportMissingGcodeRArg
                0x0800def4       0x14 ..\obj\GCode.o
                0x0800def4                ReportMissingGcodeRArg
 .text.ReportMissingGcodeTArg
                0x0800df08       0x14 ..\obj\GCode.o
                0x0800df08                ReportMissingGcodeTArg
 .text.ReportMissingGcodePLArg
                0x0800df1c       0x14 ..\obj\GCode.o
                0x0800df1c                ReportMissingGcodePLArg
 .text.ReportInvalidGcodeEArg
                0x0800df30       0x24 ..\obj\GCode.o
                0x0800df30                ReportInvalidGcodeEArg
 .text.ReportInvalidGcodeHArg
                0x0800df54       0x24 ..\obj\GCode.o
                0x0800df54                ReportInvalidGcodeHArg
 .text.ReportInvalidGcodePArg
                0x0800df78       0x24 ..\obj\GCode.o
                0x0800df78                ReportInvalidGcodePArg
 .text.ReportInvalidGcodeSArg
                0x0800df9c       0x24 ..\obj\GCode.o
                0x0800df9c                ReportInvalidGcodeSArg
 .text.getMotorArg
                0x0800dfc0       0x2c ..\obj\GCode.o
                0x0800dfc0                getMotorArg
 .text.getMotorArgInMM
                0x0800dfec       0x38 ..\obj\GCode.o
                0x0800dfec                getMotorArgInMM
 .text.getMotorArgInDeg
                0x0800e024       0x38 ..\obj\GCode.o
                0x0800e024                getMotorArgInDeg
 .text.getMotorArgInNativeUnits
                0x0800e05c       0x30 ..\obj\GCode.o
                0x0800e05c                getMotorArgInNativeUnits
 .text.setMotorArg
                0x0800e08c       0x2c ..\obj\GCode.o
                0x0800e08c                setMotorArg
 .text.setMotorArgInMM
                0x0800e0b8       0x3c ..\obj\GCode.o
                0x0800e0b8                setMotorArgInMM
 .text.setMotorArgInDeg
                0x0800e0f4       0x3c ..\obj\GCode.o
                0x0800e0f4                setMotorArgInDeg
 .text.setMotorArgInNativeUnits
                0x0800e130       0x32 ..\obj\GCode.o
                0x0800e130                setMotorArgInNativeUnits
 *fill*         0x0800e162        0x2 
 .text.setAllMotorArg
                0x0800e164       0x40 ..\obj\GCode.o
                0x0800e164                setAllMotorArg
 .text.convertArgFromMM
                0x0800e1a4       0x2c ..\obj\GCode.o
                0x0800e1a4                convertArgFromMM
 .text.convertArgToMM
                0x0800e1d0       0x2c ..\obj\GCode.o
                0x0800e1d0                convertArgToMM
 .text.motorArgPresent
                0x0800e1fc       0x34 ..\obj\GCode.o
                0x0800e1fc                motorArgPresent
 .text.motorArgNegativeOrZero
                0x0800e230       0x2a ..\obj\GCode.o
                0x0800e230                motorArgNegativeOrZero
 *fill*         0x0800e25a        0x2 
 .text.getDeltaAxisValueInInputUnits
                0x0800e25c       0xa8 ..\obj\GCode.o
                0x0800e25c                getDeltaAxisValueInInputUnits
 .text.getDeltaEValueInInputUnits
                0x0800e304       0x6c ..\obj\GCode.o
                0x0800e304                getDeltaEValueInInputUnits
 .text.assignPoint
                0x0800e370       0x32 ..\obj\GCode.o
                0x0800e370                assignPoint
 .text.copyPoint
                0x0800e3a2       0x2e ..\obj\GCode.o
                0x0800e3a2                copyPoint
 .text.addPoints
                0x0800e3d0       0x5a ..\obj\GCode.o
                0x0800e3d0                addPoints
 .text.pointsAreTheSame
                0x0800e42a       0x84 ..\obj\GCode.o
                0x0800e42a                pointsAreTheSame
 .text.vectorsAreTheSame
                0x0800e4ae       0xa6 ..\obj\GCode.o
                0x0800e4ae                vectorsAreTheSame
 .text.getVectorMagnitude
                0x0800e554       0x56 ..\obj\GCode.o
                0x0800e554                getVectorMagnitude
 .text.normalizeVector
                0x0800e5aa       0x94 ..\obj\GCode.o
                0x0800e5aa                normalizeVector
 .text.assignVector
                0x0800e63e       0x50 ..\obj\GCode.o
                0x0800e63e                assignVector
 .text.assignVector2Pts
                0x0800e68e       0x76 ..\obj\GCode.o
                0x0800e68e                assignVector2Pts
 .text.scaleVector
                0x0800e704       0x64 ..\obj\GCode.o
                0x0800e704                scaleVector
 .text.dotProduct
                0x0800e768       0x50 ..\obj\GCode.o
                0x0800e768                dotProduct
 .text.crossProduct
                0x0800e7b8       0xa4 ..\obj\GCode.o
                0x0800e7b8                crossProduct
 .text.initArcStruct
                0x0800e85c       0x2c ..\obj\GCode.o
                0x0800e85c                initArcStruct
 .text.sprintfPoint
                0x0800e888       0x5c ..\obj\GCode.o
                0x0800e888                sprintfPoint
 .text.sprintfVector
                0x0800e8e4       0x70 ..\obj\GCode.o
                0x0800e8e4                sprintfVector
 .text.printVector
                0x0800e954       0x78 ..\obj\GCode.o
                0x0800e954                printVector
 .text.printExecutionPtrXYZ
                0x0800e9cc       0xb0 ..\obj\GCode.o
                0x0800e9cc                printExecutionPtrXYZ
 .text.G_Code_G0_0
                0x0800ea7c       0x40 ..\obj\GCode.o
                0x0800ea7c                G_Code_G0_0
 .text.checkG0JogArgumentsOkay
                0x0800eabc      0x438 ..\obj\GCode.o
                0x0800eabc                checkG0JogArgumentsOkay
 .text.G_Code_G0_1
                0x0800eef4       0x34 ..\obj\GCode.o
                0x0800eef4                G_Code_G0_1
 .text.G_Code_G0_2
                0x0800ef28       0x3e ..\obj\GCode.o
                0x0800ef28                G_Code_G0_2
 .text.G_Code_G0_3
                0x0800ef66       0x3e ..\obj\GCode.o
                0x0800ef66                G_Code_G0_3
 .text.G_Code_G0
                0x0800efa4       0x58 ..\obj\GCode.o
                0x0800efa4                G_Code_G0
 .text.G_Code_G1_0
                0x0800effc       0x18 ..\obj\GCode.o
                0x0800effc                G_Code_G1_0
 .text.G_Code_G1_1
                0x0800f014      0x424 ..\obj\GCode.o
                0x0800f014                G_Code_G1_1
 .text.G_Code_G1
                0x0800f438       0x3c ..\obj\GCode.o
                0x0800f438                G_Code_G1
 .text.ExecuteArcPointMove
                0x0800f474      0x384 ..\obj\GCode.o
                0x0800f474                ExecuteArcPointMove
 .text.ExecuteG2G3PointMove
                0x0800f7f8      0x3f4 ..\obj\GCode.o
                0x0800f7f8                ExecuteG2G3PointMove
 .text.sendZBackToSpiralStartPosition
                0x0800fbec       0x58 ..\obj\GCode.o
                0x0800fbec                sendZBackToSpiralStartPosition
 .text.checkG2G3Errors
                0x0800fc44      0x4e8 ..\obj\GCode.o
                0x0800fc44                checkG2G3Errors
 *fill*         0x0801012c        0x4 
 .text.ProcessG2_3G3_3Command
                0x08010130      0xfa0 ..\obj\GCode.o
                0x08010130                ProcessG2_3G3_3Command
 .text.ProcessG2_2G3_2Command
                0x080110d0      0x7bc ..\obj\GCode.o
                0x080110d0                ProcessG2_2G3_2Command
 .text.ProcessG2_1G3_1Command
                0x0801188c      0x934 ..\obj\GCode.o
                0x0801188c                ProcessG2_1G3_1Command
 .text.frogToeCircle
                0x080121c0      0x1f4 ..\obj\GCode.o
                0x080121c0                frogToeCircle
 .text.ProcessG2G3Command
                0x080123b4      0x76c ..\obj\GCode.o
                0x080123b4                ProcessG2G3Command
 .text.G_Code_G2
                0x08012b20       0x78 ..\obj\GCode.o
                0x08012b20                G_Code_G2
 .text.G_Code_G3
                0x08012b98       0x78 ..\obj\GCode.o
                0x08012b98                G_Code_G3
 .text.G_Code_G4
                0x08012c10       0x9c ..\obj\GCode.o
                0x08012c10                G_Code_G4
 .text.setUpBoringCycle
                0x08012cac      0x14c ..\obj\GCode.o
                0x08012cac                setUpBoringCycle
 .text.G_Code_G12
                0x08012df8      0x470 ..\obj\GCode.o
                0x08012df8                G_Code_G12
 .text.G_Code_G13
                0x08013268      0x470 ..\obj\GCode.o
                0x08013268                G_Code_G13
 .text.setupArcMove
                0x080136d8      0x2b4 ..\obj\GCode.o
                0x080136d8                setupArcMove
 .text.StartFinalReturnToCenterArc
                0x0801398c       0xcc ..\obj\GCode.o
                0x0801398c                StartFinalReturnToCenterArc
 .text.StartMainFinishCircle
                0x08013a58       0xbc ..\obj\GCode.o
                0x08013a58                StartMainFinishCircle
 .text.StartMainFinishCircleSpiral
                0x08013b14        0xe ..\obj\GCode.o
                0x08013b14                StartMainFinishCircleSpiral
 *fill*         0x08013b22        0x2 
 .text.startMainRoughCircle
                0x08013b24      0x190 ..\obj\GCode.o
                0x08013b24                startMainRoughCircle
 .text.StartNextArcForPocketMill
                0x08013cb4        0xe ..\obj\GCode.o
                0x08013cb4                StartNextArcForPocketMill
 *fill*         0x08013cc2        0x2 
 .text.G_Code_G16
                0x08013cc4       0x1c ..\obj\GCode.o
                0x08013cc4                G_Code_G16
 .text.G_Code_G17
                0x08013ce0       0x1c ..\obj\GCode.o
                0x08013ce0                G_Code_G17
 .text.G_Code_G18
                0x08013cfc       0x1c ..\obj\GCode.o
                0x08013cfc                G_Code_G18
 .text.G_Code_G19
                0x08013d18       0x1c ..\obj\GCode.o
                0x08013d18                G_Code_G19
 .text.G_Code_G20
                0x08013d34       0x30 ..\obj\GCode.o
                0x08013d34                G_Code_G20
 .text.G_Code_G21
                0x08013d64       0x28 ..\obj\GCode.o
                0x08013d64                G_Code_G21
 .text.G_Code_G28_0
                0x08013d8c       0x30 ..\obj\GCode.o
                0x08013d8c                G_Code_G28_0
 .text.G_Code_G28_1
                0x08013dbc      0x25c ..\obj\GCode.o
                0x08013dbc                G_Code_G28_1
 .text.G_Code_G28
                0x08014018       0x3c ..\obj\GCode.o
                0x08014018                G_Code_G28
 .text.G_Code_G928
                0x08014054       0xe4 ..\obj\GCode.o
                0x08014054                G_Code_G928
 .text.G_Code_G29
                0x08014138        0xe ..\obj\GCode.o
                0x08014138                G_Code_G29
 *fill*         0x08014146        0x2 
 .text.startProbingMove
                0x08014148       0x54 ..\obj\GCode.o
                0x08014148                startProbingMove
 .text.G_Code_G38
                0x0801419c      0x1f4 ..\obj\GCode.o
                0x0801419c                G_Code_G38
 .text.G_Code_G53
                0x08014390       0x18 ..\obj\GCode.o
                0x08014390                G_Code_G53
 .text.G_Code_G54
                0x080143a8       0x1c ..\obj\GCode.o
                0x080143a8                G_Code_G54
 .text.G_Code_G55
                0x080143c4       0x1c ..\obj\GCode.o
                0x080143c4                G_Code_G55
 .text.G_Code_G56
                0x080143e0       0x1c ..\obj\GCode.o
                0x080143e0                G_Code_G56
 .text.G_Code_G57
                0x080143fc       0x1c ..\obj\GCode.o
                0x080143fc                G_Code_G57
 .text.G_Code_G58
                0x08014418       0x1c ..\obj\GCode.o
                0x08014418                G_Code_G58
 .text.G_Code_G59
                0x08014434       0x1c ..\obj\GCode.o
                0x08014434                G_Code_G59
 .text.SetFixtureOffset
                0x08014450       0x64 ..\obj\GCode.o
                0x08014450                SetFixtureOffset
 .text.G_Code_G70
                0x080144b4       0x18 ..\obj\GCode.o
                0x080144b4                G_Code_G70
 .text.G_Code_G71
                0x080144cc       0x18 ..\obj\GCode.o
                0x080144cc                G_Code_G71
 .text.G_Code_G73
                0x080144e4       0x1c ..\obj\GCode.o
                0x080144e4                G_Code_G73
 .text.G_Code_G74
                0x08014500       0x18 ..\obj\GCode.o
                0x08014500                G_Code_G74
 .text.G_Code_G76
                0x08014518       0x18 ..\obj\GCode.o
                0x08014518                G_Code_G76
 .text.G_Code_G77
                0x08014530       0x18 ..\obj\GCode.o
                0x08014530                G_Code_G77
 .text.KillCannedCycle
                0x08014548       0x9c ..\obj\GCode.o
                0x08014548                KillCannedCycle
 .text.G_Code_G80
                0x080145e4        0xc ..\obj\GCode.o
                0x080145e4                G_Code_G80
 .text.setupDrillCycleParameters
                0x080145f0      0x2a4 ..\obj\GCode.o
                0x080145f0                setupDrillCycleParameters
 .text.validateThreadPitch
                0x08014894       0x58 ..\obj\GCode.o
                0x08014894                validateThreadPitch
 .text.setupDrillTapCannedCycleVersion1
                0x080148ec      0x25c ..\obj\GCode.o
                0x080148ec                setupDrillTapCannedCycleVersion1
 .text.setupDrillTapCannedCycleVersion0
                0x08014b48      0x2a8 ..\obj\GCode.o
                0x08014b48                setupDrillTapCannedCycleVersion0
 .text.setupDrillTapCannedCycle
                0x08014df0      0x174 ..\obj\GCode.o
                0x08014df0                setupDrillTapCannedCycle
 .text.G_Code_G81
                0x08014f64       0x1c ..\obj\GCode.o
                0x08014f64                G_Code_G81
 .text.G_Code_G82
                0x08014f80       0x1c ..\obj\GCode.o
                0x08014f80                G_Code_G82
 .text.G_Code_G83
                0x08014f9c       0x1c ..\obj\GCode.o
                0x08014f9c                G_Code_G83
 .text.G_Code_G84
                0x08014fb8       0x1c ..\obj\GCode.o
                0x08014fb8                G_Code_G84
 .text.G_Code_G85
                0x08014fd4       0x18 ..\obj\GCode.o
                0x08014fd4                G_Code_G85
 .text.G_Code_G90
                0x08014fec       0x18 ..\obj\GCode.o
                0x08014fec                G_Code_G90
 .text.G_Code_G91
                0x08015004       0x18 ..\obj\GCode.o
                0x08015004                G_Code_G91
 .text.G_Code_G92
                0x0801501c      0x134 ..\obj\GCode.o
                0x0801501c                G_Code_G92
 .text.G_Code_G93
                0x08015150        0xc ..\obj\GCode.o
                0x08015150                G_Code_G93
 .text.G_Code_G214
                0x0801515c       0x14 ..\obj\GCode.o
                0x0801515c                G_Code_G214
 .text.G_Code_G215
                0x08015170       0x14 ..\obj\GCode.o
                0x08015170                G_Code_G215
 .text.initCylStruct
                0x08015184       0x18 ..\obj\GCode.o
                0x08015184                initCylStruct
 .text.G702_getMoveVector
                0x0801519c      0x234 ..\obj\GCode.o
                0x0801519c                G702_getMoveVector
 .text.makeOdd  0x080153d0       0x3e ..\obj\GCode.o
                0x080153d0                makeOdd
 *fill*         0x0801540e        0x2 
 .text.determineCircumferenceBasedOnZ
                0x08015410       0x44 ..\obj\GCode.o
                0x08015410                determineCircumferenceBasedOnZ
 .text.loadExecutionPtrGXYZRotE
                0x08015454      0x190 ..\obj\GCode.o
                0x08015454                loadExecutionPtrGXYZRotE
 .text.ProcessG702CylinderPrint
                0x080155e4      0x348 ..\obj\GCode.o
                0x080155e4                ProcessG702CylinderPrint
 .text.G_Code_G702_1
                0x0801592c      0x170 ..\obj\GCode.o
                0x0801592c                G_Code_G702_1
 .text.cylChangeDir
                0x08015a9c       0x30 ..\obj\GCode.o
                0x08015a9c                cylChangeDir
 .text.G_Code_G702_0
                0x08015acc      0xdbc ..\obj\GCode.o
                0x08015acc                G_Code_G702_0
 .text.G_Code_G702
                0x08016888       0x4c ..\obj\GCode.o
                0x08016888                G_Code_G702
 .text.calculateChecksum32
                0x080168d4       0x50 ..\obj\hyrel_can.o
                0x080168d4                calculateChecksum32
 .text.canIsValidAlias
                0x08016924       0x70 ..\obj\hyrel_can.o
                0x08016924                canIsValidAlias
 .text.canMsgIdToNumBytes
                0x08016994      0x174 ..\obj\hyrel_can.o
                0x08016994                canMsgIdToNumBytes
 .text.canCheckCanStruct
                0x08016b08       0xb8 ..\obj\hyrel_can.o
                0x08016b08                canCheckCanStruct
 .text.canTransmitOpenMailbox
                0x08016bc0       0x44 ..\obj\hyrel_can.o
                0x08016bc0                canTransmitOpenMailbox
 .text.canTransmit
                0x08016c04      0x1e0 ..\obj\hyrel_can.o
                0x08016c04                canTransmit
 .text.canTransmitSwPacket
                0x08016de4       0xb0 ..\obj\hyrel_can.o
                0x08016de4                canTransmitSwPacket
 .text.updateTxQueueIndices
                0x08016e94       0x60 ..\obj\hyrel_can.o
                0x08016e94                updateTxQueueIndices
 .text.checkForCanTransmitErrors
                0x08016ef4      0x11c ..\obj\hyrel_can.o
                0x08016ef4                checkForCanTransmitErrors
 .text.canProcessTxQueue
                0x08017010       0xd4 ..\obj\hyrel_can.o
                0x08017010                canProcessTxQueue
 .text.canGetTxQueueNextInPtr
                0x080170e4       0x5c ..\obj\hyrel_can.o
                0x080170e4                canGetTxQueueNextInPtr
 .text.canFillOutCanStruct
                0x08017140       0x98 ..\obj\hyrel_can.o
                0x08017140                canFillOutCanStruct
 .text.canAddToTxQueue
                0x080171d8      0x19c ..\obj\hyrel_can.o
                0x080171d8                canAddToTxQueue
 .text.WriteExtrusionCommandtoTxQue
                0x08017374       0x48 ..\obj\hyrel_can.o
                0x08017374                WriteExtrusionCommandtoTxQue
 .text.canPackIntoTxQueue1x32
                0x080173bc       0x9a ..\obj\hyrel_can.o
                0x080173bc                canPackIntoTxQueue1x32
 .text.canPackIntoTxQueue2x32
                0x08017456       0x9a ..\obj\hyrel_can.o
                0x08017456                canPackIntoTxQueue2x32
 .text.canPackIntoTxQueue1x32_2x16
                0x080174f0       0xa0 ..\obj\hyrel_can.o
                0x080174f0                canPackIntoTxQueue1x32_2x16
 .text.canPackIntoTxQueue1x16
                0x08017590       0xa6 ..\obj\hyrel_can.o
                0x08017590                canPackIntoTxQueue1x16
 .text.canPackIntoTxQueue2x16
                0x08017636       0xa6 ..\obj\hyrel_can.o
                0x08017636                canPackIntoTxQueue2x16
 .text.canPackIntoTxQueue3x16
                0x080176dc       0xa6 ..\obj\hyrel_can.o
                0x080176dc                canPackIntoTxQueue3x16
 .text.canPackIntoTxQueue4x16
                0x08017782       0xa6 ..\obj\hyrel_can.o
                0x08017782                canPackIntoTxQueue4x16
 .text.canPackIntoTxQueue1x8
                0x08017828       0x96 ..\obj\hyrel_can.o
                0x08017828                canPackIntoTxQueue1x8
 .text.canPackIntoTxQueue8x8
                0x080178be       0x9a ..\obj\hyrel_can.o
                0x080178be                canPackIntoTxQueue8x8
 .text.canPackIntoTxQueueNoData
                0x08017958       0x8e ..\obj\hyrel_can.o
                0x08017958                canPackIntoTxQueueNoData
 .text.canGetMailboxData
                0x080179e6       0x36 ..\obj\hyrel_can.o
                0x080179e6                canGetMailboxData
 .text.canMsgWaitingFifo0
                0x08017a1c       0x28 ..\obj\hyrel_can.o
                0x08017a1c                canMsgWaitingFifo0
 .text.canMsgWaitingFifo1
                0x08017a44       0x28 ..\obj\hyrel_can.o
                0x08017a44                canMsgWaitingFifo1
 .text.canReceiveFifo0
                0x08017a6c       0x40 ..\obj\hyrel_can.o
                0x08017a6c                canReceiveFifo0
 .text.canReceiveFifo1
                0x08017aac       0x40 ..\obj\hyrel_can.o
                0x08017aac                canReceiveFifo1
 .text.canAddToImmediateRxQueue
                0x08017aec       0xe0 ..\obj\hyrel_can.o
                0x08017aec                canAddToImmediateRxQueue
 .text.canAddToRxQueue
                0x08017bcc      0x3ec ..\obj\hyrel_can.o
                0x08017bcc                canAddToRxQueue
 .text.canPrepNextRx
                0x08017fb8       0xd8 ..\obj\hyrel_can.o
                0x08017fb8                canPrepNextRx
 .text.canReceiveString
                0x08018090       0x96 ..\obj\hyrel_can.o
                0x08018090                canReceiveString
 .text.canProcessTxQueueNoReturn
                0x08018126        0xc ..\obj\hyrel_can.o
                0x08018126                canProcessTxQueueNoReturn
 *fill*         0x08018132        0x2 
 .text.remapDevicePosition
                0x08018134       0x28 ..\obj\mailbox.o
                0x08018134                remapDevicePosition
 .text.getMailboxNum
                0x0801815c       0x50 ..\obj\mailbox.o
                0x0801815c                getMailboxNum
 .text.getInboxPointer
                0x080181ac       0x30 ..\obj\mailbox.o
                0x080181ac                getInboxPointer
 .text.getOutboxPointer
                0x080181dc       0x34 ..\obj\mailbox.o
                0x080181dc                getOutboxPointer
 .text.getWorkingBufferChecksum
                0x08018210       0x34 ..\obj\mailbox.o
                0x08018210                getWorkingBufferChecksum
 .text.convertUidToPassword
                0x08018244       0x2c ..\obj\mailbox.o
                0x08018244                convertUidToPassword
 .text.isAPhysicalDevice
                0x08018270       0x26 ..\obj\mailbox.o
                0x08018270                isAPhysicalDevice
 .text.isALogicalDevice
                0x08018296       0x26 ..\obj\mailbox.o
                0x08018296                isALogicalDevice
 .text.changeDevice
                0x080182bc       0x60 ..\obj\mailbox.o
                0x080182bc                changeDevice
 .text.deviceIsACO2Laser
                0x0801831c       0x6a ..\obj\mailbox.o
                0x0801831c                deviceIsACO2Laser
 .text.deviceIsAUvLightRay
                0x08018386       0x2a ..\obj\mailbox.o
                0x08018386                deviceIsAUvLightRay
 .text.deviceIsAHotbed
                0x080183b0       0x30 ..\obj\mailbox.o
                0x080183b0                deviceIsAHotbed
 .text.deviceIsACanAxisMotor
                0x080183e0       0x2a ..\obj\mailbox.o
                0x080183e0                deviceIsACanAxisMotor
 .text.deviceIsABttCanAxisMotor
                0x0801840a       0x2a ..\obj\mailbox.o
                0x0801840a                deviceIsABttCanAxisMotor
 .text.deviceHasAClosedLoopStepper
                0x08018434       0x3c ..\obj\mailbox.o
                0x08018434                deviceHasAClosedLoopStepper
 .text.deviceIsAFilamentDispenser
                0x08018470       0x2a ..\obj\mailbox.o
                0x08018470                deviceIsAFilamentDispenser
 .text.initInboxStruct
                0x0801849a       0x64 ..\obj\mailbox.o
                0x0801849a                initInboxStruct
 *fill*         0x080184fe        0x2 
 .text.initSystemInfo
                0x08018500      0x228 ..\obj\mailbox.o
                0x08018500                initSystemInfo
 .text.resetStickyErrorFlags
                0x08018728       0x40 ..\obj\mailbox.o
                0x08018728                resetStickyErrorFlags
 .text.initMailbox
                0x08018768      0x43c ..\obj\mailbox.o
                0x08018768                initMailbox
 .text.matchesAnAlias
                0x08018ba4       0x66 ..\obj\mailbox.o
                0x08018ba4                matchesAnAlias
 *fill*         0x08018c0a        0x2 
 .text.checkForValidDeviceCombination
                0x08018c0c      0x158 ..\obj\mailbox.o
                0x08018c0c                checkForValidDeviceCombination
 .text.deviceSoftwareRevisionIsAtOrAbove
                0x08018d64       0x82 ..\obj\mailbox.o
                0x08018d64                deviceSoftwareRevisionIsAtOrAbove
 .text.deviceSoftwareRevisionIsAtOrBelow
                0x08018de6       0x82 ..\obj\mailbox.o
                0x08018de6                deviceSoftwareRevisionIsAtOrBelow
 .text.getDeviceRegistrationString
                0x08018e68      0x19c ..\obj\mailbox.o
                0x08018e68                getDeviceRegistrationString
 .text.validCanMotorDeviceAddress
                0x08019004       0x2a ..\obj\mailbox.o
                0x08019004                validCanMotorDeviceAddress
 *fill*         0x0801902e        0x2 
 .text.getMotorPtrFromDeviceAddress
                0x08019030       0xe4 ..\obj\mailbox.o
                0x08019030                getMotorPtrFromDeviceAddress
 .text.getCanMotorIndexFromDeviceAddress
                0x08019114       0xb8 ..\obj\mailbox.o
                0x08019114                getCanMotorIndexFromDeviceAddress
 .text.startDeviceRegistration
                0x080191cc      0x2cc ..\obj\mailbox.o
                0x080191cc                startDeviceRegistration
 .text.finishDeviceRegistration
                0x08019498       0xa4 ..\obj\mailbox.o
                0x08019498                finishDeviceRegistration
 .text.tryToCleanUpGuiAfterDeviceRegistration
                0x0801953c      0x17c ..\obj\mailbox.o
                0x0801953c                tryToCleanUpGuiAfterDeviceRegistration
 .text.deviceRegistered
                0x080196b8       0x1e ..\obj\mailbox.o
                0x080196b8                deviceRegistered
 .text.removeCanMotorDeviceFromMotorStructure
                0x080196d6       0x7c ..\obj\mailbox.o
                0x080196d6                removeCanMotorDeviceFromMotorStructure
 *fill*         0x08019752        0x2 
 .text.removeAllRegisteredDevice
                0x08019754       0x8c ..\obj\mailbox.o
                0x08019754                removeAllRegisteredDevice
 .text.checkForMia
                0x080197e0      0x11c ..\obj\mailbox.o
                0x080197e0                checkForMia
 .text.sendInboxInfoToHost
                0x080198fc      0x2b0 ..\obj\mailbox.o
                0x080198fc                sendInboxInfoToHost
 .text.clearWorkingBuffer
                0x08019bac       0x18 ..\obj\mailbox.o
                0x08019bac                clearWorkingBuffer
 .text.isAHexChar
                0x08019bc4       0x40 ..\obj\mailbox.o
                0x08019bc4                isAHexChar
 .text.transferDevicePageDataFromHostToWorkingBuffer
                0x08019c04      0x19c ..\obj\mailbox.o
                0x08019c04                transferDevicePageDataFromHostToWorkingBuffer
 .text.transferDevicePageDataFromWorkingBufferToDevice
                0x08019da0       0x98 ..\obj\mailbox.o
                0x08019da0                transferDevicePageDataFromWorkingBufferToDevice
 .text.tableInfoTypeToPage
                0x08019e38       0x84 ..\obj\mailbox.o
                0x08019e38                tableInfoTypeToPage
 .text.transferDevicePageDataFromDeviceToWorkingBuffer
                0x08019ebc       0x5c ..\obj\mailbox.o
                0x08019ebc                transferDevicePageDataFromDeviceToWorkingBuffer
 .text.transferDevicePageDataFromWorkingBufferToHost
                0x08019f18      0x1d8 ..\obj\mailbox.o
                0x08019f18                transferDevicePageDataFromWorkingBufferToHost
 .text.getNextSoapstringCmdPtr
                0x0801a0f0       0x64 ..\obj\mailbox.o
                0x0801a0f0                getNextSoapstringCmdPtr
 .text.initFromSoapstring
                0x0801a154       0xdc ..\obj\mailbox.o
                0x0801a154                initFromSoapstring
 .text.eraseSystemSoapString
                0x0801a230       0x58 ..\obj\mailbox.o
                0x0801a230                eraseSystemSoapString
 .text.getNextWriteLocation
                0x0801a288       0x94 ..\obj\mailbox.o
                0x0801a288                getNextWriteLocation
 .text.writeSystemSoapString
                0x0801a31c       0xd4 ..\obj\mailbox.o
                0x0801a31c                writeSystemSoapString
 .text.SendNext407SoapString
                0x0801a3f0       0x70 ..\obj\mailbox.o
                0x0801a3f0                SendNext407SoapString
 .text.DeviceSoapstringWatchdog
                0x0801a460      0x1ec ..\obj\mailbox.o
                0x0801a460                DeviceSoapstringWatchdog
 .text.soapstringController
                0x0801a64c       0x10 ..\obj\mailbox.o
                0x0801a64c                soapstringController
 .text.resetSoapstringControl
                0x0801a65c       0x48 ..\obj\mailbox.o
                0x0801a65c                resetSoapstringControl
 .text.readDeviceSoapString
                0x0801a6a4       0x74 ..\obj\mailbox.o
                0x0801a6a4                readDeviceSoapString
 .text.transferSystemInfoToHost
                0x0801a718      0x238 ..\obj\mailbox.o
                0x0801a718                transferSystemInfoToHost
 .text.sendExtraStatusInfo
                0x0801a950      0x1a0 ..\obj\mailbox.o
                0x0801a950                sendExtraStatusInfo
 .text.sendSingleLineReport
                0x0801aaf0      0xa74 ..\obj\mailbox.o
                0x0801aaf0                sendSingleLineReport
 .text.sendUpdateToHost
                0x0801b564       0x60 ..\obj\mailbox.o
                0x0801b564                sendUpdateToHost
 .text.waitingForDeviceTemperature
                0x0801b5c4       0xe8 ..\obj\mailbox.o
                0x0801b5c4                waitingForDeviceTemperature
 .text.waitingForHotbedTemp
                0x0801b6ac       0x58 ..\obj\mailbox.o
                0x0801b6ac                waitingForHotbedTemp
 .text.waitingForChamberTemp
                0x0801b704       0x58 ..\obj\mailbox.o
                0x0801b704                waitingForChamberTemp
 .text.waitingForExtruderTemp
                0x0801b75c      0x108 ..\obj\mailbox.o
                0x0801b75c                waitingForExtruderTemp
 .text.eraseSystemCrashLog
                0x0801b864       0x64 ..\obj\mailbox.o
                0x0801b864                eraseSystemCrashLog
 .text.writeSystemCrashLog
                0x0801b8c8       0x30 ..\obj\mailbox.o
                0x0801b8c8                writeSystemCrashLog
 .text.sendCrashDataFromRAMtoFlash
                0x0801b8f8      0x1c4 ..\obj\mailbox.o
                0x0801b8f8                sendCrashDataFromRAMtoFlash
 .text.sendCrashDataFromRAM
                0x0801babc      0x268 ..\obj\mailbox.o
                0x0801babc                sendCrashDataFromRAM
 .text.sendCrashDataFromFlash
                0x0801bd24      0x32c ..\obj\mailbox.o
                0x0801bd24                sendCrashDataFromFlash
 .text.USBD_USR_DeviceDescriptor
                0x0801c050       0x24 ..\obj\usbd_desc.o
                0x0801c050                USBD_USR_DeviceDescriptor
 .text.USBD_USR_LangIDStrDescriptor
                0x0801c074       0x24 ..\obj\usbd_desc.o
                0x0801c074                USBD_USR_LangIDStrDescriptor
 .text.USBD_USR_ProductStrDescriptor
                0x0801c098       0x28 ..\obj\usbd_desc.o
                0x0801c098                USBD_USR_ProductStrDescriptor
 .text.USBD_USR_ManufacturerStrDescriptor
                0x0801c0c0       0x28 ..\obj\usbd_desc.o
                0x0801c0c0                USBD_USR_ManufacturerStrDescriptor
 .text.USBD_USR_SerialStrDescriptor
                0x0801c0e8       0x28 ..\obj\usbd_desc.o
                0x0801c0e8                USBD_USR_SerialStrDescriptor
 .text.USBD_USR_ConfigStrDescriptor
                0x0801c110       0x28 ..\obj\usbd_desc.o
                0x0801c110                USBD_USR_ConfigStrDescriptor
 .text.USBD_USR_InterfaceStrDescriptor
                0x0801c138       0x28 ..\obj\usbd_desc.o
                0x0801c138                USBD_USR_InterfaceStrDescriptor
 .text.GPIO_Init
                0x0801c160      0x11c ..\obj\stm32f4xx_gpio.o
                0x0801c160                GPIO_Init
 .text.GPIO_PinAFConfig
                0x0801c27c       0x92 ..\obj\stm32f4xx_gpio.o
                0x0801c27c                GPIO_PinAFConfig
 *fill*         0x0801c30e        0x2 
 .text.FLASH_Unlock
                0x0801c310       0x30 ..\obj\stm32f4xx_flash.o
                0x0801c310                FLASH_Unlock
 .text.FLASH_Lock
                0x0801c340       0x20 ..\obj\stm32f4xx_flash.o
                0x0801c340                FLASH_Lock
 .text.FLASH_EraseSector
                0x0801c360       0xc0 ..\obj\stm32f4xx_flash.o
                0x0801c360                FLASH_EraseSector
 .text.FLASH_ProgramWord
                0x0801c420       0x68 ..\obj\stm32f4xx_flash.o
                0x0801c420                FLASH_ProgramWord
 .text.FLASH_ProgramByte
                0x0801c488       0x68 ..\obj\stm32f4xx_flash.o
                0x0801c488                FLASH_ProgramByte
 .text.FLASH_GetStatus
                0x0801c4f0       0x6c ..\obj\stm32f4xx_flash.o
                0x0801c4f0                FLASH_GetStatus
 .text.FLASH_WaitForLastOperation
                0x0801c55c       0x30 ..\obj\stm32f4xx_flash.o
                0x0801c55c                FLASH_WaitForLastOperation
 .text.VCP_Init
                0x0801c58c       0x10 ..\obj\usbd_cdc_vcp.o
 .text.VCP_DeInit
                0x0801c59c       0x10 ..\obj\usbd_cdc_vcp.o
 .text.VCP_Ctrl
                0x0801c5ac      0x160 ..\obj\usbd_cdc_vcp.o
 .text.VCP_DataTx
                0x0801c70c       0x18 ..\obj\usbd_cdc_vcp.o
                0x0801c70c                VCP_DataTx
 .text.VCP_DataRx
                0x0801c724       0x44 ..\obj\usbd_cdc_vcp.o
                0x0801c724                VCP_DataRx
 .text.getAxisLabel
                0x0801c768       0x54 ..\obj\MotorDrivers.o
                0x0801c768                getAxisLabel
 .text.ClampToAxisLimitsInUPS
                0x0801c7bc       0x36 ..\obj\MotorDrivers.o
                0x0801c7bc                ClampToAxisLimitsInUPS
 *fill*         0x0801c7f2        0x2 
 .text.UpdateAxisLimitAndRates
                0x0801c7f4      0x118 ..\obj\MotorDrivers.o
                0x0801c7f4                UpdateAxisLimitAndRates
 .text.UpdateAxisTravelLimits
                0x0801c90c       0xe2 ..\obj\MotorDrivers.o
                0x0801c90c                UpdateAxisTravelLimits
 *fill*         0x0801c9ee        0x2 
 .text.ClampAndWarnToAxisRangeInPulses
                0x0801c9f0      0x370 ..\obj\MotorDrivers.o
                0x0801c9f0                ClampAndWarnToAxisRangeInPulses
 .text.AllMotionMotorsAreEnabled
                0x0801cd60       0xa8 ..\obj\MotorDrivers.o
                0x0801cd60                AllMotionMotorsAreEnabled
 .text.EnableAllMotionMotors
                0x0801ce08       0x90 ..\obj\MotorDrivers.o
                0x0801ce08                EnableAllMotionMotors
 .text.DisableAllMotionMotors
                0x0801ce98       0x90 ..\obj\MotorDrivers.o
                0x0801ce98                DisableAllMotionMotors
 .text.NoAxisIsMoving
                0x0801cf28       0x44 ..\obj\MotorDrivers.o
                0x0801cf28                NoAxisIsMoving
 .text.ClearAllMotorG92Offset
                0x0801cf6c       0x40 ..\obj\MotorDrivers.o
                0x0801cf6c                ClearAllMotorG92Offset
 .text.ClearMotorFixtureOffsets
                0x0801cfac       0x36 ..\obj\MotorDrivers.o
                0x0801cfac                ClearMotorFixtureOffsets
 *fill*         0x0801cfe2        0x2 
 .text.ClearAllMotorFixtureOffsets
                0x0801cfe4       0x38 ..\obj\MotorDrivers.o
                0x0801cfe4                ClearAllMotorFixtureOffsets
 .text.ClearMotorHeadOffsets
                0x0801d01c       0x36 ..\obj\MotorDrivers.o
                0x0801d01c                ClearMotorHeadOffsets
 *fill*         0x0801d052        0x2 
 .text.ClearAllMotorHeadOffsets
                0x0801d054       0x38 ..\obj\MotorDrivers.o
                0x0801d054                ClearAllMotorHeadOffsets
 .text.SumOfAllMotorOffsets
                0x0801d08c       0xa0 ..\obj\MotorDrivers.o
                0x0801d08c                SumOfAllMotorOffsets
 .text.ResetAllMotionOffsetIndices
                0x0801d12c       0x2c ..\obj\MotorDrivers.o
                0x0801d12c                ResetAllMotionOffsetIndices
 .text.ClearAllMotorFlags
                0x0801d158       0x58 ..\obj\MotorDrivers.o
                0x0801d158                ClearAllMotorFlags
 .text.DisableMotionTimer
                0x0801d1b0       0x24 ..\obj\MotorDrivers.o
                0x0801d1b0                DisableMotionTimer
 .text.DisableMotionTimers
                0x0801d1d4       0x70 ..\obj\MotorDrivers.o
                0x0801d1d4                DisableMotionTimers
 .text.loadDominantTimer
                0x0801d244       0x48 ..\obj\MotorDrivers.o
                0x0801d244                loadDominantTimer
 .text.loadMotorTimer
                0x0801d28c       0x56 ..\obj\MotorDrivers.o
                0x0801d28c                loadMotorTimer
 *fill*         0x0801d2e2        0x2 
 .text.EnableMotionTimers
                0x0801d2e4       0xe8 ..\obj\MotorDrivers.o
                0x0801d2e4                EnableMotionTimers
 .text.PrepareForNextMove
                0x0801d3cc       0x10 ..\obj\MotorDrivers.o
                0x0801d3cc                PrepareForNextMove
 .text.StartMove
                0x0801d3dc       0x20 ..\obj\MotorDrivers.o
                0x0801d3dc                StartMove
 .text.setWatchdogBasedOnMoveTime
                0x0801d3fc       0xcc ..\obj\MotorDrivers.o
                0x0801d3fc                setWatchdogBasedOnMoveTime
 .text.getMotionRateInUPS
                0x0801d4c8       0x74 ..\obj\MotorDrivers.o
                0x0801d4c8                getMotionRateInUPS
 .text.changeDominantAxisToC
                0x0801d53c       0xc8 ..\obj\MotorDrivers.o
                0x0801d53c                changeDominantAxisToC
 .text.CheckForNewFlowRate
                0x0801d604      0x610 ..\obj\MotorDrivers.o
                0x0801d604                CheckForNewFlowRate
 .text.CheckForNewFeedrate
                0x0801dc14       0x84 ..\obj\MotorDrivers.o
                0x0801dc14                CheckForNewFeedrate
 .text.CalculateTimerControls
                0x0801dc98      0x16c ..\obj\MotorDrivers.o
                0x0801dc98                CalculateTimerControls
 .text.loadAndRunLatheTimer
                0x0801de04      0x12c ..\obj\MotorDrivers.o
                0x0801de04                loadAndRunLatheTimer
 .text.setupLatheModeToRun
                0x0801df30      0x114 ..\obj\MotorDrivers.o
                0x0801df30                setupLatheModeToRun
 .text.ExecuteSingleAxisMove
                0x0801e044       0x3c ..\obj\MotorDrivers.o
                0x0801e044                ExecuteSingleAxisMove
 .text.ExecuteHomingMove
                0x0801e080       0x9c ..\obj\MotorDrivers.o
                0x0801e080                ExecuteHomingMove
 .text.JogMotor
                0x0801e11c      0x1c0 ..\obj\MotorDrivers.o
                0x0801e11c                JogMotor
 .text.killMotorJogging
                0x0801e2dc       0x24 ..\obj\MotorDrivers.o
                0x0801e2dc                killMotorJogging
 .text.calcVelocity
                0x0801e300       0x5c ..\obj\MotorDrivers.o
                0x0801e300                calcVelocity
 .text.UpdateNextAccelerationFactor
                0x0801e35c       0xe0 ..\obj\MotorDrivers.o
                0x0801e35c                UpdateNextAccelerationFactor
 .text.latheSpeedControl
                0x0801e43c      0x1f0 ..\obj\MotorDrivers.o
                0x0801e43c                latheSpeedControl
 .text.finishMove
                0x0801e62c      0x150 ..\obj\MotorDrivers.o
                0x0801e62c                finishMove
 .text.ProcessMotion
                0x0801e77c      0x1ec ..\obj\MotorDrivers.o
                0x0801e77c                ProcessMotion
 .text.InitializeMotorParameters
                0x0801e968      0xf40 ..\obj\MotorDrivers.o
                0x0801e968                InitializeMotorParameters
 .text.isAutoPuffNeeded
                0x0801f8a8       0x2c ..\obj\MotorDrivers.o
                0x0801f8a8                isAutoPuffNeeded
 .text.isAutoPrimeoOrUnprimeNeeded
                0x0801f8d4      0x168 ..\obj\MotorDrivers.o
                0x0801f8d4                isAutoPrimeoOrUnprimeNeeded
 .text.motionQ_init
                0x0801fa3c      0x148 ..\obj\MotorDrivers.o
                0x0801fa3c                motionQ_init
 .text.motionQ_getCountdownDelayToExecuteMove
                0x0801fb84       0x18 ..\obj\MotorDrivers.o
                0x0801fb84                motionQ_getCountdownDelayToExecuteMove
 .text.motionQ_setCountdownDelayToExecuteMove
                0x0801fb9c       0x24 ..\obj\MotorDrivers.o
                0x0801fb9c                motionQ_setCountdownDelayToExecuteMove
 .text.motionQ_decrCountdownDelayToExecuteMove
                0x0801fbc0       0x2c ..\obj\MotorDrivers.o
                0x0801fbc0                motionQ_decrCountdownDelayToExecuteMove
 .text.motionQ_hasSpace
                0x0801fbec       0x2c ..\obj\MotorDrivers.o
                0x0801fbec                motionQ_hasSpace
 .text.motionQ_deleteNewestCommand
                0x0801fc18       0x60 ..\obj\MotorDrivers.o
                0x0801fc18                motionQ_deleteNewestCommand
 .text.motionQ_deleteCurrentMove
                0x0801fc78       0x50 ..\obj\MotorDrivers.o
                0x0801fc78                motionQ_deleteCurrentMove
 .text.motionQ_deleteCurrentMoveAndExecuteNextMove
                0x0801fcc8       0xf8 ..\obj\MotorDrivers.o
                0x0801fcc8                motionQ_deleteCurrentMoveAndExecuteNextMove
 .text.motionQ_nextAvailable
                0x0801fdc0       0x78 ..\obj\MotorDrivers.o
                0x0801fdc0                motionQ_nextAvailable
 .text.sendBlockRelativeAxisMove
                0x0801fe38       0x5c ..\obj\MotorDrivers.o
                0x0801fe38                sendBlockRelativeAxisMove
 .text.setupFlowInfo
                0x0801fe94      0x24c ..\obj\MotorDrivers.o
                0x0801fe94                setupFlowInfo
 .text.calculateIsrLimitedSpeed
                0x080200e0       0xd8 ..\obj\MotorDrivers.o
                0x080200e0                calculateIsrLimitedSpeed
 .text.motionQ_addCommand
                0x080201b8     0x1bdc ..\obj\MotorDrivers.o
                0x080201b8                motionQ_addCommand
 .text.motionQ_update
                0x08021d94      0x1a0 ..\obj\MotorDrivers.o
                0x08021d94                motionQ_update
 .text.motionQ_primeComplete
                0x08021f34       0x20 ..\obj\MotorDrivers.o
                0x08021f34                motionQ_primeComplete
 .text.motionQ_unprimeComplete
                0x08021f54       0x3c ..\obj\MotorDrivers.o
                0x08021f54                motionQ_unprimeComplete
 .text.motionQ_executeMove
                0x08021f90     0x1144 ..\obj\MotorDrivers.o
                0x08021f90                motionQ_executeMove
 .text.cleanupAfterAbortFinishes
                0x080230d4       0x18 ..\obj\MotorDrivers.o
                0x080230d4                cleanupAfterAbortFinishes
 .text.changeMotionQToPauseAtNextMoveBoundary
                0x080230ec      0x330 ..\obj\MotorDrivers.o
                0x080230ec                changeMotionQToPauseAtNextMoveBoundary
 .text.fixUnprimePrimeForPause
                0x0802341c       0xc4 ..\obj\MotorDrivers.o
                0x0802341c                fixUnprimePrimeForPause
 .text.fixUnprimePrimeForAbort
                0x080234e0       0x78 ..\obj\MotorDrivers.o
                0x080234e0                fixUnprimePrimeForAbort
 .text.stopHomingMove
                0x08023558      0x12c ..\obj\MotorDrivers.o
                0x08023558                stopHomingMove
 .text.motionQ_pauseMotionWhenSafe
                0x08023684       0x90 ..\obj\MotorDrivers.o
                0x08023684                motionQ_pauseMotionWhenSafe
 .text.changeMotionQToAbortAsSoonAsPossible
                0x08023714      0x4bc ..\obj\MotorDrivers.o
                0x08023714                changeMotionQToAbortAsSoonAsPossible
 .text.motionQ_abortMotionWhenSafe
                0x08023bd0      0x1e8 ..\obj\MotorDrivers.o
                0x08023bd0                motionQ_abortMotionWhenSafe
 .text.joggingDeInit
                0x08023db8       0x1c ..\obj\MotorDrivers.o
                0x08023db8                joggingDeInit
 .text.joggingInit
                0x08023dd4      0x1bc ..\obj\MotorDrivers.o
                0x08023dd4                joggingInit
 .text.joggingComplete
                0x08023f90       0x88 ..\obj\MotorDrivers.o
                0x08023f90                joggingComplete
 .text.joggingSetQPosition
                0x08024018       0x9c ..\obj\MotorDrivers.o
                0x08024018                joggingSetQPosition
 .text.joggingAbort
                0x080240b4      0x160 ..\obj\MotorDrivers.o
                0x080240b4                joggingAbort
 .text.joggingCalculateTimerControls
                0x08024214      0x428 ..\obj\MotorDrivers.o
                0x08024214                joggingCalculateTimerControls
 .text.joggingOkToProcessUpdate
                0x0802463c       0x90 ..\obj\MotorDrivers.o
                0x0802463c                joggingOkToProcessUpdate
 .text.joggingUpdatePulses
                0x080246cc      0x234 ..\obj\MotorDrivers.o
                0x080246cc                joggingUpdatePulses
 .text.getDeviceInitPtr
                0x08024900       0x54 ..\obj\headSetup.o
                0x08024900                getDeviceInitPtr
 .text.deviceTypeToString
                0x08024954       0x58 ..\obj\headSetup.o
                0x08024954                deviceTypeToString
 .text.deviceTypeIsADiodeLaser
                0x080249ac       0x30 ..\obj\headSetup.o
                0x080249ac                deviceTypeIsADiodeLaser
 .text.deviceTypeIsACO2Laser
                0x080249dc       0x30 ..\obj\headSetup.o
                0x080249dc                deviceTypeIsACO2Laser
 .text.devType2DevFamily
                0x08024a0c       0x48 ..\obj\headSetup.o
                0x08024a0c                devType2DevFamily
 .text.deviceSubtypeToString
                0x08024a54      0x124 ..\obj\headSetup.o
                0x08024a54                deviceSubtypeToString
 .text.devicePcbToString
                0x08024b78       0x60 ..\obj\headSetup.o
                0x08024b78                devicePcbToString
 .text.deviceRtdToString
                0x08024bd8       0x60 ..\obj\headSetup.o
                0x08024bd8                deviceRtdToString
 .text.softwareCodebaseToString
                0x08024c38       0x60 ..\obj\headSetup.o
                0x08024c38                softwareCodebaseToString
 .text.softwareCompileTargetToStringOLD
                0x08024c98       0x78 ..\obj\headSetup.o
                0x08024c98                softwareCompileTargetToStringOLD
 .text.softwareCompileTargetToString
                0x08024d10       0x74 ..\obj\headSetup.o
                0x08024d10                softwareCompileTargetToString
 .text.initSendSwitchFlagsAndMask
                0x08024d84      0x328 ..\obj\headSetup.o
                0x08024d84                initSendSwitchFlagsAndMask
 .text.initSendDefaultSwitchParams
                0x080250ac       0xe6 ..\obj\headSetup.o
                0x080250ac                initSendDefaultSwitchParams
 *fill*         0x08025192        0x2 
 .text.initDeviceFromDeviceTypeInitTable
                0x08025194      0x1bc ..\obj\headSetup.o
                0x08025194                initDeviceFromDeviceTypeInitTable
 .text.ReportMcodeError
                0x08025350       0x44 ..\obj\MCode.o
                0x08025350                ReportMcodeError
 .text.ReportInvalidMcodeArg
                0x08025394       0x64 ..\obj\MCode.o
                0x08025394                ReportInvalidMcodeArg
 .text.ReportInvalidMcodeArgInt
                0x080253f8       0x54 ..\obj\MCode.o
                0x080253f8                ReportInvalidMcodeArgInt
 .text.ReportMissingMcodeArg
                0x0802544c       0x44 ..\obj\MCode.o
                0x0802544c                ReportMissingMcodeArg
 .text.ReportMissingMcodeBArg
                0x08025490       0x14 ..\obj\MCode.o
                0x08025490                ReportMissingMcodeBArg
 .text.ReportMissingMcodeCArg
                0x080254a4       0x14 ..\obj\MCode.o
                0x080254a4                ReportMissingMcodeCArg
 .text.ReportMissingMcodeDArg
                0x080254b8       0x14 ..\obj\MCode.o
                0x080254b8                ReportMissingMcodeDArg
 .text.ReportMissingMcodeEArg
                0x080254cc       0x14 ..\obj\MCode.o
                0x080254cc                ReportMissingMcodeEArg
 .text.ReportMissingMcodeFArg
                0x080254e0       0x14 ..\obj\MCode.o
                0x080254e0                ReportMissingMcodeFArg
 .text.ReportMissingMcodeHArg
                0x080254f4       0x14 ..\obj\MCode.o
                0x080254f4                ReportMissingMcodeHArg
 .text.ReportMissingMcodeIArg
                0x08025508       0x14 ..\obj\MCode.o
                0x08025508                ReportMissingMcodeIArg
 .text.ReportMissingMcodeJArg
                0x0802551c       0x14 ..\obj\MCode.o
                0x0802551c                ReportMissingMcodeJArg
 .text.ReportMissingMcodePArg
                0x08025530       0x14 ..\obj\MCode.o
                0x08025530                ReportMissingMcodePArg
 .text.ReportMissingMcodeSArg
                0x08025544       0x14 ..\obj\MCode.o
                0x08025544                ReportMissingMcodeSArg
 .text.ReportMissingMcodeTArg
                0x08025558       0x14 ..\obj\MCode.o
                0x08025558                ReportMissingMcodeTArg
 .text.ReportMissingMcodeUArg
                0x0802556c       0x14 ..\obj\MCode.o
                0x0802556c                ReportMissingMcodeUArg
 .text.ReportMissingMcodeVArg
                0x08025580       0x14 ..\obj\MCode.o
                0x08025580                ReportMissingMcodeVArg
 .text.ReportMissingMcodeXArg
                0x08025594       0x14 ..\obj\MCode.o
                0x08025594                ReportMissingMcodeXArg
 .text.ReportMissingMcodeYArg
                0x080255a8       0x14 ..\obj\MCode.o
                0x080255a8                ReportMissingMcodeYArg
 .text.ReportInvalidMcodeCArg
                0x080255bc       0x24 ..\obj\MCode.o