Archive member included to satisfy reference by file (symbol)

c:/program files (x86)/gnu tools arm embedded/6 2017-q1-update/bin/../lib/gcc/arm-none-eabi/6.3.1/../../../../arm-none-eabi/lib/thumb/v7e-m/fpv4-sp/hard\libm.a(lib_a-s_cos.o)
                              ..\obj\GCode.o (cos)
c:/program files (x86)/gnu tools arm embedded/6 2017-q1-update/bin/../lib/gcc/arm-none-eabi/6.3.1/../../../../arm-none-eabi/lib/thumb/v7e-m/fpv4-sp/hard\libm.a(lib_a-s_round.o)
                              ..\obj\MCode.o (round)
c:/program files (x86)/gnu tools arm embedded/6 2017-q1-update/bin/../lib/gcc/arm-none-eabi/6.3.1/../../../../arm-none-eabi/lib/thumb/v7e-m/fpv4-sp/hard\libm.a(lib_a-s_sin.o)
                              ..\obj\GCode.o (sin)
c:/program files (x86)/gnu tools arm embedded/6 2017-q1-update/bin/../lib/gcc/arm-none-eabi/6.3.1/../../../../arm-none-eabi/lib/thumb/v7e-m/fpv4-sp/hard\libm.a(lib_a-s_tan.o)
                              ..\obj\GCode.o (tan)
c:/program files (x86)/gnu tools arm embedded/6 2017-q1-update/bin/../lib/gcc/arm-none-eabi/6.3.1/../../../../arm-none-eabi/lib/thumb/v7e-m/fpv4-sp/hard\libm.a(lib_a-sf_cos.o)
                              ..\obj\GCode.o (cosf)
c:/program files (x86)/gnu tools arm embedded/6 2017-q1-update/bin/../lib/gcc/arm-none-eabi/6.3.1/../../../../arm-none-eabi/lib/thumb/v7e-m/fpv4-sp/hard\libm.a(lib_a-sf_fmax.o)
                              ..\obj\main.o (fmaxf)
c:/program files (x86)/gnu tools arm embedded/6 2017-q1-update/bin/../lib/gcc/arm-none-eabi/6.3.1/../../../../arm-none-eabi/lib/thumb/v7e-m/fpv4-sp/hard\libm.a(lib_a-sf_fmin.o)
                              ..\obj\MotorDrivers.o (fminf)
c:/program files (x86)/gnu tools arm embedded/6 2017-q1-update/bin/../lib/gcc/arm-none-eabi/6.3.1/../../../../arm-none-eabi/lib/thumb/v7e-m/fpv4-sp/hard\libm.a(lib_a-sf_fpclassify.o)
                              c:/program files (x86)/gnu tools arm embedded/6 2017-q1-update/bin/../lib/gcc/arm-none-eabi/6.3.1/../../../../arm-none-eabi/lib/thumb/v7e-m/fpv4-sp/hard\libm.a(lib_a-sf_fmax.o) (__fpclassifyf)
c:/program files (x86)/gnu tools arm embedded/6 2017-q1-update/bin/../lib/gcc/arm-none-eabi/6.3.1/../../../../arm-none-eabi/lib/thumb/v7e-m/fpv4-sp/hard\libm.a(lib_a-sf_round.o)
                              ..\obj\GCode.o (roundf)
c:/program files (x86)/gnu tools arm embedded/6 2017-q1-update/bin/../lib/gcc/arm-none-eabi/6.3.1/../../../../arm-none-eabi/lib/thumb/v7e-m/fpv4-sp/hard\libm.a(lib_a-sf_sin.o)
                              ..\obj\GCode.o (sinf)
c:/program files (x86)/gnu tools arm embedded/6 2017-q1-update/bin/../lib/gcc/arm-none-eabi/6.3.1/../../../../arm-none-eabi/lib/thumb/v7e-m/fpv4-sp/hard\libm.a(lib_a-w_acos.o)
                              ..\obj\GCode.o (acos)
c:/program files (x86)/gnu tools arm embedded/6 2017-q1-update/bin/../lib/gcc/arm-none-eabi/6.3.1/../../../../arm-none-eabi/lib/thumb/v7e-m/fpv4-sp/hard\libm.a(lib_a-wf_acos.o)
                              ..\obj\GCode.o (acosf)
c:/program files (x86)/gnu tools arm embedded/6 2017-q1-update/bin/../lib/gcc/arm-none-eabi/6.3.1/../../../../arm-none-eabi/lib/thumb/v7e-m/fpv4-sp/hard\libm.a(lib_a-wf_atan2.o)
                              ..\obj\GCode.o (atan2f)
c:/program files (x86)/gnu tools arm embedded/6 2017-q1-update/bin/../lib/gcc/arm-none-eabi/6.3.1/../../../../arm-none-eabi/lib/thumb/v7e-m/fpv4-sp/hard\libm.a(lib_a-wf_fmod.o)
                              ..\obj\GCode.o (fmodf)
c:/program files (x86)/gnu tools arm embedded/6 2017-q1-update/bin/../lib/gcc/arm-none-eabi/6.3.1/../../../../arm-none-eabi/lib/thumb/v7e-m/fpv4-sp/hard\libm.a(lib_a-wf_pow.o)
                              ..\obj\main.o (powf)
c:/program files (x86)/gnu tools arm embedded/6 2017-q1-update/bin/../lib/gcc/arm-none-eabi/6.3.1/../../../../arm-none-eabi/lib/thumb/v7e-m/fpv4-sp/hard\libm.a(lib_a-e_acos.o)
                              c:/program files (x86)/gnu tools arm embedded/6 2017-q1-update/bin/../lib/gcc/arm-none-eabi/6.3.1/../../../../arm-none-eabi/lib/thumb/v7e-m/fpv4-sp/hard\libm.a(lib_a-w_acos.o) (__ieee754_acos)
c:/program files (x86)/gnu tools arm embedded/6 2017-q1-update/bin/../lib/gcc/arm-none-eabi/6.3.1/../../../../arm-none-eabi/lib/thumb/v7e-m/fpv4-sp/hard\libm.a(lib_a-e_rem_pio2.o)
                              c:/program files (x86)/gnu tools arm embedded/6 2017-q1-update/bin/../lib/gcc/arm-none-eabi/6.3.1/../../../../arm-none-eabi/lib/thumb/v7e-m/fpv4-sp/hard\libm.a(lib_a-s_cos.o) (__ieee754_rem_pio2)
c:/program files (x86)/gnu tools arm embedded/6 2017-q1-update/bin/../lib/gcc/arm-none-eabi/6.3.1/../../../../arm-none-eabi/lib/thumb/v7e-m/fpv4-sp/hard\libm.a(lib_a-e_sqrt.o)
                              c:/program files (x86)/gnu tools arm embedded/6 2017-q1-update/bin/../lib/gcc/arm-none-eabi/6.3.1/../../../../arm-none-eabi/lib/thumb/v7e-m/fpv4-sp/hard\libm.a(lib_a-e_acos.o) (__ieee754_sqrt)
[...]
Memory Configuration

Name             Origin             Length             Attributes
rom              0x08000000         0x00100000         xr
ram              0x20000000         0x00020000         xrw
*default*        0x00000000         0xffffffff

Linker script and memory map

LOAD ..\..\..\obj\master4.o
                0x20020000                _eram = 0x20020000

.text           0x08000000    0x4f22d
 *(.isr_vector .isr_vector.*)
 .isr_vector    0x08000000      0x188 ..\obj\startup_stm32f4xx.o
                0x08000000                g_pfnVectors
 *(.text .text.* .gnu.linkonce.t.*)
 .text.n2a      0x08000188       0x3a ..\..\..\obj\master4.o
                0x08000188                n2a
 .text.a2n      0x080001c2       0x2a ..\..\..\obj\master4.o
                0x080001c2                a2n
 .text.v2a      0x080001ec       0x54 ..\..\..\obj\master4.o
                0x080001ec                v2a
 .text.ReportSecKeyErrorMsg
                0x08000240       0x50 ..\..\..\obj\master4.o
                0x08000240                ReportSecKeyErrorMsg
 .text.ReportInvalidMachineInfoStr
                0x08000290       0x40 ..\..\..\obj\master4.o
                0x08000290                ReportInvalidMachineInfoStr
 .text.generateMachineInfoStr
                0x080002d0      0x4ac ..\..\..\obj\master4.o
                0x080002d0                generateMachineInfoStr
 .text.dump     0x0800077c       0xb0 ..\..\..\obj\master4.o
                0x0800077c                dump
 .text.generateMachinePasswordStr
                0x0800082c      0x7d8 ..\..\..\obj\master4.o
                0x0800082c                generateMachinePasswordStr
 .text.isSpecialBuildMachine
                0x08001004      0x210 ..\..\..\obj\master4.o
                0x08001004                isSpecialBuildMachine
 .text.initKey  0x08001214       0x50 ..\..\..\obj\master4.o
                0x08001214                initKey
 .text.validFirmwareKey
                0x08001264       0x4c ..\..\..\obj\master4.o
                0x08001264                validFirmwareKey
 .text.invalidateFirmwareKey
                0x080012b0       0x20 ..\..\..\obj\master4.o
                0x080012b0                invalidateFirmwareKey
 .text.real_M_Code_M686
                0x080012d0       0x58 ..\..\..\obj\master4.o
                0x080012d0                real_M_Code_M686
 .text.real_M_Code_M687
                0x08001328       0xe8 ..\..\..\obj\master4.o
                0x08001328                real_M_Code_M687
 .text.real_M_Code_M688
                0x08001410      0x17c ..\..\..\obj\master4.o
                0x08001410                real_M_Code_M688
 .text.SYSCFG_EXTILineConfig
                0x0800158c       0x84 ..\obj\stm32f4xx_syscfg.o
                0x0800158c                SYSCFG_EXTILineConfig
 .text.USB_OTG_EnableCommonInt
                0x08001610       0x44 ..\obj\usb_core.o
 .text.USB_OTG_CoreReset
                0x08001654       0x90 ..\obj\usb_core.o
 .text.USB_OTG_WritePacket
                0x080016e4       0x76 ..\obj\usb_core.o
                0x080016e4                USB_OTG_WritePacket
 .text.USB_OTG_ReadPacket
                0x0800175a       0x58 ..\obj\usb_core.o
                0x0800175a                USB_OTG_ReadPacket
 *fill*         0x080017b2        0x2 
 .text.USB_OTG_SelectCore
                0x080017b4      0x174 ..\obj\usb_core.o
                0x080017b4                USB_OTG_SelectCore
 .text.USB_OTG_CoreInit
                0x08001928      0x13a ..\obj\usb_core.o
                0x08001928                USB_OTG_CoreInit
 .text.USB_OTG_EnableGlobalInt
                0x08001a62       0x36 ..\obj\usb_core.o
                0x08001a62                USB_OTG_EnableGlobalInt
 .text.USB_OTG_DisableGlobalInt
                0x08001a98       0x38 ..\obj\usb_core.o
                0x08001a98                USB_OTG_DisableGlobalInt
 .text.USB_OTG_FlushTxFifo
                0x08001ad0       0x74 ..\obj\usb_core.o
                0x08001ad0                USB_OTG_FlushTxFifo
 .text.USB_OTG_FlushRxFifo
                0x08001b44       0x60 ..\obj\usb_core.o
                0x08001b44                USB_OTG_FlushRxFifo
 .text.USB_OTG_SetCurrentMode
                0x08001ba4       0x5e ..\obj\usb_core.o
                0x08001ba4                USB_OTG_SetCurrentMode
 .text.USB_OTG_GetMode
                0x08001c02       0x1e ..\obj\usb_core.o
                0x08001c02                USB_OTG_GetMode
 .text.USB_OTG_IsDeviceMode
                0x08001c20       0x22 ..\obj\usb_core.o
                0x08001c20                USB_OTG_IsDeviceMode
 .text.USB_OTG_ReadCoreItr
                0x08001c42       0x2e ..\obj\usb_core.o
                0x08001c42                USB_OTG_ReadCoreItr
 .text.USB_OTG_InitDevSpeed
                0x08001c70       0x38 ..\obj\usb_core.o
                0x08001c70                USB_OTG_InitDevSpeed
 .text.USB_OTG_CoreInitDev
                0x08001ca8      0x262 ..\obj\usb_core.o
                0x08001ca8                USB_OTG_CoreInitDev
 .text.USB_OTG_EnableDevInt
                0x08001f0a       0x98 ..\obj\usb_core.o
                0x08001f0a                USB_OTG_EnableDevInt
 .text.USB_OTG_GetDeviceSpeed
                0x08001fa2       0x48 ..\obj\usb_core.o
                0x08001fa2                USB_OTG_GetDeviceSpeed
 .text.USB_OTG_EP0Activate
                0x08001fea       0x76 ..\obj\usb_core.o
                0x08001fea                USB_OTG_EP0Activate
 .text.USB_OTG_EPActivate
                0x08002060       0xdc ..\obj\usb_core.o
                0x08002060                USB_OTG_EPActivate
 .text.USB_OTG_EPDeactivate
                0x0800213c       0x8a ..\obj\usb_core.o
                0x0800213c                USB_OTG_EPDeactivate
 .text.USB_OTG_EPStartXfer
                0x080021c6      0x280 ..\obj\usb_core.o
                0x080021c6                USB_OTG_EPStartXfer
 .text.USB_OTG_EP0StartXfer
                0x08002446      0x1d4 ..\obj\usb_core.o
                0x08002446                USB_OTG_EP0StartXfer
 .text.USB_OTG_EPSetStall
                0x0800261a       0x86 ..\obj\usb_core.o
                0x0800261a                USB_OTG_EPSetStall
 .text.USB_OTG_EPClearStall
                0x080026a0       0x76 ..\obj\usb_core.o
                0x080026a0                USB_OTG_EPClearStall
 .text.USB_OTG_ReadDevAllOutEp_itr
                0x08002716       0x2c ..\obj\usb_core.o
                0x08002716                USB_OTG_ReadDevAllOutEp_itr
 .text.USB_OTG_ReadDevOutEP_itr
                0x08002742       0x36 ..\obj\usb_core.o
                0x08002742                USB_OTG_ReadDevOutEP_itr
 .text.USB_OTG_ReadDevAllInEPItr
                0x08002778       0x2c ..\obj\usb_core.o
                0x08002778                USB_OTG_ReadDevAllInEPItr
 .text.USB_OTG_EP0_OutStart
                0x080027a4       0x72 ..\obj\usb_core.o
                0x080027a4                USB_OTG_EP0_OutStart
 *fill*         0x08002816        0x2 
 .text.USBD_USR_Init
                0x08002818       0x18 ..\obj\usbd_usr.o
                0x08002818                USBD_USR_Init
 .text.USBD_USR_DeviceReset
                0x08002830       0x20 ..\obj\usbd_usr.o
                0x08002830                USBD_USR_DeviceReset
 .text.USBD_USR_DeviceConfigured
                0x08002850       0x18 ..\obj\usbd_usr.o
                0x08002850                USBD_USR_DeviceConfigured
 .text.USBD_USR_DeviceSuspended
                0x08002868       0x18 ..\obj\usbd_usr.o
                0x08002868                USBD_USR_DeviceSuspended
 .text.USBD_USR_DeviceResumed
                0x08002880       0x18 ..\obj\usbd_usr.o
                0x08002880                USBD_USR_DeviceResumed
 .text.USBD_USR_DeviceConnected
                0x08002898       0x18 ..\obj\usbd_usr.o
                0x08002898                USBD_USR_DeviceConnected
 .text.USBD_USR_DeviceDisconnected
                0x080028b0       0x18 ..\obj\usbd_usr.o
                0x080028b0                USBD_USR_DeviceDisconnected
 .text.USBD_User_GetStatus
                0x080028c8       0x18 ..\obj\usbd_usr.o
                0x080028c8                USBD_User_GetStatus
 .text.NVIC_EnableIRQ
                0x080028e0       0x34 ..\obj\HardwareInit.o
 .text.InitGPIO
                0x08002914       0x68 ..\obj\HardwareInit.o
                0x08002914                InitGPIO
 .text.InitUSART3
                0x0800297c       0x5c ..\obj\HardwareInit.o
                0x0800297c                InitUSART3
 .text.InitUART4
                0x080029d8       0x5c ..\obj\HardwareInit.o
                0x080029d8                InitUART4
 .text.InitUSART6
                0x08002a34       0x5c ..\obj\HardwareInit.o
                0x08002a34                InitUSART6
 .text.InitAllUARTS
                0x08002a90       0x22 ..\obj\HardwareInit.o
                0x08002a90                InitAllUARTS
 *fill*         0x08002ab2        0x2 
 .text.CAN_Config
                0x08002ab4      0x100 ..\obj\HardwareInit.o
                0x08002ab4                CAN_Config
 .text.InitMotorTimer
                0x08002bb4      0x228 ..\obj\HardwareInit.o
                0x08002bb4                InitMotorTimer
 .text.InitTimer1
                0x08002ddc       0x74 ..\obj\HardwareInit.o
                0x08002ddc                InitTimer1
 .text.InitTimer3ForDelays
                0x08002e50       0x48 ..\obj\HardwareInit.o
                0x08002e50                InitTimer3ForDelays
 .text.InitCO2LaserTimer
                0x08002e98      0x100 ..\obj\HardwareInit.o
                0x08002e98                InitCO2LaserTimer
 .text.enableLatheMode
                0x08002f98       0xc4 ..\obj\HardwareInit.o
                0x08002f98                enableLatheMode
 .text.disableLatheMode
                0x0800305c       0x48 ..\obj\HardwareInit.o
                0x0800305c                disableLatheMode
 .text.InitTimer6
                0x080030a4       0x74 ..\obj\HardwareInit.o
                0x080030a4                InitTimer6
 .text.InitTimer7
                0x08003118       0x78 ..\obj\HardwareInit.o
                0x08003118                InitTimer7
 .text.DeInitLaser
                0x08003190       0x5c ..\obj\HardwareInit.o
                0x08003190                DeInitLaser
 .text.InitLaser
                0x080031ec      0x130 ..\obj\HardwareInit.o
                0x080031ec                InitLaser
 .text.initializeSpindleStruct
                0x0800331c       0x30 ..\obj\HardwareInit.o
                0x0800331c                initializeSpindleStruct
 .text.initializeInkjetStruct
                0x0800334c       0x20 ..\obj\HardwareInit.o
                0x0800334c                initializeInkjetStruct
 .text.initializeLaserStruct
                0x0800336c      0x148 ..\obj\HardwareInit.o
                0x0800336c                initializeLaserStruct
 .text.setFlasherVarPtr
                0x080034b4      0x360 ..\obj\HardwareInit.o
                0x080034b4                setFlasherVarPtr
 .text.InitGlobals
                0x08003814      0x128 ..\obj\HardwareInit.o
                0x08003814                InitGlobals
 .text.USART_Init
                0x0800393c      0x174 ..\obj\stm32f4xx_usart.o
                0x0800393c                USART_Init
 .text.USART_Cmd
                0x08003ab0       0x40 ..\obj\stm32f4xx_usart.o
                0x08003ab0                USART_Cmd
 .text.USART_ITConfig
                0x08003af0       0x90 ..\obj\stm32f4xx_usart.o
                0x08003af0                USART_ITConfig
 .text.deinitClkAndResetAPB1
                0x08003b80       0x34 ..\obj\util.o
                0x08003b80                deinitClkAndResetAPB1
 .text.initClkAndResetAPB1
                0x08003bb4       0x4c ..\obj\util.o
                0x08003bb4                initClkAndResetAPB1
 .text.initClkAndResetAPB2
                0x08003c00       0x4c ..\obj\util.o
                0x08003c00                initClkAndResetAPB2
 .text.interruptSetupAndDisable
                0x08003c4c       0x32 ..\obj\util.o
                0x08003c4c                interruptSetupAndDisable
 .text.interruptSetupAndEnable
                0x08003c7e       0x32 ..\obj\util.o
                0x08003c7e                interruptSetupAndEnable
 .text.imin     0x08003cb0       0x24 ..\obj\util.o
                0x08003cb0                imin
 .text.imax     0x08003cd4       0x24 ..\obj\util.o
                0x08003cd4                imax
 .text.iFitWithinRange
                0x08003cf8       0x32 ..\obj\util.o
                0x08003cf8                iFitWithinRange
 .text.fFitWithinRange
                0x08003d2a       0x52 ..\obj\util.o
                0x08003d2a                fFitWithinRange
 .text.interruptsOff
                0x08003d7c       0x26 ..\obj\util.o
                0x08003d7c                interruptsOff
 .text.interruptsOn
                0x08003da2       0x1c ..\obj\util.o
                0x08003da2                interruptsOn
 .text.fpu_sqrtf
                0x08003dbe       0x1e ..\obj\util.o
                0x08003dbe                fpu_sqrtf
 .text.getPidMethodStr
                0x08003ddc       0xc4 ..\obj\util.o
                0x08003ddc                getPidMethodStr
 .text.CAN_Init
                0x08003ea0      0x1a2 ..\obj\stm32f4xx_can.o
                0x08003ea0                CAN_Init
 *fill*         0x08004042        0x2 
 .text.CAN_FilterInit
                0x08004044      0x178 ..\obj\stm32f4xx_can.o
                0x08004044                CAN_FilterInit
 .text.CAN_StructInit
                0x080041bc       0x56 ..\obj\stm32f4xx_can.o
                0x080041bc                CAN_StructInit
 *fill*         0x08004212        0x2 
 .text.Default_Handler
                0x08004214       0x14 ..\obj\startup_stm32f4xx.o
                0x08004214                RTC_Alarm_IRQHandler
                0x08004214                HASH_RNG_IRQHandler
                0x08004214                TIM8_CC_IRQHandler
                0x08004214                TIM1_CC_IRQHandler
                0x08004214                DMA2_Stream5_IRQHandler
                0x08004214                DMA1_Stream5_IRQHandler
                0x08004214                PVD_IRQHandler
                0x08004214                SDIO_IRQHandler
                0x08004214                TAMP_STAMP_IRQHandler
                0x08004214                CAN2_RX1_IRQHandler
                0x08004214                I2C3_ER_IRQHandler
                0x08004214                I2C2_EV_IRQHandler
                0x08004214                DMA1_Stream2_IRQHandler
                0x08004214                CAN1_RX0_IRQHandler
                0x08004214                FPU_IRQHandler
                0x08004214                OTG_HS_WKUP_IRQHandler
                0x08004214                CAN2_SCE_IRQHandler
                0x08004214                DMA2_Stream2_IRQHandler
                0x08004214                SPI1_IRQHandler
                0x08004214                DCMI_IRQHandler
                0x08004214                CAN2_RX0_IRQHandler
                0x08004214                DMA2_Stream3_IRQHandler
                0x08004214                CRYP_IRQHandler
                0x08004214                CAN1_RX1_IRQHandler
                0x08004214                UART5_IRQHandler
                0x08004214                DMA2_Stream0_IRQHandler
                0x08004214                I2C1_EV_IRQHandler
                0x08004214                DMA1_Stream6_IRQHandler
                0x08004214                DMA1_Stream1_IRQHandler
                0x08004214                RCC_IRQHandler
                0x08004214                ADC_IRQHandler
                0x08004214                DMA1_Stream7_IRQHandler
                0x08004214                CAN2_TX_IRQHandler
                0x08004214                DMA2_Stream7_IRQHandler
                0x08004214                I2C3_EV_IRQHandler
                0x08004214                RTC_WKUP_IRQHandler
                0x08004214                ETH_WKUP_IRQHandler
                0x08004214                SPI2_IRQHandler
                0x08004214                OTG_HS_EP1_IN_IRQHandler
                0x08004214                DMA1_Stream0_IRQHandler
                0x08004214                CAN1_TX_IRQHandler
                0x08004214                FSMC_IRQHandler
                0x08004214                ETH_IRQHandler
                0x08004214                OTG_HS_EP1_OUT_IRQHandler
                0x08004214                WWDG_IRQHandler
                0x08004214                TIM2_IRQHandler
                0x08004214                OTG_HS_IRQHandler
                0x08004214                USART2_IRQHandler
                0x08004214                I2C2_ER_IRQHandler
                0x08004214                DMA2_Stream1_IRQHandler
                0x08004214                CAN1_SCE_IRQHandler
                0x08004214                FLASH_IRQHandler
                0x08004214                DMA2_Stream4_IRQHandler
                0x08004214                USART1_IRQHandler
                0x08004214                SPI3_IRQHandler
                0x08004214                DMA1_Stream4_IRQHandler
                0x08004214                I2C1_ER_IRQHandler
                0x08004214                DMA2_Stream6_IRQHandler
                0x08004214                DMA1_Stream3_IRQHandler
 .text.IWDG_ReloadCounter
                0x08004228       0x1c ..\obj\stm32f4xx_iwdg.o
                0x08004228                IWDG_ReloadCounter
 .text.USBD_Init
                0x08004244       0x56 ..\obj\usbd_core.o
                0x08004244                USBD_Init
 .text.USBD_DeInit
                0x0800429a       0x16 ..\obj\usbd_core.o
                0x0800429a                USBD_DeInit
 .text.USBD_SetupStage
                0x080042b0       0x6c ..\obj\usbd_core.o
 .text.USBD_DataOutStage
                0x0800431c       0xcc ..\obj\usbd_core.o
 .text.USBD_DataInStage
                0x080043e8      0x11a ..\obj\usbd_core.o
 *fill*         0x08004502        0x2 
 .text.USBD_RunTestMode
                0x08004504       0x24 ..\obj\usbd_core.o
 .text.USBD_Reset
                0x08004528       0x42 ..\obj\usbd_core.o
 .text.USBD_Resume
                0x0800456a       0x30 ..\obj\usbd_core.o
 .text.USBD_Suspend
                0x0800459a       0x30 ..\obj\usbd_core.o
 .text.USBD_SOF
                0x080045ca       0x2a ..\obj\usbd_core.o
 .text.USBD_SetCfg
                0x080045f4       0x30 ..\obj\usbd_core.o
                0x080045f4                USBD_SetCfg
 .text.USBD_ClrCfg
                0x08004624       0x26 ..\obj\usbd_core.o
                0x08004624                USBD_ClrCfg
 .text.USBD_IsoINIncomplete
                0x0800464a       0x1e ..\obj\usbd_core.o
 .text.USBD_IsoOUTIncomplete
                0x08004668       0x1e ..\obj\usbd_core.o
 *fill*         0x08004686        0x2 
 .text.pinInitAll
                0x08004688      0x190 ..\obj\pinInit.o
                0x08004688                pinInitAll
 .text.NVIC_SetPriority
                0x08004818       0x54 ..\obj\main.o
 .text.NVIC_SystemReset
                0x0800486c       0x28 ..\obj\main.o
 .text.SysTick_Config
                0x08004894       0x44 ..\obj\main.o
 .text.getNextRasterValue
                0x080048d8      0x214 ..\obj\main.o
                0x080048d8                getNextRasterValue
 .text.processRasterStep
                0x08004aec       0xec ..\obj\main.o
                0x08004aec                processRasterStep
 .text.TIM1_UP_TIM10_IRQHandler
                0x08004bd8      0x374 ..\obj\main.o
                0x08004bd8                TIM1_UP_TIM10_IRQHandler
 .text.TIM1_BRK_TIM9_IRQHandler
                0x08004f4c       0x3c ..\obj\main.o
                0x08004f4c                TIM1_BRK_TIM9_IRQHandler
 .text.TIM1_TRG_COM_TIM11_IRQHandler
                0x08004f88       0x3c ..\obj\main.o
                0x08004f88                TIM1_TRG_COM_TIM11_IRQHandler
 .text.TIM3_IRQHandler
                0x08004fc4       0x24 ..\obj\main.o
                0x08004fc4                TIM3_IRQHandler
 .text.TIM4_IRQHandler
                0x08004fe8       0x24 ..\obj\main.o
                0x08004fe8                TIM4_IRQHandler
 .text.TIM5_IRQHandler
                0x0800500c       0x44 ..\obj\main.o
                0x0800500c                TIM5_IRQHandler
 .text.TIM6_DAC_IRQHandler
                0x08005050       0xc4 ..\obj\main.o
                0x08005050                TIM6_DAC_IRQHandler
 .text.TIM7_IRQHandler
                0x08005114       0x94 ..\obj\main.o
                0x08005114                TIM7_IRQHandler
 .text.TIM8_BRK_TIM12_IRQHandler
                0x080051a8       0x50 ..\obj\main.o
                0x080051a8                TIM8_BRK_TIM12_IRQHandler
 .text.TIM8_UP_TIM13_IRQHandler
                0x080051f8       0x3c ..\obj\main.o
                0x080051f8                TIM8_UP_TIM13_IRQHandler
 .text.TIM8_TRG_COM_TIM14_IRQHandler
                0x08005234       0x3c ..\obj\main.o
                0x08005234                TIM8_TRG_COM_TIM14_IRQHandler
 .text.USARTx_IRQHandler
                0x08005270       0xb0 ..\obj\main.o
                0x08005270                USARTx_IRQHandler
 .text.USART3_IRQHandler
                0x08005320       0x14 ..\obj\main.o
                0x08005320                USART3_IRQHandler
 .text.UART4_IRQHandler
                0x08005334       0x14 ..\obj\main.o
                0x08005334                UART4_IRQHandler
 .text.USART6_IRQHandler
                0x08005348       0x14 ..\obj\main.o
                0x08005348                USART6_IRQHandler
 .text.DisableEXTI
                0x0800535c       0x48 ..\obj\main.o
                0x0800535c                DisableEXTI
 .text.SetupEXTI
                0x080053a4      0x2c4 ..\obj\main.o
                0x080053a4                SetupEXTI
 .text.setTouchPositionToCurrentPosition
                0x08005668       0x44 ..\obj\main.o
                0x08005668                setTouchPositionToCurrentPosition
 .text.TouchProbeSendResults
                0x080056ac      0x440 ..\obj\main.o
                0x080056ac                TouchProbeSendResults
 .text.TouchProbeFinished
                0x08005aec       0xb4 ..\obj\main.o
                0x08005aec                TouchProbeFinished
 .text.TouchProbeProcessContact
                0x08005ba0       0x1e ..\obj\main.o
                0x08005ba0                TouchProbeProcessContact
 *fill*         0x08005bbe        0x2 
 .text.EdgeTriggerDetected
                0x08005bc0       0x2c ..\obj\main.o
                0x08005bc0                EdgeTriggerDetected
 .text.EdgeTriggerSendResults
                0x08005bec       0x98 ..\obj\main.o
                0x08005bec                EdgeTriggerSendResults
 .text.Generic_EXTI_IRQHandler
                0x08005c84       0x5c ..\obj\main.o
                0x08005c84                Generic_EXTI_IRQHandler
 .text.EXTI0_IRQHandler
                0x08005ce0        0xc ..\obj\main.o
                0x08005ce0                EXTI0_IRQHandler
 .text.EXTI1_IRQHandler
                0x08005cec        0xc ..\obj\main.o
                0x08005cec                EXTI1_IRQHandler
 .text.EXTI2_IRQHandler
                0x08005cf8        0xc ..\obj\main.o
                0x08005cf8                EXTI2_IRQHandler
 .text.EXTI3_IRQHandler
                0x08005d04        0xc ..\obj\main.o
                0x08005d04                EXTI3_IRQHandler
 .text.EXTI4_IRQHandler
                0x08005d10        0xc ..\obj\main.o
                0x08005d10                EXTI4_IRQHandler
 .text.EXTI9_5_IRQHandler
                0x08005d1c        0xc ..\obj\main.o
                0x08005d1c                EXTI9_5_IRQHandler
 .text.EXTI15_10_IRQHandler
                0x08005d28        0xc ..\obj\main.o
                0x08005d28                EXTI15_10_IRQHandler
 .text.processEverySlice
                0x08005d34       0x98 ..\obj\main.o
                0x08005d34                processEverySlice
 .text.SysTick_Handler
                0x08005dcc      0x138 ..\obj\main.o
                0x08005dcc                SysTick_Handler
 .text.Crash_Handler
                0x08005f04       0x24 ..\obj\main.o
                0x08005f04                Crash_Handler
 .text.checkAndClearFlashStatus
                0x08005f28       0x84 ..\obj\main.o
                0x08005f28                checkAndClearFlashStatus
 .text.protectedIncrement
                0x08005fac       0x2e ..\obj\main.o
                0x08005fac                protectedIncrement
 .text.protectedDecrement
                0x08005fda       0x2e ..\obj\main.o
                0x08005fda                protectedDecrement
 .text.catastrophicError
                0x08006008       0x28 ..\obj\main.o
                0x08006008                catastrophicError
 .text.catastrophicErrorWithDebugInfo
                0x08006030      0x1b0 ..\obj\main.o
                0x08006030                catastrophicErrorWithDebugInfo
 .text.wait100ns
                0x080061e0       0x24 ..\obj\main.o
                0x080061e0                wait100ns
 .text.updateHssPwm
                0x08006204       0x6c ..\obj\main.o
                0x08006204                updateHssPwm
 .text.changeHssDuty
                0x08006270       0x3c ..\obj\main.o
                0x08006270                changeHssDuty
 .text.initHss  0x080062ac       0x84 ..\obj\main.o
                0x080062ac                initHss
 .text.initAllHss
                0x08006330       0xe4 ..\obj\main.o
                0x08006330                initAllHss
 .text.HssControl
                0x08006414       0x88 ..\obj\main.o
                0x08006414                HssControl
 .text.DDLightSelection
                0x0800649c      0x1c0 ..\obj\main.o
                0x0800649c                DDLightSelection
 .text.convertToolNumberToDevice
                0x0800665c       0x3c ..\obj\main.o
                0x0800665c                convertToolNumberToDevice
 .text.CopyToEndOfLine
                0x08006698       0xac ..\obj\main.o
                0x08006698                CopyToEndOfLine
 .text.processEndofCommandChar
                0x08006744       0x68 ..\obj\main.o
                0x08006744                processEndofCommandChar
 .text.SplitCurrentGcodeLine2Arguments
                0x080067ac      0x564 ..\obj\main.o
                0x080067ac                SplitCurrentGcodeLine2Arguments
 .text.CleanUpPointers
                0x08006d10       0x44 ..\obj\main.o
                0x08006d10                CleanUpPointers
 .text.FillArgumentBuffer
                0x08006d54       0x40 ..\obj\main.o
                0x08006d54                FillArgumentBuffer
 .text.processArgs
                0x08006d94       0x74 ..\obj\main.o
                0x08006d94                processArgs
 .text.ResetGcodeParseBuffer
                0x08006e08      0x12c ..\obj\main.o
                0x08006e08                ResetGcodeParseBuffer
 .text.cmdQueIsEmpty
                0x08006f34       0x20 ..\obj\main.o
                0x08006f34                cmdQueIsEmpty
 .text.cmdQueIsFull
                0x08006f54       0x20 ..\obj\main.o
                0x08006f54                cmdQueIsFull
 .text.printSerialInputStreamError
                0x08006f74       0x54 ..\obj\main.o
                0x08006f74                printSerialInputStreamError
 .text.serialProcessor
                0x08006fc8      0x160 ..\obj\main.o
                0x08006fc8                serialProcessor
 .text.InvalidateAllCmdArgs
                0x08007128       0xbc ..\obj\main.o
                0x08007128                InvalidateAllCmdArgs
 .text.CommandProcessor
                0x080071e4     0x1a34 ..\obj\main.o
                0x080071e4                CommandProcessor
 .text.EchoBackCommentString
                0x08008c18       0x3c ..\obj\main.o
                0x08008c18                EchoBackCommentString
 .text.getNextCommandIndex
                0x08008c54       0x26 ..\obj\main.o
                0x08008c54                getNextCommandIndex
 .text.getNextDeferredCommandIndex
                0x08008c7a       0x26 ..\obj\main.o
                0x08008c7a                getNextDeferredCommandIndex
 .text.ContinueToNextStep
                0x08008ca0       0x24 ..\obj\main.o
                0x08008ca0                ContinueToNextStep
 .text.AddCommandToQue
                0x08008cc4       0xc0 ..\obj\main.o
                0x08008cc4                AddCommandToQue
 .text.resetVariableOnJobEnd
                0x08008d84       0xd4 ..\obj\main.o
                0x08008d84                resetVariableOnJobEnd
 .text.initGCodeSequenceEngine
                0x08008e58      0x4e0 ..\obj\main.o
                0x08008e58                initGCodeSequenceEngine
 .text.setDrillTapMotorArgs
                0x08009338       0xc0 ..\obj\main.o
                0x08009338                setDrillTapMotorArgs
 .text.puff     0x080093f8       0x18 ..\obj\main.o
                0x080093f8                puff
 .text.processCannedCycle
                0x08009410      0x454 ..\obj\main.o
                0x08009410                processCannedCycle
 .text.deferredCmdQueueFull
                0x08009864       0x20 ..\obj\main.o
                0x08009864                deferredCmdQueueFull
 .text.copyCmdQueEntryToDeferredCmdQue
                0x08009884       0x94 ..\obj\main.o
                0x08009884                copyCmdQueEntryToDeferredCmdQue
 .text.processNextDeferredCommand
                0x08009918       0xe4 ..\obj\main.o
                0x08009918                processNextDeferredCommand
 .text.checkForCompletedAbort
                0x080099fc      0x1a4 ..\obj\main.o
                0x080099fc                checkForCompletedAbort
 .text.setPauseGcodeFlag
                0x08009ba0       0x4c ..\obj\main.o
                0x08009ba0                setPauseGcodeFlag
 .text.ResetProcess
                0x08009bec      0x148 ..\obj\main.o
                0x08009bec                ResetProcess
 .text.DwellTimer
                0x08009d34       0x24 ..\obj\main.o
                0x08009d34                DwellTimer
 .text.updateHostConnectionWatchDog
                0x08009d58       0x30 ..\obj\main.o
                0x08009d58                updateHostConnectionWatchDog
 .text.SequenceEngine
                0x08009d88      0x3a4 ..\obj\main.o
                0x08009d88                SequenceEngine
 .text.processCommand
                0x0800a12c     0x1814 ..\obj\main.o
                0x0800a12c                processCommand
 .text.getSliceCnt
                0x0800b940       0x18 ..\obj\main.o
                0x0800b940                getSliceCnt
 .text.pingReply
                0x0800b958       0x2c ..\obj\main.o
                0x0800b958                pingReply
 .text.getCurrentExecutingLineNumber
                0x0800b984       0x44 ..\obj\main.o
                0x0800b984                getCurrentExecutingLineNumber
 .text.ReportXYZLocation
                0x0800b9c8      0x204 ..\obj\main.o
                0x0800b9c8                ReportXYZLocation
 .text.spare    0x0800bbcc        0xe ..\obj\main.o
                0x0800bbcc                spare
 .text.ohNoMrBill
                0x0800bbda        0xe ..\obj\main.o
                0x0800bbda                ohNoMrBill
 .text.heartbeat
                0x0800bbe8       0x40 ..\obj\main.o
                0x0800bbe8                heartbeat
 .text.checkInWithHeads
                0x0800bc28        0xe ..\obj\main.o
                0x0800bc28                checkInWithHeads
 *fill*         0x0800bc36        0x2 
 .text.checkBlockingWaits
                0x0800bc38      0x284 ..\obj\main.o
                0x0800bc38                checkBlockingWaits
 .text.loop_1000Hz_simple_work
                0x0800bebc      0x128 ..\obj\main.o
                0x0800bebc                loop_1000Hz_simple_work
 .text.loop_100Hz_simple_work
                0x0800bfe4      0x224 ..\obj\main.o
                0x0800bfe4                loop_100Hz_simple_work
 .text.loop_10Hz_simple_work
                0x0800c208       0x48 ..\obj\main.o
                0x0800c208                loop_10Hz_simple_work
 .text.loop_1Hz_simple_work
                0x0800c250      0x12c ..\obj\main.o
                0x0800c250                loop_1Hz_simple_work
 .text.almostTheSameByPct
                0x0800c37c       0x4a ..\obj\main.o
                0x0800c37c                almostTheSameByPct
 .text.almostTheSameByDelta
                0x0800c3c6       0x42 ..\obj\main.o
                0x0800c3c6                almostTheSameByDelta
 .text.notAlmostTheSameByDelta
                0x0800c408       0x4a ..\obj\main.o
                0x0800c408                notAlmostTheSameByDelta
 *fill*         0x0800c452        0x2 
 .text.requireAllAxesToHome
                0x0800c454       0x60 ..\obj\main.o
                0x0800c454                requireAllAxesToHome
 .text.assertControlBit
                0x0800c4b4       0x46 ..\obj\main.o
                0x0800c4b4                assertControlBit
 .text.deassertControlBit
                0x0800c4fa       0x46 ..\obj\main.o
                0x0800c4fa                deassertControlBit
 .text.readControlBitValue
                0x0800c540       0x2a ..\obj\main.o
                0x0800c540                readControlBitValue
 .text.readControlBitState
                0x0800c56a       0x56 ..\obj\main.o
                0x0800c56a                readControlBitState
 .text.outputDirectionBit
                0x0800c5c0       0x82 ..\obj\main.o
                0x0800c5c0                outputDirectionBit
 .text.readDirectionBitValue
                0x0800c642       0x2a ..\obj\main.o
                0x0800c642                readDirectionBitValue
 .text.readDirectionBitState
                0x0800c66c       0x4a ..\obj\main.o
                0x0800c66c                readDirectionBitState
 .text.readSensorBitValue
                0x0800c6b6       0x2a ..\obj\main.o
                0x0800c6b6                readSensorBitValue
 .text.readSensorBitState
                0x0800c6e0       0x56 ..\obj\main.o
                0x0800c6e0                readSensorBitState
 .text.initSensor
                0x0800c736       0xc0 ..\obj\main.o
                0x0800c736                initSensor
 .text.setSensorStateToUnknown
                0x0800c7f6       0x3a ..\obj\main.o
                0x0800c7f6                setSensorStateToUnknown
 .text.updateSensorHistoryIfEnabledWithoutIrq
                0x0800c830       0x4a ..\obj\main.o
                0x0800c830                updateSensorHistoryIfEnabledWithoutIrq
 .text.readDebouncedSensorState
                0x0800c87a       0xd4 ..\obj\main.o
                0x0800c87a                readDebouncedSensorState
 .text.fastReadDebouncedSensorState
                0x0800c94e       0x72 ..\obj\main.o
                0x0800c94e                fastReadDebouncedSensorState
 .text.setSensorEnable
                0x0800c9c0       0x2e ..\obj\main.o
                0x0800c9c0                setSensorEnable
 .text.setSensorPolarityAndEnable
                0x0800c9ee       0x78 ..\obj\main.o
                0x0800c9ee                setSensorPolarityAndEnable
 *fill*         0x0800ca66        0x2 
 .text.checkStartButton
                0x0800ca68       0x8c ..\obj\main.o
                0x0800ca68                checkStartButton
 .text.sendEmoMessage
                0x0800caf4       0xdc ..\obj\main.o
                0x0800caf4                sendEmoMessage
 .text.checkEMO
                0x0800cbd0        0xe ..\obj\main.o
                0x0800cbd0                checkEMO
 .text.checkMotorSensor
                0x0800cbde       0x18 ..\obj\main.o
                0x0800cbde                checkMotorSensor
 *fill*         0x0800cbf6        0x2 
 .text.checkMotorFaultSensor
                0x0800cbf8       0x1c ..\obj\main.o
                0x0800cbf8                checkMotorFaultSensor
 .text.checkMotorLimit1Sensor
                0x0800cc14       0x24 ..\obj\main.o
                0x0800cc14                checkMotorLimit1Sensor
 .text.checkMotorLimit2Sensor
                0x0800cc38       0x64 ..\obj\main.o
                0x0800cc38                checkMotorLimit2Sensor
 .text.readInputs
                0x0800cc9c       0x10 ..\obj\main.o
                0x0800cc9c                readInputs
 .text.InitializeFixtureOffsets
                0x0800ccac       0x50 ..\obj\main.o
                0x0800ccac                InitializeFixtureOffsets
 .text.SetAxisHomePosition
                0x0800ccfc       0x58 ..\obj\main.o
                0x0800ccfc                SetAxisHomePosition
 .text.SetAllAxisHomePosition
                0x0800cd54       0x54 ..\obj\main.o
                0x0800cd54                SetAllAxisHomePosition
 .text.ProcessG28MultipassHoming
                0x0800cda8      0x3a4 ..\obj\main.o
                0x0800cda8                ProcessG28MultipassHoming
 .text.sendAxisHomedStatus
                0x0800d14c       0x60 ..\obj\main.o
                0x0800d14c                sendAxisHomedStatus
 .text.sendAllAxisHomedStatus
                0x0800d1ac        0xe ..\obj\main.o
                0x0800d1ac                sendAllAxisHomedStatus
 *fill*         0x0800d1ba        0x2 
 .text.getUIDString
                0x0800d1bc       0x88 ..\obj\main.o
                0x0800d1bc                getUIDString
 .text.sendFakeM687CompleteCode
                0x0800d244       0x44 ..\obj\main.o
                0x0800d244                sendFakeM687CompleteCode
 .text.sendRevisionString
                0x0800d288      0x1fc ..\obj\main.o
                0x0800d288                sendRevisionString
 .text.rebootingFromCrash
                0x0800d484       0x28 ..\obj\main.o
                0x0800d484                rebootingFromCrash
 .text.setResetSouceStr
                0x0800d4ac      0x260 ..\obj\main.o
                0x0800d4ac                setResetSouceStr
 .text.Reset_Handler
                0x0800d70c       0x80 ..\obj\main.o
                0x0800d70c                Reset_Handler
 .text.wiggleDebugIO
                0x0800d78c       0x14 ..\obj\main.o
                0x0800d78c                wiggleDebugIO
 .text.executeAnySpecialDebugStartCode
                0x0800d7a0        0xe ..\obj\main.o
                0x0800d7a0                executeAnySpecialDebugStartCode
 *fill*         0x0800d7ae        0x2 
 .text.main     0x0800d7b0      0x108 ..\obj\main.o
                0x0800d7b0                main
 .text.RCC_GetClocksFreq
                0x0800d8b8      0x150 ..\obj\stm32f4xx_rcc.o
                0x0800d8b8                RCC_GetClocksFreq
 .text.RCC_AHB1PeriphClockCmd
                0x0800da08       0x40 ..\obj\stm32f4xx_rcc.o
                0x0800da08                RCC_AHB1PeriphClockCmd
 .text.RCC_AHB2PeriphClockCmd
                0x0800da48       0x40 ..\obj\stm32f4xx_rcc.o
                0x0800da48                RCC_AHB2PeriphClockCmd
 .text.RCC_APB1PeriphClockCmd
                0x0800da88       0x40 ..\obj\stm32f4xx_rcc.o
                0x0800da88                RCC_APB1PeriphClockCmd
 .text.RCC_APB2PeriphClockCmd
                0x0800dac8       0x40 ..\obj\stm32f4xx_rcc.o
                0x0800dac8                RCC_APB2PeriphClockCmd
 .text.RCC_AHB1PeriphResetCmd
                0x0800db08       0x40 ..\obj\stm32f4xx_rcc.o
                0x0800db08                RCC_AHB1PeriphResetCmd
 .text.RCC_APB1PeriphResetCmd
                0x0800db48       0x40 ..\obj\stm32f4xx_rcc.o
                0x0800db48                RCC_APB1PeriphResetCmd
 .text.RCC_GetFlagStatus
                0x0800db88       0x74 ..\obj\stm32f4xx_rcc.o
                0x0800db88                RCC_GetFlagStatus
 .text.RCC_ClearFlag
                0x0800dbfc       0x20 ..\obj\stm32f4xx_rcc.o
                0x0800dbfc                RCC_ClearFlag
 .text.NMI_Handler
                0x0800dc1c       0x14 ..\obj\stm32f4xx_it.o
                0x0800dc1c                NMI_Handler
 .text.HardFault_Handler
                0x0800dc30       0x14 ..\obj\stm32f4xx_it.o
                0x0800dc30                HardFault_Handler
 .text.MemManage_Handler
                0x0800dc44       0x14 ..\obj\stm32f4xx_it.o
                0x0800dc44                MemManage_Handler
 .text.BusFault_Handler
                0x0800dc58       0x14 ..\obj\stm32f4xx_it.o
                0x0800dc58                BusFault_Handler
 .text.UsageFault_Handler
                0x0800dc6c       0x14 ..\obj\stm32f4xx_it.o
                0x0800dc6c                UsageFault_Handler
 .text.SVC_Handler
                0x0800dc80       0x14 ..\obj\stm32f4xx_it.o
                0x0800dc80                SVC_Handler
 .text.DebugMon_Handler
                0x0800dc94        0xe ..\obj\stm32f4xx_it.o
                0x0800dc94                DebugMon_Handler
 .text.PendSV_Handler
                0x0800dca2        0xe ..\obj\stm32f4xx_it.o
                0x0800dca2                PendSV_Handler
 .text.getArgFraction
                0x0800dcb0       0x42 ..\obj\GCode.o
                0x0800dcb0                getArgFraction
 *fill*         0x0800dcf2        0x2 
 .text.ReportUnknownFractionalGcode
                0x0800dcf4       0x50 ..\obj\GCode.o
                0x0800dcf4                ReportUnknownFractionalGcode
 .text.ReportGcodeError
                0x0800dd44       0x44 ..\obj\GCode.o
                0x0800dd44                ReportGcodeError
 .text.ReportInvalidGcodeArg
                0x0800dd88       0x64 ..\obj\GCode.o
                0x0800dd88                ReportInvalidGcodeArg
 .text.ReportMissingGcodeArg
                0x0800ddec       0x44 ..\obj\GCode.o
                0x0800ddec                ReportMissingGcodeArg
 .text.ReportMissingGcodeDArg
                0x0800de30       0x14 ..\obj\GCode.o
                0x0800de30                ReportMissingGcodeDArg
 .text.ReportMissingGcodeLArg
                0x0800de44       0x14 ..\obj\GCode.o
                0x0800de44                ReportMissingGcodeLArg
 .text.ReportMissingGcodePArg
                0x0800de58       0x14 ..\obj\GCode.o
                0x0800de58                ReportMissingGcodePArg
 .text.ReportMissingGcodeRArg
                0x0800de6c       0x14 ..\obj\GCode.o
                0x0800de6c                ReportMissingGcodeRArg
 .text.ReportMissingGcodeTArg
                0x0800de80       0x14 ..\obj\GCode.o
                0x0800de80                ReportMissingGcodeTArg
 .text.ReportMissingGcodePLArg
                0x0800de94       0x14 ..\obj\GCode.o
                0x0800de94                ReportMissingGcodePLArg
 .text.ReportInvalidGcodeEArg
                0x0800dea8       0x24 ..\obj\GCode.o
                0x0800dea8                ReportInvalidGcodeEArg
 .text.ReportInvalidGcodeHArg
                0x0800decc       0x24 ..\obj\GCode.o
                0x0800decc                ReportInvalidGcodeHArg
 .text.ReportInvalidGcodePArg
                0x0800def0       0x24 ..\obj\GCode.o
                0x0800def0                ReportInvalidGcodePArg
 .text.ReportInvalidGcodeSArg
                0x0800df14       0x24 ..\obj\GCode.o
                0x0800df14                ReportInvalidGcodeSArg
 .text.getMotorArg
                0x0800df38       0x2c ..\obj\GCode.o
                0x0800df38                getMotorArg
 .text.getMotorArgInMM
                0x0800df64       0x38 ..\obj\GCode.o
                0x0800df64                getMotorArgInMM
 .text.getMotorArgInDeg
                0x0800df9c       0x38 ..\obj\GCode.o
                0x0800df9c                getMotorArgInDeg
 .text.getMotorArgInNativeUnits
                0x0800dfd4       0x30 ..\obj\GCode.o
                0x0800dfd4                getMotorArgInNativeUnits
 .text.setMotorArg
                0x0800e004       0x2c ..\obj\GCode.o
                0x0800e004                setMotorArg
 .text.setMotorArgInMM
                0x0800e030       0x3c ..\obj\GCode.o
                0x0800e030                setMotorArgInMM
 .text.setMotorArgInDeg
                0x0800e06c       0x3c ..\obj\GCode.o
                0x0800e06c                setMotorArgInDeg
 .text.setMotorArgInNativeUnits
                0x0800e0a8       0x32 ..\obj\GCode.o
                0x0800e0a8                setMotorArgInNativeUnits
 *fill*         0x0800e0da        0x2 
 .text.setAllMotorArg
                0x0800e0dc       0x40 ..\obj\GCode.o
                0x0800e0dc                setAllMotorArg
 .text.convertArgFromMM
                0x0800e11c       0x2c ..\obj\GCode.o
                0x0800e11c                convertArgFromMM
 .text.convertArgToMM
                0x0800e148       0x2c ..\obj\GCode.o
                0x0800e148                convertArgToMM
 .text.motorArgPresent
                0x0800e174       0x34 ..\obj\GCode.o
                0x0800e174                motorArgPresent
 .text.motorArgNegativeOrZero
                0x0800e1a8       0x2a ..\obj\GCode.o
                0x0800e1a8                motorArgNegativeOrZero
 *fill*         0x0800e1d2        0x2 
 .text.getDeltaAxisValueInInputUnits
                0x0800e1d4       0xa8 ..\obj\GCode.o
                0x0800e1d4                getDeltaAxisValueInInputUnits
 .text.getDeltaEValueInInputUnits
                0x0800e27c       0x6c ..\obj\GCode.o
                0x0800e27c                getDeltaEValueInInputUnits
 .text.assignPoint
                0x0800e2e8       0x32 ..\obj\GCode.o
                0x0800e2e8                assignPoint
 .text.copyPoint
                0x0800e31a       0x2e ..\obj\GCode.o
                0x0800e31a                copyPoint
 .text.addPoints
                0x0800e348       0x5a ..\obj\GCode.o
                0x0800e348                addPoints
 .text.pointsAreTheSame
                0x0800e3a2       0x84 ..\obj\GCode.o
                0x0800e3a2                pointsAreTheSame
 .text.vectorsAreTheSame
                0x0800e426       0xa6 ..\obj\GCode.o
                0x0800e426                vectorsAreTheSame
 .text.getVectorMagnitude
                0x0800e4cc       0x56 ..\obj\GCode.o
                0x0800e4cc                getVectorMagnitude
 .text.normalizeVector
                0x0800e522       0x94 ..\obj\GCode.o
                0x0800e522                normalizeVector
 .text.assignVector
                0x0800e5b6       0x50 ..\obj\GCode.o
                0x0800e5b6                assignVector
 .text.assignVector2Pts
                0x0800e606       0x76 ..\obj\GCode.o
                0x0800e606                assignVector2Pts
 .text.scaleVector
                0x0800e67c       0x64 ..\obj\GCode.o
                0x0800e67c                scaleVector
 .text.dotProduct
                0x0800e6e0       0x50 ..\obj\GCode.o
                0x0800e6e0                dotProduct
 .text.crossProduct
                0x0800e730       0xa4 ..\obj\GCode.o
                0x0800e730                crossProduct
 .text.initArcStruct
                0x0800e7d4       0x2c ..\obj\GCode.o
                0x0800e7d4                initArcStruct
 .text.sprintfPoint
                0x0800e800       0x5c ..\obj\GCode.o
                0x0800e800                sprintfPoint
 .text.sprintfVector
                0x0800e85c       0x70 ..\obj\GCode.o
                0x0800e85c                sprintfVector
 .text.printVector
                0x0800e8cc       0x78 ..\obj\GCode.o
                0x0800e8cc                printVector
 .text.printExecutionPtrXYZ
                0x0800e944       0xb0 ..\obj\GCode.o
                0x0800e944                printExecutionPtrXYZ
 .text.G_Code_G0_0
                0x0800e9f4       0x40 ..\obj\GCode.o
                0x0800e9f4                G_Code_G0_0
 .text.checkG0JogArgumentsOkay
                0x0800ea34      0x438 ..\obj\GCode.o
                0x0800ea34                checkG0JogArgumentsOkay
 .text.G_Code_G0_1
                0x0800ee6c       0x34 ..\obj\GCode.o
                0x0800ee6c                G_Code_G0_1
 .text.G_Code_G0_2
                0x0800eea0       0x3e ..\obj\GCode.o
                0x0800eea0                G_Code_G0_2
 .text.G_Code_G0_3
                0x0800eede       0x3e ..\obj\GCode.o
                0x0800eede                G_Code_G0_3
 .text.G_Code_G0
                0x0800ef1c       0x58 ..\obj\GCode.o
                0x0800ef1c                G_Code_G0
 .text.G_Code_G1_0
                0x0800ef74       0x18 ..\obj\GCode.o
                0x0800ef74                G_Code_G1_0
 .text.G_Code_G1_1
                0x0800ef8c      0x424 ..\obj\GCode.o
                0x0800ef8c                G_Code_G1_1
 .text.G_Code_G1
                0x0800f3b0       0x3c ..\obj\GCode.o
                0x0800f3b0                G_Code_G1
 .text.ExecuteArcPointMove
                0x0800f3ec      0x384 ..\obj\GCode.o
                0x0800f3ec                ExecuteArcPointMove
 .text.ExecuteG2G3PointMove
                0x0800f770      0x3f4 ..\obj\GCode.o
                0x0800f770                ExecuteG2G3PointMove
 .text.sendZBackToSpiralStartPosition
                0x0800fb64       0x58 ..\obj\GCode.o
                0x0800fb64                sendZBackToSpiralStartPosition
 .text.checkG2G3Errors
                0x0800fbbc      0x4e8 ..\obj\GCode.o
                0x0800fbbc                checkG2G3Errors
 *fill*         0x080100a4        0x4 
 .text.ProcessG2_3G3_3Command
                0x080100a8      0xfa0 ..\obj\GCode.o
                0x080100a8                ProcessG2_3G3_3Command
 .text.ProcessG2_2G3_2Command
                0x08011048      0x7bc ..\obj\GCode.o
                0x08011048                ProcessG2_2G3_2Command
 .text.ProcessG2_1G3_1Command
                0x08011804      0x934 ..\obj\GCode.o
                0x08011804                ProcessG2_1G3_1Command
 .text.frogToeCircle
                0x08012138      0x1f4 ..\obj\GCode.o
                0x08012138                frogToeCircle
 .text.ProcessG2G3Command
                0x0801232c      0x76c ..\obj\GCode.o
                0x0801232c                ProcessG2G3Command
 .text.G_Code_G2
                0x08012a98       0x78 ..\obj\GCode.o
                0x08012a98                G_Code_G2
 .text.G_Code_G3
                0x08012b10       0x78 ..\obj\GCode.o
                0x08012b10                G_Code_G3
 .text.G_Code_G4
                0x08012b88       0x9c ..\obj\GCode.o
                0x08012b88                G_Code_G4
 .text.setUpBoringCycle
                0x08012c24      0x14c ..\obj\GCode.o
                0x08012c24                setUpBoringCycle
 .text.G_Code_G12
                0x08012d70      0x470 ..\obj\GCode.o
                0x08012d70                G_Code_G12
 .text.G_Code_G13
                0x080131e0      0x470 ..\obj\GCode.o
                0x080131e0                G_Code_G13
 .text.setupArcMove
                0x08013650      0x2b4 ..\obj\GCode.o
                0x08013650                setupArcMove
 .text.StartFinalReturnToCenterArc
                0x08013904       0xcc ..\obj\GCode.o
                0x08013904                StartFinalReturnToCenterArc
 .text.StartMainFinishCircle
                0x080139d0       0xbc ..\obj\GCode.o
                0x080139d0                StartMainFinishCircle
 .text.StartMainFinishCircleSpiral
                0x08013a8c        0xe ..\obj\GCode.o
                0x08013a8c                StartMainFinishCircleSpiral
 *fill*         0x08013a9a        0x2 
 .text.startMainRoughCircle
                0x08013a9c      0x190 ..\obj\GCode.o
                0x08013a9c                startMainRoughCircle
 .text.StartNextArcForPocketMill
                0x08013c2c        0xe ..\obj\GCode.o
                0x08013c2c                StartNextArcForPocketMill
 *fill*         0x08013c3a        0x2 
 .text.G_Code_G16
                0x08013c3c       0x1c ..\obj\GCode.o
                0x08013c3c                G_Code_G16
 .text.G_Code_G17
                0x08013c58       0x1c ..\obj\GCode.o
                0x08013c58                G_Code_G17
 .text.G_Code_G18
                0x08013c74       0x1c ..\obj\GCode.o
                0x08013c74                G_Code_G18
 .text.G_Code_G19
                0x08013c90       0x1c ..\obj\GCode.o
                0x08013c90                G_Code_G19
 .text.G_Code_G20
                0x08013cac       0x30 ..\obj\GCode.o
                0x08013cac                G_Code_G20
 .text.G_Code_G21
                0x08013cdc       0x28 ..\obj\GCode.o
                0x08013cdc                G_Code_G21
 .text.G_Code_G28_0
                0x08013d04       0x30 ..\obj\GCode.o
                0x08013d04                G_Code_G28_0
 .text.G_Code_G28_1
                0x08013d34      0x25c ..\obj\GCode.o
                0x08013d34                G_Code_G28_1
 .text.G_Code_G28
                0x08013f90       0x3c ..\obj\GCode.o
                0x08013f90                G_Code_G28
 .text.G_Code_G928
                0x08013fcc       0xe4 ..\obj\GCode.o
                0x08013fcc                G_Code_G928
 .text.G_Code_G29
                0x080140b0        0xe ..\obj\GCode.o
                0x080140b0                G_Code_G29
 *fill*         0x080140be        0x2 
 .text.startProbingMove
                0x080140c0       0x54 ..\obj\GCode.o
                0x080140c0                startProbingMove
 .text.G_Code_G38
                0x08014114      0x1f4 ..\obj\GCode.o
                0x08014114                G_Code_G38
 .text.G_Code_G53
                0x08014308       0x18 ..\obj\GCode.o
                0x08014308                G_Code_G53
 .text.G_Code_G54
                0x08014320       0x1c ..\obj\GCode.o
                0x08014320                G_Code_G54
 .text.G_Code_G55
                0x0801433c       0x1c ..\obj\GCode.o
                0x0801433c                G_Code_G55
 .text.G_Code_G56
                0x08014358       0x1c ..\obj\GCode.o
                0x08014358                G_Code_G56
 .text.G_Code_G57
                0x08014374       0x1c ..\obj\GCode.o
                0x08014374                G_Code_G57
 .text.G_Code_G58
                0x08014390       0x1c ..\obj\GCode.o
                0x08014390                G_Code_G58
 .text.G_Code_G59
                0x080143ac       0x1c ..\obj\GCode.o
                0x080143ac                G_Code_G59
 .text.SetFixtureOffset
                0x080143c8       0x64 ..\obj\GCode.o
                0x080143c8                SetFixtureOffset
 .text.G_Code_G70
                0x0801442c       0x18 ..\obj\GCode.o
                0x0801442c                G_Code_G70
 .text.G_Code_G71
                0x08014444       0x18 ..\obj\GCode.o
                0x08014444                G_Code_G71
 .text.G_Code_G73
                0x0801445c       0x1c ..\obj\GCode.o
                0x0801445c                G_Code_G73
 .text.G_Code_G74
                0x08014478       0x18 ..\obj\GCode.o
                0x08014478                G_Code_G74
 .text.G_Code_G76
                0x08014490       0x18 ..\obj\GCode.o
                0x08014490                G_Code_G76
 .text.G_Code_G77
                0x080144a8       0x18 ..\obj\GCode.o
                0x080144a8                G_Code_G77
 .text.KillCannedCycle
                0x080144c0       0x9c ..\obj\GCode.o
                0x080144c0                KillCannedCycle
 .text.G_Code_G80
                0x0801455c        0xc ..\obj\GCode.o
                0x0801455c                G_Code_G80
 .text.setupDrillCycleParameters
                0x08014568      0x2a4 ..\obj\GCode.o
                0x08014568                setupDrillCycleParameters
 .text.validateThreadPitch
                0x0801480c       0x58 ..\obj\GCode.o
                0x0801480c                validateThreadPitch
 .text.setupDrillTapCannedCycleVersion1
                0x08014864      0x25c ..\obj\GCode.o
                0x08014864                setupDrillTapCannedCycleVersion1
 .text.setupDrillTapCannedCycleVersion0
                0x08014ac0      0x2a8 ..\obj\GCode.o
                0x08014ac0                setupDrillTapCannedCycleVersion0
 .text.setupDrillTapCannedCycle
                0x08014d68      0x174 ..\obj\GCode.o
                0x08014d68                setupDrillTapCannedCycle
 .text.G_Code_G81
                0x08014edc       0x1c ..\obj\GCode.o
                0x08014edc                G_Code_G81
 .text.G_Code_G82
                0x08014ef8       0x1c ..\obj\GCode.o
                0x08014ef8                G_Code_G82
 .text.G_Code_G83
                0x08014f14       0x1c ..\obj\GCode.o
                0x08014f14                G_Code_G83
 .text.G_Code_G84
                0x08014f30       0x1c ..\obj\GCode.o
                0x08014f30                G_Code_G84
 .text.G_Code_G85
                0x08014f4c       0x18 ..\obj\GCode.o
                0x08014f4c                G_Code_G85
 .text.G_Code_G90
                0x08014f64       0x18 ..\obj\GCode.o
                0x08014f64                G_Code_G90
 .text.G_Code_G91
                0x08014f7c       0x18 ..\obj\GCode.o
                0x08014f7c                G_Code_G91
 .text.G_Code_G92
                0x08014f94      0x134 ..\obj\GCode.o
                0x08014f94                G_Code_G92
 .text.G_Code_G93
                0x080150c8        0xc ..\obj\GCode.o
                0x080150c8                G_Code_G93
 .text.G_Code_G214
                0x080150d4       0x14 ..\obj\GCode.o
                0x080150d4                G_Code_G214
 .text.G_Code_G215
                0x080150e8       0x14 ..\obj\GCode.o
                0x080150e8                G_Code_G215
 .text.initCylStruct
                0x080150fc       0x18 ..\obj\GCode.o
                0x080150fc                initCylStruct
 .text.G702_getMoveVector
                0x08015114      0x234 ..\obj\GCode.o
                0x08015114                G702_getMoveVector
 .text.makeOdd  0x08015348       0x3e ..\obj\GCode.o
                0x08015348                makeOdd
 *fill*         0x08015386        0x2 
 .text.determineCircumferenceBasedOnZ
                0x08015388       0x44 ..\obj\GCode.o
                0x08015388                determineCircumferenceBasedOnZ
 .text.loadExecutionPtrGXYZRotE
                0x080153cc      0x190 ..\obj\GCode.o
                0x080153cc                loadExecutionPtrGXYZRotE
 .text.ProcessG702CylinderPrint
                0x0801555c      0x348 ..\obj\GCode.o
                0x0801555c                ProcessG702CylinderPrint
 .text.G_Code_G702_1
                0x080158a4      0x170 ..\obj\GCode.o
                0x080158a4                G_Code_G702_1
 .text.cylChangeDir
                0x08015a14       0x30 ..\obj\GCode.o
                0x08015a14                cylChangeDir
 .text.G_Code_G702_0
                0x08015a44      0xdbc ..\obj\GCode.o
                0x08015a44                G_Code_G702_0
 .text.G_Code_G702
                0x08016800       0x4c ..\obj\GCode.o
                0x08016800                G_Code_G702
 .text.calculateChecksum32
                0x0801684c       0x50 ..\obj\hyrel_can.o
                0x0801684c                calculateChecksum32
 .text.canIsValidAlias
                0x0801689c       0x70 ..\obj\hyrel_can.o
                0x0801689c                canIsValidAlias
 .text.canMsgIdToNumBytes
                0x0801690c      0x174 ..\obj\hyrel_can.o
                0x0801690c                canMsgIdToNumBytes
 .text.canCheckCanStruct
                0x08016a80       0xb8 ..\obj\hyrel_can.o
                0x08016a80                canCheckCanStruct
 .text.canTransmitOpenMailbox
                0x08016b38       0x44 ..\obj\hyrel_can.o
                0x08016b38                canTransmitOpenMailbox
 .text.canTransmit
                0x08016b7c      0x1e0 ..\obj\hyrel_can.o
                0x08016b7c                canTransmit
 .text.canTransmitSwPacket
                0x08016d5c       0xb0 ..\obj\hyrel_can.o
                0x08016d5c                canTransmitSwPacket
 .text.updateTxQueueIndices
                0x08016e0c       0x60 ..\obj\hyrel_can.o
                0x08016e0c                updateTxQueueIndices
 .text.checkForCanTransmitErrors
                0x08016e6c      0x11c ..\obj\hyrel_can.o
                0x08016e6c                checkForCanTransmitErrors
 .text.canProcessTxQueue
                0x08016f88       0xd4 ..\obj\hyrel_can.o
                0x08016f88                canProcessTxQueue
 .text.canGetTxQueueNextInPtr
                0x0801705c       0x5c ..\obj\hyrel_can.o
                0x0801705c                canGetTxQueueNextInPtr
 .text.canFillOutCanStruct
                0x080170b8       0x98 ..\obj\hyrel_can.o
                0x080170b8                canFillOutCanStruct
 .text.canAddToTxQueue
                0x08017150      0x19c ..\obj\hyrel_can.o
                0x08017150                canAddToTxQueue
 .text.WriteExtrusionCommandtoTxQue
                0x080172ec       0x48 ..\obj\hyrel_can.o
                0x080172ec                WriteExtrusionCommandtoTxQue
 .text.canPackIntoTxQueue1x32
                0x08017334       0x9a ..\obj\hyrel_can.o
                0x08017334                canPackIntoTxQueue1x32
 .text.canPackIntoTxQueue2x32
                0x080173ce       0x9a ..\obj\hyrel_can.o
                0x080173ce                canPackIntoTxQueue2x32
 .text.canPackIntoTxQueue1x32_2x16
                0x08017468       0xa0 ..\obj\hyrel_can.o
                0x08017468                canPackIntoTxQueue1x32_2x16
 .text.canPackIntoTxQueue1x16
                0x08017508       0xa6 ..\obj\hyrel_can.o
                0x08017508                canPackIntoTxQueue1x16
 .text.canPackIntoTxQueue2x16
                0x080175ae       0xa6 ..\obj\hyrel_can.o
                0x080175ae                canPackIntoTxQueue2x16
 .text.canPackIntoTxQueue3x16
                0x08017654       0xa6 ..\obj\hyrel_can.o
                0x08017654                canPackIntoTxQueue3x16
 .text.canPackIntoTxQueue4x16
                0x080176fa       0xa6 ..\obj\hyrel_can.o
                0x080176fa                canPackIntoTxQueue4x16
 .text.canPackIntoTxQueue1x8
                0x080177a0       0x96 ..\obj\hyrel_can.o
                0x080177a0                canPackIntoTxQueue1x8
 .text.canPackIntoTxQueue8x8
                0x08017836       0x9a ..\obj\hyrel_can.o
                0x08017836                canPackIntoTxQueue8x8
 .text.canPackIntoTxQueueNoData
                0x080178d0       0x8e ..\obj\hyrel_can.o
                0x080178d0                canPackIntoTxQueueNoData
 .text.canGetMailboxData
                0x0801795e       0x36 ..\obj\hyrel_can.o
                0x0801795e                canGetMailboxData
 .text.canMsgWaitingFifo0
                0x08017994       0x28 ..\obj\hyrel_can.o
                0x08017994                canMsgWaitingFifo0
 .text.canMsgWaitingFifo1
                0x080179bc       0x28 ..\obj\hyrel_can.o
                0x080179bc                canMsgWaitingFifo1
 .text.canReceiveFifo0
                0x080179e4       0x40 ..\obj\hyrel_can.o
                0x080179e4                canReceiveFifo0
 .text.canReceiveFifo1
                0x08017a24       0x40 ..\obj\hyrel_can.o
                0x08017a24                canReceiveFifo1
 .text.canAddToImmediateRxQueue
                0x08017a64       0xe0 ..\obj\hyrel_can.o
                0x08017a64                canAddToImmediateRxQueue
 .text.canAddToRxQueue
                0x08017b44      0x3ec ..\obj\hyrel_can.o
                0x08017b44                canAddToRxQueue
 .text.canPrepNextRx
                0x08017f30       0xd8 ..\obj\hyrel_can.o
                0x08017f30                canPrepNextRx
 .text.canReceiveString
                0x08018008       0x96 ..\obj\hyrel_can.o
                0x08018008                canReceiveString
 .text.canProcessTxQueueNoReturn
                0x0801809e        0xc ..\obj\hyrel_can.o
                0x0801809e                canProcessTxQueueNoReturn
 *fill*         0x080180aa        0x2 
 .text.remapDevicePosition
                0x080180ac       0x28 ..\obj\mailbox.o
                0x080180ac                remapDevicePosition
 .text.getMailboxNum
                0x080180d4       0x50 ..\obj\mailbox.o
                0x080180d4                getMailboxNum
 .text.getInboxPointer
                0x08018124       0x30 ..\obj\mailbox.o
                0x08018124                getInboxPointer
 .text.getOutboxPointer
                0x08018154       0x34 ..\obj\mailbox.o
                0x08018154                getOutboxPointer
 .text.getWorkingBufferChecksum
                0x08018188       0x34 ..\obj\mailbox.o
                0x08018188                getWorkingBufferChecksum
 .text.convertUidToPassword
                0x080181bc       0x2c ..\obj\mailbox.o
                0x080181bc                convertUidToPassword
 .text.isAPhysicalDevice
                0x080181e8       0x26 ..\obj\mailbox.o
                0x080181e8                isAPhysicalDevice
 .text.isALogicalDevice
                0x0801820e       0x26 ..\obj\mailbox.o
                0x0801820e                isALogicalDevice
 .text.changeDevice
                0x08018234       0x60 ..\obj\mailbox.o
                0x08018234                changeDevice
 .text.deviceIsACO2Laser
                0x08018294       0x6a ..\obj\mailbox.o
                0x08018294                deviceIsACO2Laser
 .text.deviceIsAUvLightRay
                0x080182fe       0x2a ..\obj\mailbox.o
                0x080182fe                deviceIsAUvLightRay
 .text.deviceIsAHotbed
                0x08018328       0x30 ..\obj\mailbox.o
                0x08018328                deviceIsAHotbed
 .text.deviceIsACanAxisMotor
                0x08018358       0x2a ..\obj\mailbox.o
                0x08018358                deviceIsACanAxisMotor
 .text.deviceIsABttCanAxisMotor
                0x08018382       0x2a ..\obj\mailbox.o
                0x08018382                deviceIsABttCanAxisMotor
 .text.deviceHasAClosedLoopStepper
                0x080183ac       0x3c ..\obj\mailbox.o
                0x080183ac                deviceHasAClosedLoopStepper
 .text.deviceIsAFilamentDispenser
                0x080183e8       0x2a ..\obj\mailbox.o
                0x080183e8                deviceIsAFilamentDispenser
 .text.initInboxStruct
                0x08018412       0x64 ..\obj\mailbox.o
                0x08018412                initInboxStruct
 *fill*         0x08018476        0x2 
 .text.initSystemInfo
                0x08018478      0x228 ..\obj\mailbox.o
                0x08018478                initSystemInfo
 .text.resetStickyErrorFlags
                0x080186a0       0x40 ..\obj\mailbox.o
                0x080186a0                resetStickyErrorFlags
 .text.initMailbox
                0x080186e0      0x43c ..\obj\mailbox.o
                0x080186e0                initMailbox
 .text.matchesAnAlias
                0x08018b1c       0x66 ..\obj\mailbox.o
                0x08018b1c                matchesAnAlias
 *fill*         0x08018b82        0x2 
 .text.checkForValidDeviceCombination
                0x08018b84      0x158 ..\obj\mailbox.o
                0x08018b84                checkForValidDeviceCombination
 .text.deviceSoftwareRevisionIsAtOrAbove
                0x08018cdc       0x82 ..\obj\mailbox.o
                0x08018cdc                deviceSoftwareRevisionIsAtOrAbove
 .text.deviceSoftwareRevisionIsAtOrBelow
                0x08018d5e       0x82 ..\obj\mailbox.o
                0x08018d5e                deviceSoftwareRevisionIsAtOrBelow
 .text.getDeviceRegistrationString
                0x08018de0      0x19c ..\obj\mailbox.o
                0x08018de0                getDeviceRegistrationString
 .text.validCanMotorDeviceAddress
                0x08018f7c       0x2a ..\obj\mailbox.o
                0x08018f7c                validCanMotorDeviceAddress
 *fill*         0x08018fa6        0x2 
 .text.getMotorPtrFromDeviceAddress
                0x08018fa8       0xe4 ..\obj\mailbox.o
                0x08018fa8                getMotorPtrFromDeviceAddress
 .text.getCanMotorIndexFromDeviceAddress
                0x0801908c       0xb8 ..\obj\mailbox.o
                0x0801908c                getCanMotorIndexFromDeviceAddress
 .text.startDeviceRegistration
                0x08019144      0x2cc ..\obj\mailbox.o
                0x08019144                startDeviceRegistration
 .text.finishDeviceRegistration
                0x08019410       0xa4 ..\obj\mailbox.o
                0x08019410                finishDeviceRegistration
 .text.tryToCleanUpGuiAfterDeviceRegistration
                0x080194b4      0x17c ..\obj\mailbox.o
                0x080194b4                tryToCleanUpGuiAfterDeviceRegistration
 .text.deviceRegistered
                0x08019630       0x1e ..\obj\mailbox.o
                0x08019630                deviceRegistered
 .text.removeCanMotorDeviceFromMotorStructure
                0x0801964e       0x7c ..\obj\mailbox.o
                0x0801964e                removeCanMotorDeviceFromMotorStructure
 *fill*         0x080196ca        0x2 
 .text.removeAllRegisteredDevice
                0x080196cc       0x8c ..\obj\mailbox.o
                0x080196cc                removeAllRegisteredDevice
 .text.checkForMia
                0x08019758      0x11c ..\obj\mailbox.o
                0x08019758                checkForMia
 .text.sendInboxInfoToHost
                0x08019874      0x2b0 ..\obj\mailbox.o
                0x08019874                sendInboxInfoToHost
 .text.clearWorkingBuffer
                0x08019b24       0x18 ..\obj\mailbox.o
                0x08019b24                clearWorkingBuffer
 .text.isAHexChar
                0x08019b3c       0x40 ..\obj\mailbox.o
                0x08019b3c                isAHexChar
 .text.transferDevicePageDataFromHostToWorkingBuffer
                0x08019b7c      0x19c ..\obj\mailbox.o
                0x08019b7c                transferDevicePageDataFromHostToWorkingBuffer
 .text.transferDevicePageDataFromWorkingBufferToDevice
                0x08019d18       0x98 ..\obj\mailbox.o
                0x08019d18                transferDevicePageDataFromWorkingBufferToDevice
 .text.tableInfoTypeToPage
                0x08019db0       0x84 ..\obj\mailbox.o
                0x08019db0                tableInfoTypeToPage
 .text.transferDevicePageDataFromDeviceToWorkingBuffer
                0x08019e34       0x5c ..\obj\mailbox.o
                0x08019e34                transferDevicePageDataFromDeviceToWorkingBuffer
 .text.transferDevicePageDataFromWorkingBufferToHost
                0x08019e90      0x1d8 ..\obj\mailbox.o
                0x08019e90                transferDevicePageDataFromWorkingBufferToHost
 .text.getNextSoapstringCmdPtr
                0x0801a068       0x64 ..\obj\mailbox.o
                0x0801a068                getNextSoapstringCmdPtr
 .text.initFromSoapstring
                0x0801a0cc       0xdc ..\obj\mailbox.o
                0x0801a0cc                initFromSoapstring
 .text.eraseSystemSoapString
                0x0801a1a8       0x58 ..\obj\mailbox.o
                0x0801a1a8                eraseSystemSoapString
 .text.getNextWriteLocation
                0x0801a200       0x94 ..\obj\mailbox.o
                0x0801a200                getNextWriteLocation
 .text.writeSystemSoapString
                0x0801a294       0xd4 ..\obj\mailbox.o
                0x0801a294                writeSystemSoapString
 .text.SendNext407SoapString
                0x0801a368       0x70 ..\obj\mailbox.o
                0x0801a368                SendNext407SoapString
 .text.DeviceSoapstringWatchdog
                0x0801a3d8      0x1ec ..\obj\mailbox.o
                0x0801a3d8                DeviceSoapstringWatchdog
 .text.soapstringController
                0x0801a5c4       0x10 ..\obj\mailbox.o
                0x0801a5c4                soapstringController
 .text.resetSoapstringControl
                0x0801a5d4       0x48 ..\obj\mailbox.o
                0x0801a5d4                resetSoapstringControl
 .text.readDeviceSoapString
                0x0801a61c       0x74 ..\obj\mailbox.o
                0x0801a61c                readDeviceSoapString
 .text.transferSystemInfoToHost
                0x0801a690      0x238 ..\obj\mailbox.o
                0x0801a690                transferSystemInfoToHost
 .text.sendExtraStatusInfo
                0x0801a8c8      0x1a0 ..\obj\mailbox.o
                0x0801a8c8                sendExtraStatusInfo
 .text.sendSingleLineReport
                0x0801aa68      0xa74 ..\obj\mailbox.o
                0x0801aa68                sendSingleLineReport
 .text.sendUpdateToHost
                0x0801b4dc       0x60 ..\obj\mailbox.o
                0x0801b4dc                sendUpdateToHost
 .text.waitingForDeviceTemperature
                0x0801b53c       0xe8 ..\obj\mailbox.o
                0x0801b53c                waitingForDeviceTemperature
 .text.waitingForHotbedTemp
                0x0801b624       0x58 ..\obj\mailbox.o
                0x0801b624                waitingForHotbedTemp
 .text.waitingForChamberTemp
                0x0801b67c       0x58 ..\obj\mailbox.o
                0x0801b67c                waitingForChamberTemp
 .text.waitingForExtruderTemp
                0x0801b6d4      0x108 ..\obj\mailbox.o
                0x0801b6d4                waitingForExtruderTemp
 .text.eraseSystemCrashLog
                0x0801b7dc       0x64 ..\obj\mailbox.o
                0x0801b7dc                eraseSystemCrashLog
 .text.writeSystemCrashLog
                0x0801b840       0x30 ..\obj\mailbox.o
                0x0801b840                writeSystemCrashLog
 .text.sendCrashDataFromRAMtoFlash
                0x0801b870      0x1c4 ..\obj\mailbox.o
                0x0801b870                sendCrashDataFromRAMtoFlash
 .text.sendCrashDataFromRAM
                0x0801ba34      0x268 ..\obj\mailbox.o
                0x0801ba34                sendCrashDataFromRAM
 .text.sendCrashDataFromFlash
                0x0801bc9c      0x32c ..\obj\mailbox.o
                0x0801bc9c                sendCrashDataFromFlash
 .text.USBD_USR_DeviceDescriptor
                0x0801bfc8       0x24 ..\obj\usbd_desc.o
                0x0801bfc8                USBD_USR_DeviceDescriptor
 .text.USBD_USR_LangIDStrDescriptor
                0x0801bfec       0x24 ..\obj\usbd_desc.o
                0x0801bfec                USBD_USR_LangIDStrDescriptor
 .text.USBD_USR_ProductStrDescriptor
                0x0801c010       0x28 ..\obj\usbd_desc.o
                0x0801c010                USBD_USR_ProductStrDescriptor
 .text.USBD_USR_ManufacturerStrDescriptor
                0x0801c038       0x28 ..\obj\usbd_desc.o
                0x0801c038                USBD_USR_ManufacturerStrDescriptor
 .text.USBD_USR_SerialStrDescriptor
                0x0801c060       0x28 ..\obj\usbd_desc.o
                0x0801c060                USBD_USR_SerialStrDescriptor
 .text.USBD_USR_ConfigStrDescriptor
                0x0801c088       0x28 ..\obj\usbd_desc.o
                0x0801c088                USBD_USR_ConfigStrDescriptor
 .text.USBD_USR_InterfaceStrDescriptor
                0x0801c0b0       0x28 ..\obj\usbd_desc.o
                0x0801c0b0                USBD_USR_InterfaceStrDescriptor
 .text.GPIO_Init
                0x0801c0d8      0x11c ..\obj\stm32f4xx_gpio.o
                0x0801c0d8                GPIO_Init
 .text.GPIO_PinAFConfig
                0x0801c1f4       0x92 ..\obj\stm32f4xx_gpio.o
                0x0801c1f4                GPIO_PinAFConfig
 *fill*         0x0801c286        0x2 
 .text.FLASH_Unlock
                0x0801c288       0x30 ..\obj\stm32f4xx_flash.o
                0x0801c288                FLASH_Unlock
 .text.FLASH_Lock
                0x0801c2b8       0x20 ..\obj\stm32f4xx_flash.o
                0x0801c2b8                FLASH_Lock
 .text.FLASH_EraseSector
                0x0801c2d8       0xc0 ..\obj\stm32f4xx_flash.o
                0x0801c2d8                FLASH_EraseSector
 .text.FLASH_ProgramWord
                0x0801c398       0x68 ..\obj\stm32f4xx_flash.o
                0x0801c398                FLASH_ProgramWord
 .text.FLASH_ProgramByte
                0x0801c400       0x68 ..\obj\stm32f4xx_flash.o
                0x0801c400                FLASH_ProgramByte
 .text.FLASH_GetStatus
                0x0801c468       0x6c ..\obj\stm32f4xx_flash.o
                0x0801c468                FLASH_GetStatus
 .text.FLASH_WaitForLastOperation
                0x0801c4d4       0x30 ..\obj\stm32f4xx_flash.o
                0x0801c4d4                FLASH_WaitForLastOperation
 .text.VCP_Init
                0x0801c504       0x10 ..\obj\usbd_cdc_vcp.o
 .text.VCP_DeInit
                0x0801c514       0x10 ..\obj\usbd_cdc_vcp.o
 .text.VCP_Ctrl
                0x0801c524      0x160 ..\obj\usbd_cdc_vcp.o
 .text.VCP_DataTx
                0x0801c684       0x18 ..\obj\usbd_cdc_vcp.o
                0x0801c684                VCP_DataTx
 .text.VCP_DataRx
                0x0801c69c       0x44 ..\obj\usbd_cdc_vcp.o
                0x0801c69c                VCP_DataRx
 .text.getAxisLabel
                0x0801c6e0       0x54 ..\obj\MotorDrivers.o
                0x0801c6e0                getAxisLabel
 .text.ClampToAxisLimitsInUPS
                0x0801c734       0x36 ..\obj\MotorDrivers.o
                0x0801c734                ClampToAxisLimitsInUPS
 *fill*         0x0801c76a        0x2 
 .text.UpdateAxisLimitAndRates
                0x0801c76c      0x118 ..\obj\MotorDrivers.o
                0x0801c76c                UpdateAxisLimitAndRates
 .text.UpdateAxisTravelLimits
                0x0801c884       0xe2 ..\obj\MotorDrivers.o
                0x0801c884                UpdateAxisTravelLimits
 *fill*         0x0801c966        0x2 
 .text.ClampAndWarnToAxisRangeInPulses
                0x0801c968      0x370 ..\obj\MotorDrivers.o
                0x0801c968                ClampAndWarnToAxisRangeInPulses
 .text.AllMotionMotorsAreEnabled
                0x0801ccd8       0xa8 ..\obj\MotorDrivers.o
                0x0801ccd8                AllMotionMotorsAreEnabled
 .text.EnableAllMotionMotors
                0x0801cd80       0x90 ..\obj\MotorDrivers.o
                0x0801cd80                EnableAllMotionMotors
 .text.DisableAllMotionMotors
                0x0801ce10       0x90 ..\obj\MotorDrivers.o
                0x0801ce10                DisableAllMotionMotors
 .text.NoAxisIsMoving
                0x0801cea0       0x44 ..\obj\MotorDrivers.o
                0x0801cea0                NoAxisIsMoving
 .text.ClearAllMotorG92Offset
                0x0801cee4       0x40 ..\obj\MotorDrivers.o
                0x0801cee4                ClearAllMotorG92Offset
 .text.ClearMotorFixtureOffsets
                0x0801cf24       0x36 ..\obj\MotorDrivers.o
                0x0801cf24                ClearMotorFixtureOffsets
 *fill*         0x0801cf5a        0x2 
 .text.ClearAllMotorFixtureOffsets
                0x0801cf5c       0x38 ..\obj\MotorDrivers.o
                0x0801cf5c                ClearAllMotorFixtureOffsets
 .text.ClearMotorHeadOffsets
                0x0801cf94       0x36 ..\obj\MotorDrivers.o
                0x0801cf94                ClearMotorHeadOffsets
 *fill*         0x0801cfca        0x2 
 .text.ClearAllMotorHeadOffsets
                0x0801cfcc       0x38 ..\obj\MotorDrivers.o
                0x0801cfcc                ClearAllMotorHeadOffsets
 .text.SumOfAllMotorOffsets
                0x0801d004       0xa0 ..\obj\MotorDrivers.o
                0x0801d004                SumOfAllMotorOffsets
 .text.ResetAllMotionOffsetIndices
                0x0801d0a4       0x2c ..\obj\MotorDrivers.o
                0x0801d0a4                ResetAllMotionOffsetIndices
 .text.ClearAllMotorFlags
                0x0801d0d0       0x58 ..\obj\MotorDrivers.o
                0x0801d0d0                ClearAllMotorFlags
 .text.DisableMotionTimer
                0x0801d128       0x24 ..\obj\MotorDrivers.o
                0x0801d128                DisableMotionTimer
 .text.DisableMotionTimers
                0x0801d14c       0x70 ..\obj\MotorDrivers.o
                0x0801d14c                DisableMotionTimers
 .text.loadDominantTimer
                0x0801d1bc       0x48 ..\obj\MotorDrivers.o
                0x0801d1bc                loadDominantTimer
 .text.loadMotorTimer
                0x0801d204       0x56 ..\obj\MotorDrivers.o
                0x0801d204                loadMotorTimer
 *fill*         0x0801d25a        0x2 
 .text.EnableMotionTimers
                0x0801d25c       0xe8 ..\obj\MotorDrivers.o
                0x0801d25c                EnableMotionTimers
 .text.PrepareForNextMove
                0x0801d344       0x10 ..\obj\MotorDrivers.o
                0x0801d344                PrepareForNextMove
 .text.StartMove
                0x0801d354       0x20 ..\obj\MotorDrivers.o
                0x0801d354                StartMove
 .text.setWatchdogBasedOnMoveTime
                0x0801d374       0xcc ..\obj\MotorDrivers.o
                0x0801d374                setWatchdogBasedOnMoveTime
 .text.getMotionRateInUPS
                0x0801d440       0x74 ..\obj\MotorDrivers.o
                0x0801d440                getMotionRateInUPS
 .text.changeDominantAxisToC
                0x0801d4b4       0xc8 ..\obj\MotorDrivers.o
                0x0801d4b4                changeDominantAxisToC
 .text.CheckForNewFlowRate
                0x0801d57c      0x610 ..\obj\MotorDrivers.o
                0x0801d57c                CheckForNewFlowRate
 .text.CheckForNewFeedrate
                0x0801db8c       0x84 ..\obj\MotorDrivers.o
                0x0801db8c                CheckForNewFeedrate
 .text.CalculateTimerControls
                0x0801dc10      0x16c ..\obj\MotorDrivers.o
                0x0801dc10                CalculateTimerControls
 .text.loadAndRunLatheTimer
                0x0801dd7c      0x12c ..\obj\MotorDrivers.o
                0x0801dd7c                loadAndRunLatheTimer
 .text.setupLatheModeToRun
                0x0801dea8      0x114 ..\obj\MotorDrivers.o
                0x0801dea8                setupLatheModeToRun
 .text.ExecuteSingleAxisMove
                0x0801dfbc       0x3c ..\obj\MotorDrivers.o
                0x0801dfbc                ExecuteSingleAxisMove
 .text.ExecuteHomingMove
                0x0801dff8       0x9c ..\obj\MotorDrivers.o
                0x0801dff8                ExecuteHomingMove
 .text.JogMotor
                0x0801e094      0x1c0 ..\obj\MotorDrivers.o
                0x0801e094                JogMotor
 .text.killMotorJogging
                0x0801e254       0x24 ..\obj\MotorDrivers.o
                0x0801e254                killMotorJogging
 .text.calcVelocity
                0x0801e278       0x5c ..\obj\MotorDrivers.o
                0x0801e278                calcVelocity
 .text.UpdateNextAccelerationFactor
                0x0801e2d4       0xe0 ..\obj\MotorDrivers.o
                0x0801e2d4                UpdateNextAccelerationFactor
 .text.latheSpeedControl
                0x0801e3b4      0x1f0 ..\obj\MotorDrivers.o
                0x0801e3b4                latheSpeedControl
 .text.finishMove
                0x0801e5a4      0x150 ..\obj\MotorDrivers.o
                0x0801e5a4                finishMove
 .text.ProcessMotion
                0x0801e6f4      0x1ec ..\obj\MotorDrivers.o
                0x0801e6f4                ProcessMotion
 .text.InitializeMotorParameters
                0x0801e8e0      0xf40 ..\obj\MotorDrivers.o
                0x0801e8e0                InitializeMotorParameters
 .text.isAutoPuffNeeded
                0x0801f820       0x2c ..\obj\MotorDrivers.o
                0x0801f820                isAutoPuffNeeded
 .text.isAutoPrimeoOrUnprimeNeeded
                0x0801f84c      0x168 ..\obj\MotorDrivers.o
                0x0801f84c                isAutoPrimeoOrUnprimeNeeded
 .text.motionQ_init
                0x0801f9b4      0x148 ..\obj\MotorDrivers.o
                0x0801f9b4                motionQ_init
 .text.motionQ_getCountdownDelayToExecuteMove
                0x0801fafc       0x18 ..\obj\MotorDrivers.o
                0x0801fafc                motionQ_getCountdownDelayToExecuteMove
 .text.motionQ_setCountdownDelayToExecuteMove
                0x0801fb14       0x24 ..\obj\MotorDrivers.o
                0x0801fb14                motionQ_setCountdownDelayToExecuteMove
 .text.motionQ_decrCountdownDelayToExecuteMove
                0x0801fb38       0x2c ..\obj\MotorDrivers.o
                0x0801fb38                motionQ_decrCountdownDelayToExecuteMove
 .text.motionQ_hasSpace
                0x0801fb64       0x2c ..\obj\MotorDrivers.o
                0x0801fb64                motionQ_hasSpace
 .text.motionQ_deleteNewestCommand
                0x0801fb90       0x60 ..\obj\MotorDrivers.o
                0x0801fb90                motionQ_deleteNewestCommand
 .text.motionQ_deleteCurrentMove
                0x0801fbf0       0x50 ..\obj\MotorDrivers.o
                0x0801fbf0                motionQ_deleteCurrentMove
 .text.motionQ_deleteCurrentMoveAndExecuteNextMove
                0x0801fc40       0xf8 ..\obj\MotorDrivers.o
                0x0801fc40                motionQ_deleteCurrentMoveAndExecuteNextMove
 .text.motionQ_nextAvailable
                0x0801fd38       0x78 ..\obj\MotorDrivers.o
                0x0801fd38                motionQ_nextAvailable
 .text.sendBlockRelativeAxisMove
                0x0801fdb0       0x5c ..\obj\MotorDrivers.o
                0x0801fdb0                sendBlockRelativeAxisMove
 .text.setupFlowInfo
                0x0801fe0c      0x24c ..\obj\MotorDrivers.o
                0x0801fe0c                setupFlowInfo
 .text.calculateIsrLimitedSpeed
                0x08020058       0xd8 ..\obj\MotorDrivers.o
                0x08020058                calculateIsrLimitedSpeed
 .text.motionQ_addCommand
                0x08020130     0x1bdc ..\obj\MotorDrivers.o
                0x08020130                motionQ_addCommand
 .text.motionQ_update
                0x08021d0c      0x1a0 ..\obj\MotorDrivers.o
                0x08021d0c                motionQ_update
 .text.motionQ_primeComplete
                0x08021eac       0x20 ..\obj\MotorDrivers.o
                0x08021eac                motionQ_primeComplete
 .text.motionQ_unprimeComplete
                0x08021ecc       0x3c ..\obj\MotorDrivers.o
                0x08021ecc                motionQ_unprimeComplete
 .text.motionQ_executeMove
                0x08021f08     0x1144 ..\obj\MotorDrivers.o
                0x08021f08                motionQ_executeMove
 .text.cleanupAfterAbortFinishes
                0x0802304c       0x18 ..\obj\MotorDrivers.o
                0x0802304c                cleanupAfterAbortFinishes
 .text.changeMotionQToPauseAtNextMoveBoundary
                0x08023064      0x330 ..\obj\MotorDrivers.o
                0x08023064                changeMotionQToPauseAtNextMoveBoundary
 .text.fixUnprimePrimeForPause
                0x08023394       0xc4 ..\obj\MotorDrivers.o
                0x08023394                fixUnprimePrimeForPause
 .text.fixUnprimePrimeForAbort
                0x08023458       0x78 ..\obj\MotorDrivers.o
                0x08023458                fixUnprimePrimeForAbort
 .text.stopHomingMove
                0x080234d0      0x12c ..\obj\MotorDrivers.o
                0x080234d0                stopHomingMove
 .text.motionQ_pauseMotionWhenSafe
                0x080235fc       0x90 ..\obj\MotorDrivers.o
                0x080235fc                motionQ_pauseMotionWhenSafe
 .text.changeMotionQToAbortAsSoonAsPossible
                0x0802368c      0x4bc ..\obj\MotorDrivers.o
                0x0802368c                changeMotionQToAbortAsSoonAsPossible
 .text.motionQ_abortMotionWhenSafe
                0x08023b48      0x1e8 ..\obj\MotorDrivers.o
                0x08023b48                motionQ_abortMotionWhenSafe
 .text.joggingDeInit
                0x08023d30       0x1c ..\obj\MotorDrivers.o
                0x08023d30                joggingDeInit
 .text.joggingInit
                0x08023d4c      0x1bc ..\obj\MotorDrivers.o
                0x08023d4c                joggingInit
 .text.joggingComplete
                0x08023f08       0x88 ..\obj\MotorDrivers.o
                0x08023f08                joggingComplete
 .text.joggingSetQPosition
                0x08023f90       0x9c ..\obj\MotorDrivers.o
                0x08023f90                joggingSetQPosition
 .text.joggingAbort
                0x0802402c      0x160 ..\obj\MotorDrivers.o
                0x0802402c                joggingAbort
 .text.joggingCalculateTimerControls
                0x0802418c      0x428 ..\obj\MotorDrivers.o
                0x0802418c                joggingCalculateTimerControls
 .text.joggingOkToProcessUpdate
                0x080245b4       0x90 ..\obj\MotorDrivers.o
                0x080245b4                joggingOkToProcessUpdate
 .text.joggingUpdatePulses
                0x08024644      0x234 ..\obj\MotorDrivers.o
                0x08024644                joggingUpdatePulses
 .text.getDeviceInitPtr
                0x08024878       0x54 ..\obj\headSetup.o
                0x08024878                getDeviceInitPtr
 .text.deviceTypeToString
                0x080248cc       0x58 ..\obj\headSetup.o
                0x080248cc                deviceTypeToString
 .text.deviceTypeIsADiodeLaser
                0x08024924       0x30 ..\obj\headSetup.o
                0x08024924                deviceTypeIsADiodeLaser
 .text.deviceTypeIsACO2Laser
                0x08024954       0x30 ..\obj\headSetup.o
                0x08024954                deviceTypeIsACO2Laser
 .text.devType2DevFamily
                0x08024984       0x48 ..\obj\headSetup.o
                0x08024984                devType2DevFamily
 .text.deviceSubtypeToString
                0x080249cc      0x124 ..\obj\headSetup.o
                0x080249cc                deviceSubtypeToString
 .text.devicePcbToString
                0x08024af0       0x60 ..\obj\headSetup.o
                0x08024af0                devicePcbToString
 .text.deviceRtdToString
                0x08024b50       0x60 ..\obj\headSetup.o
                0x08024b50                deviceRtdToString
 .text.softwareCodebaseToString
                0x08024bb0       0x60 ..\obj\headSetup.o
                0x08024bb0                softwareCodebaseToString
 .text.softwareCompileTargetToStringOLD
                0x08024c10       0x78 ..\obj\headSetup.o
                0x08024c10                softwareCompileTargetToStringOLD
 .text.softwareCompileTargetToString
                0x08024c88       0x74 ..\obj\headSetup.o
                0x08024c88                softwareCompileTargetToString
 .text.initSendSwitchFlagsAndMask
                0x08024cfc      0x328 ..\obj\headSetup.o
                0x08024cfc                initSendSwitchFlagsAndMask
 .text.initSendDefaultSwitchParams
                0x08025024       0xe6 ..\obj\headSetup.o
                0x08025024                initSendDefaultSwitchParams
 *fill*         0x0802510a        0x2 
 .text.initDeviceFromDeviceTypeInitTable
                0x0802510c      0x1bc ..\obj\headSetup.o
                0x0802510c                initDeviceFromDeviceTypeInitTable
 .text.ReportMcodeError
                0x080252c8       0x44 ..\obj\MCode.o
                0x080252c8                ReportMcodeError
 .text.ReportInvalidMcodeArg
                0x0802530c       0x64 ..\obj\MCode.o
                0x0802530c                ReportInvalidMcodeArg
 .text.ReportInvalidMcodeArgInt
                0x08025370       0x54 ..\obj\MCode.o
                0x08025370                ReportInvalidMcodeArgInt
 .text.ReportMissingMcodeArg
                0x080253c4       0x44 ..\obj\MCode.o
                0x080253c4                ReportMissingMcodeArg
 .text.ReportMissingMcodeBArg
                0x08025408       0x14 ..\obj\MCode.o
                0x08025408                ReportMissingMcodeBArg
 .text.ReportMissingMcodeCArg
                0x0802541c       0x14 ..\obj\MCode.o
                0x0802541c                ReportMissingMcodeCArg
 .text.ReportMissingMcodeDArg
                0x08025430       0x14 ..\obj\MCode.o
                0x08025430                ReportMissingMcodeDArg
 .text.ReportMissingMcodeEArg
                0x08025444       0x14 ..\obj\MCode.o
                0x08025444                ReportMissingMcodeEArg
 .text.ReportMissingMcodeFArg
                0x08025458       0x14 ..\obj\MCode.o
                0x08025458                ReportMissingMcodeFArg
 .text.ReportMissingMcodeHArg
                0x0802546c       0x14 ..\obj\MCode.o
                0x0802546c                ReportMissingMcodeHArg
 .text.ReportMissingMcodeIArg
                0x08025480       0x14 ..\obj\MCode.o
                0x08025480                ReportMissingMcodeIArg
 .text.ReportMissingMcodeJArg
                0x08025494       0x14 ..\obj\MCode.o
                0x08025494                ReportMissingMcodeJArg
 .text.ReportMissingMcodePArg
                0x080254a8       0x14 ..\obj\MCode.o
                0x080254a8                ReportMissingMcodePArg
 .text.ReportMissingMcodeSArg
                0x080254bc       0x14 ..\obj\MCode.o
                0x080254bc                ReportMissingMcodeSArg
 .text.ReportMissingMcodeTArg
                0x080254d0       0x14 ..\obj\MCode.o
                0x080254d0                ReportMissingMcodeTArg
 .text.ReportMissingMcodeUArg
                0x080254e4       0x14 ..\obj\MCode.o
                0x080254e4                ReportMissingMcodeUArg
 .text.ReportMissingMcodeVArg
                0x080254f8       0x14 ..\obj\MCode.o
                0x080254f8                ReportMissingMcodeVArg
 .text.ReportMissingMcodeXArg
                0x0802550c       0x14 ..\obj\MCode.o
                0x0802550c                ReportMissingMcodeXArg
 .text.ReportMissingMcodeYArg
                0x08025520       0x14 ..\obj\MCode.o
                0x08025520                ReportMissingMcodeYArg
 .text.ReportInvalidMcodeCArg
                0x08025534       0x24 ..\obj\MCode.o
                0x08025534                ReportInvalidMcodeCArg
 .text.ReportInvalidMcodeEArg
                0x08025558       0x24 ..\obj\MCode.o