../Hydra/GCode.c:34:5:getArgFraction	16	static
../Hydra/GCode.c:41:6:ReportUnknownFractionalGcode	16	static
../Hydra/GCode.c:49:6:ReportGcodeError	272	static
../Hydra/GCode.c:58:6:ReportInvalidGcodeArg	288	static
../Hydra/GCode.c:67:6:ReportInvalidGcodeArgInt	280	static
../Hydra/GCode.c:76:6:ReportMissingGcodeArg	272	static
../Hydra/GCode.c:85:6:ReportMissingGcodeAArg	8	static
../Hydra/GCode.c:86:6:ReportMissingGcodeBArg	8	static
../Hydra/GCode.c:87:6:ReportMissingGcodeCArg	8	static
../Hydra/GCode.c:88:6:ReportMissingGcodeDArg	8	static
../Hydra/GCode.c:89:6:ReportMissingGcodeEArg	8	static
../Hydra/GCode.c:90:6:ReportMissingGcodeFArg	8	static
../Hydra/GCode.c:91:6:ReportMissingGcodeGArg	8	static
../Hydra/GCode.c:92:6:ReportMissingGcodeHArg	8	static
../Hydra/GCode.c:93:6:ReportMissingGcodeIArg	8	static
../Hydra/GCode.c:94:6:ReportMissingGcodeJArg	8	static
../Hydra/GCode.c:95:6:ReportMissingGcodeKArg	8	static
../Hydra/GCode.c:96:6:ReportMissingGcodeLArg	8	static
../Hydra/GCode.c:97:6:ReportMissingGcodeMArg	8	static
../Hydra/GCode.c:98:6:ReportMissingGcodeNArg	8	static
../Hydra/GCode.c:99:6:ReportMissingGcodeOArg	8	static
../Hydra/GCode.c:100:6:ReportMissingGcodePArg	8	static
../Hydra/GCode.c:101:6:ReportMissingGcodeQArg	8	static
../Hydra/GCode.c:102:6:ReportMissingGcodeRArg	8	static
../Hydra/GCode.c:103:6:ReportMissingGcodeSArg	8	static
../Hydra/GCode.c:104:6:ReportMissingGcodeTArg	8	static
../Hydra/GCode.c:105:6:ReportMissingGcodeUArg	8	static
../Hydra/GCode.c:106:6:ReportMissingGcodeVArg	8	static
../Hydra/GCode.c:107:6:ReportMissingGcodeWArg	8	static
../Hydra/GCode.c:108:6:ReportMissingGcodeXArg	8	static
../Hydra/GCode.c:109:6:ReportMissingGcodeYArg	8	static
../Hydra/GCode.c:110:6:ReportMissingGcodeZArg	8	static
../Hydra/GCode.c:112:6:ReportMissingGcodeSEArg	8	static
../Hydra/GCode.c:113:6:ReportMissingGcodeSPArg	8	static
../Hydra/GCode.c:114:6:ReportMissingGcodeFPArg	8	static
../Hydra/GCode.c:115:6:ReportMissingGcodeFSArg	8	static
../Hydra/GCode.c:116:6:ReportMissingGcodePIArg	8	static
../Hydra/GCode.c:117:6:ReportMissingGcodePLArg	8	static
../Hydra/GCode.c:118:6:ReportMissingGcodeEPSArg	8	static
../Hydra/GCode.c:122:6:ReportInvalidGcodeAArg	8	static
../Hydra/GCode.c:123:6:ReportInvalidGcodeBArg	8	static
../Hydra/GCode.c:124:6:ReportInvalidGcodeCArg	8	static
../Hydra/GCode.c:125:6:ReportInvalidGcodeDArg	8	static
../Hydra/GCode.c:126:6:ReportInvalidGcodeEArg	8	static
../Hydra/GCode.c:127:6:ReportInvalidGcodeFArg	8	static
../Hydra/GCode.c:128:6:ReportInvalidGcodeGArg	8	static
../Hydra/GCode.c:129:6:ReportInvalidGcodeHArg	8	static
../Hydra/GCode.c:130:6:ReportInvalidGcodeIArg	8	static
../Hydra/GCode.c:131:6:ReportInvalidGcodeJArg	8	static
../Hydra/GCode.c:132:6:ReportInvalidGcodeKArg	8	static
../Hydra/GCode.c:133:6:ReportInvalidGcodeLArg	8	static
../Hydra/GCode.c:134:6:ReportInvalidGcodeMArg	8	static
../Hydra/GCode.c:135:6:ReportInvalidGcodeOArg	8	static
../Hydra/GCode.c:136:6:ReportInvalidGcodeNArg	8	static
../Hydra/GCode.c:137:6:ReportInvalidGcodePArg	8	static
../Hydra/GCode.c:138:6:ReportInvalidGcodeQArg	8	static
../Hydra/GCode.c:139:6:ReportInvalidGcodeRArg	8	static
../Hydra/GCode.c:140:6:ReportInvalidGcodeSArg	8	static
../Hydra/GCode.c:141:6:ReportInvalidGcodeTArg	8	static
../Hydra/GCode.c:142:6:ReportInvalidGcodeUArg	8	static
../Hydra/GCode.c:143:6:ReportInvalidGcodeVArg	8	static
../Hydra/GCode.c:144:6:ReportInvalidGcodeWArg	8	static
../Hydra/GCode.c:145:6:ReportInvalidGcodeXArg	8	static
../Hydra/GCode.c:146:6:ReportInvalidGcodeYArg	8	static
../Hydra/GCode.c:147:6:ReportInvalidGcodeZArg	8	static
../Hydra/GCode.c:149:6:ReportInvalidGcodeAArgInt	8	static
../Hydra/GCode.c:150:6:ReportInvalidGcodeBArgInt	8	static
../Hydra/GCode.c:151:6:ReportInvalidGcodeCArgInt	8	static
../Hydra/GCode.c:152:6:ReportInvalidGcodeDArgInt	8	static
../Hydra/GCode.c:153:6:ReportInvalidGcodeEArgInt	8	static
../Hydra/GCode.c:154:6:ReportInvalidGcodeFArgInt	8	static
../Hydra/GCode.c:155:6:ReportInvalidGcodeGArgInt	8	static
../Hydra/GCode.c:156:6:ReportInvalidGcodeHArgInt	8	static
../Hydra/GCode.c:157:6:ReportInvalidGcodeIArgInt	8	static
../Hydra/GCode.c:158:6:ReportInvalidGcodeJArgInt	8	static
../Hydra/GCode.c:159:6:ReportInvalidGcodeKArgInt	8	static
../Hydra/GCode.c:160:6:ReportInvalidGcodeLArgInt	8	static
../Hydra/GCode.c:161:6:ReportInvalidGcodeMArgInt	8	static
../Hydra/GCode.c:162:6:ReportInvalidGcodeNArgInt	8	static
../Hydra/GCode.c:163:6:ReportInvalidGcodeOArgInt	8	static
../Hydra/GCode.c:164:6:ReportInvalidGcodePArgInt	8	static
../Hydra/GCode.c:165:6:ReportInvalidGcodeQArgInt	8	static
../Hydra/GCode.c:166:6:ReportInvalidGcodeRArgInt	8	static
../Hydra/GCode.c:167:6:ReportInvalidGcodeSArgInt	8	static
../Hydra/GCode.c:168:6:ReportInvalidGcodeTArgInt	8	static
../Hydra/GCode.c:169:6:ReportInvalidGcodeUArgInt	8	static
../Hydra/GCode.c:170:6:ReportInvalidGcodeVArgInt	8	static
../Hydra/GCode.c:171:6:ReportInvalidGcodeWArgInt	8	static
../Hydra/GCode.c:172:6:ReportInvalidGcodeXArgInt	8	static
../Hydra/GCode.c:173:6:ReportInvalidGcodeYArgInt	8	static
../Hydra/GCode.c:174:6:ReportInvalidGcodeZArgInt	8	static
../Hydra/GCode.c:275:7:getMotorArg	16	static
../Hydra/GCode.c:282:7:getMotorArgInMM	16	static
../Hydra/GCode.c:289:7:getMotorArgInDeg	16	static
../Hydra/GCode.c:296:7:getMotorArgInNativeUnits	16	static
../Hydra/GCode.c:309:6:setMotorArg	16	static
../Hydra/GCode.c:316:6:setMotorArgInMM	16	static
../Hydra/GCode.c:322:6:setMotorArgInDeg	16	static
../Hydra/GCode.c:329:6:setMotorArgInNativeUnits	16	static
../Hydra/GCode.c:340:6:setAllMotorArg	24	static
../Hydra/GCode.c:353:7:convertArgFromMM	16	static
../Hydra/GCode.c:360:7:convertArgToMM	16	static
../Hydra/GCode.c:367:7:convertArgToDeg	16	static
../Hydra/GCode.c:374:7:convertArgToNativeUnits	16	static
../Hydra/GCode.c:385:9:motorArgPresent	16	static
../Hydra/GCode.c:392:9:motorArgPositive	16	static
../Hydra/GCode.c:399:9:motorArgNegative	16	static
../Hydra/GCode.c:406:9:motorArgNegativeOrZero	16	static
../Hydra/GCode.c:413:9:motorArgGreaterThanZero	16	static
../Hydra/GCode.c:420:9:axisOnCanbus	16	static
../Hydra/GCode.c:427:7:getDeltaAxisValueInInputUnits	24	static
../Hydra/GCode.c:447:7:getDeltaAxisValueInMm	24	static
../Hydra/GCode.c:464:7:getDeltaAxisValueInNativeUnits	24	static
../Hydra/GCode.c:481:7:getDeltaEValueInInputUnits	24	static
../Hydra/GCode.c:500:6:assignPoint	24	static
../Hydra/GCode.c:509:6:copyPoint	16	static
../Hydra/GCode.c:517:6:addPoints	24	static
../Hydra/GCode.c:526:6:subtractPoints	24	static
../Hydra/GCode.c:535:9:pointsAreTheSame	24	static
../Hydra/GCode.c:542:9:vectorsAreTheSame	24	static
../Hydra/GCode.c:549:7:getMagnitude	24	static
../Hydra/GCode.c:556:7:getVectorMagnitude	16	static
../Hydra/GCode.c:563:6:normalizeVector	16	static
../Hydra/GCode.c:582:15:assignVector	32	static
../Hydra/GCode.c:597:15:assignVector2Pts	24	static
../Hydra/GCode.c:612:15:scaleVector	24	static
../Hydra/GCode.c:623:15:entrywiseVectorSum	24	static
../Hydra/GCode.c:633:15:entrywiseVectorProduct	24	static
../Hydra/GCode.c:644:7:dotProduct	16	static
../Hydra/GCode.c:651:15:crossProduct	24	static
../Hydra/GCode.c:662:6:initArcStruct	16	static
../Hydra/GCode.c:670:6:sprintfPoint	64	static
../Hydra/GCode.c:675:6:sprintfVector	80	static
../Hydra/GCode.c:680:6:printPoint	56	static
../Hydra/GCode.c:686:6:printVector	72	static
../Hydra/GCode.c:692:6:printExecutionPtrXYZ	80	static
../Hydra/GCode.c:703:6:G_Code_G0_0	8	static
../Hydra/GCode.c:723:17:checkG0JogArgumentsOkay	16	static
../Hydra/GCode.c:748:6:G_Code_G0_1	24	static
../Hydra/GCode.c:764:6:G_Code_G0_2	24	static
../Hydra/GCode.c:781:6:G_Code_G0_3	24	static
../Hydra/GCode.c:797:6:G_Code_G0	8	static
../Hydra/GCode.c:821:6:G_Code_G1_0	8	static
../Hydra/GCode.c:858:6:G_Code_G1_1	144	static
../Hydra/GCode.c:937:6:G_Code_G1	8	static
../Hydra/GCode.c:949:6:ExecuteArcPointMove	24	static
../Hydra/GCode.c:1019:6:ExecuteG2G3PointMove	24	static
../Hydra/GCode.c:1136:6:sendZBackToSpiralStartPosition	8	static
../Hydra/GCode.c:1148:12:checkG2G3Errors	24	static
../Hydra/GCode.c:1242:6:ProcessG2_3G3_3Command	120	static
../Hydra/GCode.c:1535:6:ProcessG2_2G3_2Command	120	static
../Hydra/GCode.c:1721:6:ProcessG2_1G3_1Command	80	static
../Hydra/GCode.c:1935:6:frogToeCircle	8	static
../Hydra/GCode.c:1982:6:ProcessG2G3Command	80	static
../Hydra/GCode.c:2138:6:G_Code_G2	16	static
../Hydra/GCode.c:2155:6:G_Code_G3	16	static
../Hydra/GCode.c:2172:6:G_Code_G4	8	static
../Hydra/GCode.c:2197:6:setUpBoringCycle	4	static
../Hydra/GCode.c:2245:6:G_Code_G12	8	static
../Hydra/GCode.c:2365:6:G_Code_G13	8	static
../Hydra/GCode.c:2485:6:setupArcMove	48	static
../Hydra/GCode.c:2530:6:StartFinalReturnToCenterArc	8	static
../Hydra/GCode.c:2543:6:StartMainFinishCircle	8	static
../Hydra/GCode.c:2554:6:StartMainFinishCircleSpiral	4	static
../Hydra/GCode.c:2576:6:startMainRoughCircle	8	static
../Hydra/GCode.c:2623:6:StartNextArcForPocketMill	4	static
../Hydra/GCode.c:2631:6:G_Code_G16	4	static
../Hydra/GCode.c:2642:6:G_Code_G17	4	static
../Hydra/GCode.c:2653:6:G_Code_G18	4	static
../Hydra/GCode.c:2664:6:G_Code_G19	4	static
../Hydra/GCode.c:2675:6:G_Code_G20	8	static
../Hydra/GCode.c:2684:6:G_Code_G21	4	static
../Hydra/GCode.c:2692:6:G_Code_G28_0	8	static
../Hydra/GCode.c:2711:6:G_Code_G28_1	56	static
../Hydra/GCode.c:2780:6:G_Code_G28	8	static
../Hydra/GCode.c:2792:6:G_Code_G928	24	static
../Hydra/GCode.c:2833:6:G_Code_G29	4	static
../Hydra/GCode.c:2840:6:startProbingMove	16	static
../Hydra/GCode.c:2853:6:G_Code_G38	32	static
../Hydra/GCode.c:2944:6:G_Code_G53	4	static
../Hydra/GCode.c:2948:6:G_Code_G54	8	static
../Hydra/GCode.c:2953:6:G_Code_G55	8	static
../Hydra/GCode.c:2958:6:G_Code_G56	8	static
../Hydra/GCode.c:2963:6:G_Code_G57	8	static
../Hydra/GCode.c:2968:6:G_Code_G58	8	static
../Hydra/GCode.c:2973:6:G_Code_G59	8	static
../Hydra/GCode.c:2981:6:SetFixtureOffset	32	static
../Hydra/GCode.c:2999:6:G_Code_G70	4	static
../Hydra/GCode.c:3005:6:G_Code_G71	4	static
../Hydra/GCode.c:3011:6:G_Code_G73	8	static
../Hydra/GCode.c:3017:6:G_Code_G74	4	static
../Hydra/GCode.c:3023:6:G_Code_G76	4	static
../Hydra/GCode.c:3029:6:G_Code_G77	4	static
../Hydra/GCode.c:3034:6:KillCannedCycle	4	static
../Hydra/GCode.c:3051:6:G_Code_G80	8	static
../Hydra/GCode.c:3058:6:setupDrillCycleParameters	16	static
../Hydra/GCode.c:3103:7:validateThreadPitch	16	static
../Hydra/GCode.c:3108:6:setupDrillTapCannedCycleVersion1	16	static
../Hydra/GCode.c:3156:6:setupDrillTapCannedCycleVersion0	16	static
../Hydra/GCode.c:3217:6:setupDrillCannedCycle	16	static
../Hydra/GCode.c:3222:6:setupDrillTapCannedCycle	16	static
../Hydra/GCode.c:3258:6:G_Code_G81	8	static
../Hydra/GCode.c:3268:6:G_Code_G82	8	static
../Hydra/GCode.c:3285:6:G_Code_G83	8	static
../Hydra/GCode.c:3294:6:G_Code_G84	8	static
../Hydra/GCode.c:3316:6:G_Code_G85	4	static
../Hydra/GCode.c:3323:6:G_Code_G90	4	static
../Hydra/GCode.c:3328:6:G_Code_G91	4	static
../Hydra/GCode.c:3335:6:G_Code_G92	24	static
../Hydra/GCode.c:3365:6:G_Code_G93	8	static
../Hydra/GCode.c:3421:6:G_Code_G212	4	static
../Hydra/GCode.c:3423:6:G_Code_G213	4	static
../Hydra/GCode.c:3438:6:G_Code_G214	8	static
../Hydra/GCode.c:3468:6:ProcessNextPocketMillMove	4	static
../Hydra/GCode.c:3508:6:G_Code_G215	8	static
../Hydra/GCode.c:3583:6:initCylStruct	16	static
../Hydra/GCode.c:3590:9:G702_checkRotaryAxisArg	24	static
../Hydra/GCode.c:3722:9:G702_getMoveVector	40	static
../Hydra/GCode.c:3765:5:makeOdd	16	static
../Hydra/GCode.c:3772:7:determineCircumferenceBasedOnZ	24	static
../Hydra/GCode.c:3786:9:cylCheckLength	88	static
../Hydra/GCode.c:3811:6:loadExecutionPtrGXYZRotE	112	static
../Hydra/GCode.c:3847:6:ProcessG702CylinderPrint	48	static
../Hydra/GCode.c:3998:6:G_Code_G702_1	32	static
../Hydra/GCode.c:4048:6:cylChangeDir	16	static
../Hydra/GCode.c:4058:6:G_Code_G702_0	64	static
../Hydra/GCode.c:4239:6:G_Code_G702	16	static
