../Drivers/CMSIS/Include/core_cm4.h:1688:22:__NVIC_EnableIRQ	16	static
../Hydra/HardwareInit.c:52:6:InitGPIO	24	static
../Hydra/HardwareInit.c:94:6:InitUSART3	32	static
../Hydra/HardwareInit.c:114:6:InitUART4	32	static
../Hydra/HardwareInit.c:135:6:InitUSART6	32	static
../Hydra/HardwareInit.c:155:6:InitAllUARTS	16	static
../Hydra/HardwareInit.c:172:6:CAN_Config	72	static
../Hydra/HardwareInit.c:237:6:InitMotorTimer	32	static
../Hydra/HardwareInit.c:296:6:InitTimer1	8	static
../Hydra/HardwareInit.c:322:6:InitTimer2usec	8	static
../Hydra/HardwareInit.c:341:6:InitTimer2ForTimeSlipMeasurement	8	static
../Hydra/HardwareInit.c:355:6:InitTimer3ForDelays	8	static
../Hydra/HardwareInit.c:374:6:InitCO2LaserTimer	40	static
../Hydra/HardwareInit.c:460:6:enableLatheMode	32	static
../Hydra/HardwareInit.c:496:6:disableLatheMode	16	static
../Hydra/HardwareInit.c:510:6:InitTimer6	8	static
../Hydra/HardwareInit.c:537:6:InitTimer7	8	static
../Hydra/HardwareInit.c:568:6:InitDAC	8	static
../Hydra/HardwareInit.c:608:6:DeInitLaser	8	static
../Hydra/HardwareInit.c:626:6:InitLaser	32	static
../Hydra/HardwareInit.c:668:6:initializeSpindleStruct	4	static
../Hydra/HardwareInit.c:675:6:initializeInkjetStruct	4	static
../Hydra/HardwareInit.c:682:6:initializeLaserStruct	4	static
../Hydra/HardwareInit.c:721:6:setupIWDG	32	static
../Hydra/HardwareInit.c:776:6:setupDBGMCU	4	static
../Hydra/HardwareInit.c:814:6:setFlasherVarPtr	16	static
../Hydra/HardwareInit.c:858:6:InitGlobals	16	static
