../Hydra/Hydra_can.c:54:6:sendControlRegisterBit	32	static
../Hydra/Hydra_can.c:69:6:sendSetRegisterBit	16	static
../Hydra/Hydra_can.c:72:6:sendSetSwResetBit	16	static
../Hydra/Hydra_can.c:75:6:sendSetGlobalSyncBit	16	static
../Hydra/Hydra_can.c:78:6:sendSetStopExtruderBit	16	static
../Hydra/Hydra_can.c:82:6:sendSetPauseExtruderBit	16	static
../Hydra/Hydra_can.c:85:6:sendSetStopOnErrorBit	16	static
../Hydra/Hydra_can.c:88:6:sendSetSaveHistoryBit	16	static
../Hydra/Hydra_can.c:91:6:sendSetClearErrorBit	16	static
../Hydra/Hydra_can.c:95:6:sendSetAckOnWriteBit	16	static
../Hydra/Hydra_can.c:98:6:sendSetInvertDirectionBit	16	static
../Hydra/Hydra_can.c:101:6:sendSetEnableMotorBit	16	static
../Hydra/Hydra_can.c:105:6:sendSetDisableMotorBit	16	static
../Hydra/Hydra_can.c:110:6:sendSetDebugRtdBit	16	static
../Hydra/Hydra_can.c:113:6:sendSetBlockFashWritesBit	16	static
../Hydra/Hydra_can.c:117:6:sendSetPrimeBit	16	static
../Hydra/Hydra_can.c:120:6:sendSetUnprimeBit	16	static
../Hydra/Hydra_can.c:123:6:sendSetGateBit	16	static
../Hydra/Hydra_can.c:126:6:sendSetRetractBit	16	static
../Hydra/Hydra_can.c:129:6:sendSetUpdateBootloaderBit	16	static
../Hydra/Hydra_can.c:132:6:sendSetCommPingBit	16	static
../Hydra/Hydra_can.c:135:6:sendSetStepFromCanbusModeBit	16	static
../Hydra/Hydra_can.c:138:6:sendSetIgnoreWatchdogBit	16	static
../Hydra/Hydra_can.c:141:6:sendSetSendDebugStringsBit	16	static
../Hydra/Hydra_can.c:144:6:sendInitializeBit	16	static
../Hydra/Hydra_can.c:148:6:sendClrRegisterBit	16	static
../Hydra/Hydra_can.c:151:6:sendClrSwResetBit	16	static
../Hydra/Hydra_can.c:154:6:sendClrGlobalSyncBit	16	static
../Hydra/Hydra_can.c:157:6:sendClrStopExtruderBit	16	static
../Hydra/Hydra_can.c:161:6:sendClrPauseExtruderBit	16	static
../Hydra/Hydra_can.c:164:6:sendClrStopOnErrorBit	16	static
../Hydra/Hydra_can.c:167:6:sendClrSaveHistoryBit	16	static
../Hydra/Hydra_can.c:170:6:sendClrClearErrorBit	16	static
../Hydra/Hydra_can.c:174:6:sendClrAckOnWriteBit	16	static
../Hydra/Hydra_can.c:177:6:sendClrInvertDirectionBit	16	static
../Hydra/Hydra_can.c:180:6:sendClrDebugRtdBit	16	static
../Hydra/Hydra_can.c:183:6:sendClrBlockFashWritesBit	16	static
../Hydra/Hydra_can.c:187:6:sendClrPrimeBit	16	static
../Hydra/Hydra_can.c:190:6:sendClrUnprimeBit	16	static
../Hydra/Hydra_can.c:193:6:sendClrGateBit	16	static
../Hydra/Hydra_can.c:196:6:sendClrRetractBit	16	static
../Hydra/Hydra_can.c:199:6:sendClrUpdateBootloaderBit	16	static
../Hydra/Hydra_can.c:202:6:sendClrCommPingBit	16	static
../Hydra/Hydra_can.c:205:6:sendClrStepFromCanbusModeBit	16	static
../Hydra/Hydra_can.c:208:6:sendClrIgnoreWatchdogBit	16	static
../Hydra/Hydra_can.c:211:6:sendClrSendDebugStringsBit	16	static
../Hydra/Hydra_can.c:217:6:canIssueReadRequest	32	static
../Hydra/Hydra_can.c:223:6:readDeviceInfoFromDevice	16	static
../Hydra/Hydra_can.c:229:6:readFlashConfigFromDevice	16	static
../Hydra/Hydra_can.c:235:6:readUniqueIdFromDevice	16	static
../Hydra/Hydra_can.c:241:6:readAliasListFromDevice	16	static
../Hydra/Hydra_can.c:248:6:readPageDefinitionFromDevice	16	static
../Hydra/Hydra_can.c:254:6:readPageChecksumFromDevice	16	static
../Hydra/Hydra_can.c:260:6:readControlWordFromDevice	16	static
../Hydra/Hydra_can.c:266:7:scaleLaserVectorPowerPct	16	static
../Hydra/Hydra_can.c:273:6:sendExtrusionOverridePctToDevice	24	static
../Hydra/Hydra_can.c:294:10:convertFloatPowerPctToUnsignedint	24	static
../Hydra/Hydra_can.c:302:6:SetLocalLaserPwmPct	24	static
../Hydra/Hydra_can.c:316:6:SetLaserPower	16	static
../Hydra/Hydra_can.c:339:6:SetLaserPowerOnly	16	static
../Hydra/Hydra_can.c:381:6:sendProbeControlToDevice	48	static
../Hydra/Hydra_can.c:391:6:sendSpindleControl	48	static
../Hydra/Hydra_can.c:402:6:updateManualExtrudingOffForGUI	32	static
../Hydra/Hydra_can.c:434:6:RunExtrusionManual	40	static
../Hydra/Hydra_can.c:447:6:StopExtruding	24	static
../Hydra/Hydra_can.c:459:6:StopAllExtruders	16	static
../Hydra/Hydra_can.c:471:6:DisableAllExtruderMotors	8	static
../Hydra/Hydra_can.c:483:6:EnableAllExtruderMotors	8	static
../Hydra/Hydra_can.c:495:5:getCurrentUnPrimeTimeMs	16	static
../Hydra/Hydra_can.c:500:5:getCurrentPrimeTimeMs	16	static
../Hydra/Hydra_can.c:507:6:UnPrime	24	static
../Hydra/Hydra_can.c:534:6:Prime	24	static
../Hydra/Hydra_can.c:557:6:PrimeThenRun	24	static
../Hydra/Hydra_can.c:587:6:Run	24	static
../Hydra/Hydra_can.c:611:6:Send_Prime_Prams	32	static
../Hydra/Hydra_can.c:631:6:Send_UnPrime_Prams	32	static
../Hydra/Hydra_can.c:641:9:flagMatchesMask	16	static
../Hydra/Hydra_can.c:648:6:SetupExtruderToRun	48	static
../Hydra/Hydra_can.c:684:6:SetupLaserToRun	64	static
../Hydra/Hydra_can.c:755:6:sendSwitchControlOffToDevice	24	static
../Hydra/Hydra_can.c:764:6:sendSwitchControlOnToDevice	24	static
../Hydra/Hydra_can.c:773:6:sendSwitchControlByDutyCycleToDevice	32	static
../Hydra/Hydra_can.c:785:6:sendSwitchControlByGeneralPwmToDevice	56	static
../Hydra/Hydra_can.c:798:6:sendSwitchControlByTempToDevice	40	static
../Hydra/Hydra_can.c:810:6:sendAutoStatusControlToDevice	32	static
../Hydra/Hydra_can.c:822:6:canWriteSwitchFlag_onOnlyWhenExtruding	40	static
../Hydra/Hydra_can.c:878:6:sendAddAliasToDevice	24	static
../Hydra/Hydra_can.c:886:6:sendRemoveAliasToDevice	24	static
../Hydra/Hydra_can.c:894:6:sendKarlFactorsToDevice	56	static
../Hydra/Hydra_can.c:902:6:sendColdExtrudeTempRangesToDevice	40	static
../Hydra/Hydra_can.c:909:6:canSendDeviceInitValue1x16	40	static
../Hydra/Hydra_can.c:919:6:canSendDeviceInitValue2x16	48	static
../Hydra/Hydra_can.c:929:6:canSendDeviceInitValue1x32	32	static
../Hydra/Hydra_can.c:939:6:canSendDeviceInitValue2x32	40	static
../Hydra/Hydra_can.c:949:6:canSendOutboxInitValue1x16	32	static
../Hydra/Hydra_can.c:959:6:canSendOutboxInitValue2x16	40	static
../Hydra/Hydra_can.c:969:6:canSendOutboxInitValue1x32	40	static
../Hydra/Hydra_can.c:979:6:canSendOutboxInitValue2x32	48	static
../Hydra/Hydra_can.c:989:6:sendLoopbackMessageToDevice	32	static
../Hydra/Hydra_can.c:1002:6:canFillDeviceBuffer	32	static
../Hydra/Hydra_can.c:1009:6:canCopyPageToDeviceBuffer	32	static
../Hydra/Hydra_can.c:1016:6:canCopyDeviceBufferToPage	32	static
../Hydra/Hydra_can.c:1023:6:canReadDeviceBuffer	16	static
../Hydra/Hydra_can.c:1030:6:canWriteDeviceBuffer	32	static
../Hydra/Hydra_can.c:1037:6:sendStartPrimaryProgramToDevice	32	static
../Hydra/Hydra_can.c:1057:6:sendMotorResetToDevice	24	static
../Hydra/Hydra_can.c:1064:6:sendMotorSaveConfigToDevice	24	static
../Hydra/Hydra_can.c:1071:6:printDeviceErrorMessage	104	static
../Hydra/Hydra_can.c:1173:10:getDevicePassword	24	static
../Hydra/Hydra_can.c:1182:6:unpackDeviceInfoPayload	24	static
../Hydra/Hydra_can.c:1216:6:updateCloneList	32	static
../Hydra/Hydra_can.c:1248:6:canProcessRxQueue	72	static
../Hydra/Hydra_can.c:1774:6:canProcessRxQueueNoReturn	8	static
