../Hydra/mailbox.c:183:6:changeOutgoingDevicePositionRemappingTable	16	static
../Hydra/mailbox.c:190:6:remapDevicePosition	16	static
../Hydra/mailbox.c:197:6:getMailboxNum	32	static
../Hydra/mailbox.c:213:14:getInboxPointer	16	static
../Hydra/mailbox.c:220:15:getOutboxPointer	16	static
../Hydra/mailbox.c:227:10:getWorkingBufferChecksum	16	static
../Hydra/mailbox.c:234:10:convertUidToPassword	16	static
../Hydra/mailbox.c:241:9:isAPhysicalDevice	16	static
../Hydra/mailbox.c:247:9:isALogicalDevice	16	static
../Hydra/mailbox.c:254:6:changeDevice	16	static
../Hydra/mailbox.c:271:9:deviceIsACO2Laser	24	static
../Hydra/mailbox.c:281:9:deviceIsAUvLightRay	16	static
../Hydra/mailbox.c:288:9:deviceIsAHotbed	16	static
../Hydra/mailbox.c:295:9:deviceIsACanAxisMotor	16	static
../Hydra/mailbox.c:302:9:deviceIsABttCanAxisMotor	16	static
../Hydra/mailbox.c:309:9:deviceHasAClosedLoopStepper	24	static
../Hydra/mailbox.c:317:9:deviceIsAFilamentDispenser	16	static
../Hydra/mailbox.c:324:6:initInboxStruct	24	static
../Hydra/mailbox.c:344:6:initSystemInfo	24	static
../Hydra/mailbox.c:413:6:resetStickyErrorFlags	16	static
../Hydra/mailbox.c:424:6:initMailbox	16	static
../Hydra/mailbox.c:534:9:matchesAnAlias	24	static
../Hydra/mailbox.c:556:9:checkForValidDeviceCombination	48	static
../Hydra/mailbox.c:614:9:deviceSoftwareRevisionIsAtOrAbove	32	static
../Hydra/mailbox.c:633:9:deviceSoftwareRevisionIsAtOrBelow	32	static
../Hydra/mailbox.c:654:6:getDeviceRegistrationString	88	static
../Hydra/mailbox.c:691:9:validCanMotorDeviceAddress	16	static
../Hydra/mailbox.c:698:17:getMotorPtrFromDeviceAddress	24	static
../Hydra/mailbox.c:727:5:getCanMotorIndexFromDeviceAddress	24	static
../Hydra/mailbox.c:753:6:startDeviceRegistration	48	static
../Hydra/mailbox.c:863:6:finishDeviceRegistration	24	static
../Hydra/mailbox.c:894:6:tryToCleanUpGuiAfterDeviceRegistration	24	static
../Hydra/mailbox.c:931:9:deviceRegistered	16	static
../Hydra/mailbox.c:938:6:removeCanMotorDeviceFromMotorStructure	32	static
../Hydra/mailbox.c:966:14:findNthRegisteredDevice	24	static
../Hydra/mailbox.c:985:6:removeAllRegisteredDevice	16	static
../Hydra/mailbox.c:1008:6:checkForMia	16	static
../Hydra/mailbox.c:1054:6:sendInboxInfoToHost	40	static
../Hydra/mailbox.c:1147:6:clearWorkingBuffer	8	static
../Hydra/mailbox.c:1154:9:isAHexChar	16	static
../Hydra/mailbox.c:1169:9:transferDevicePageDataFromHostToWorkingBuffer	56	static
../Hydra/mailbox.c:1245:6:transferDevicePageDataFromWorkingBufferToDevice	32	static
../Hydra/mailbox.c:1269:10:tableInfoTypeToPage	24	static
../Hydra/mailbox.c:1308:6:transferDevicePageDataFromDeviceToWorkingBuffer	16	static
../Hydra/mailbox.c:1320:6:transferDevicePageDataFromWorkingBufferToHost	32	static
../Hydra/mailbox.c:1406:7:getNextSoapstringCmdPtr	24	static
../Hydra/mailbox.c:1430:6:initFromSoapstring	16	static
../Hydra/mailbox.c:1467:6:eraseSystemSoapString	16	static
../Hydra/mailbox.c:1486:7:getNextWriteLocation	24	static
../Hydra/mailbox.c:1522:6:writeSystemSoapString	24	static
../Hydra/mailbox.c:1562:6:SendNext407SoapString	8	static
../Hydra/mailbox.c:1584:6:DeviceSoapstringWatchdog	32	static
../Hydra/mailbox.c:1683:6:soapstringController	8	static
../Hydra/mailbox.c:1694:6:resetSoapstringControl	16	static
../Hydra/mailbox.c:1705:6:readDeviceSoapString	32	static
../Hydra/mailbox.c:1723:6:transferSystemInfoToHost	56	static
../Hydra/mailbox.c:1823:6:sendExtraStatusInfo	296	static
../Hydra/mailbox.c:1864:6:sendSingleLineReport	592	static
../Hydra/mailbox.c:2187:6:sendUpdateToHost	8	static
../Hydra/mailbox.c:2216:9:waitingForDeviceTemperature	32	static
../Hydra/mailbox.c:2258:9:waitingForHotbedTemp	8	static
../Hydra/mailbox.c:2272:9:waitingForChamberTemp	8	static
../Hydra/mailbox.c:2286:9:waitingForExtruderTemp	16	static
../Hydra/mailbox.c:2321:6:eraseSystemCrashLog	16	static
../Hydra/mailbox.c:2342:6:writeSystemCrashLog	16	static
../Hydra/mailbox.c:2352:6:sendCrashDataFromRAMtoFlash	24	static
../Hydra/mailbox.c:2428:6:sendCrashDataFromRAM	16	static
../Hydra/mailbox.c:2482:6:sendCrashDataFromFlash	40	static
