../Hydra/MCode.c:86:6:ReportMcodeError	272	static
../Hydra/MCode.c:95:6:ReportInvalidMcodeArg	288	static
../Hydra/MCode.c:104:6:ReportInvalidMcodeArgInt	280	static
../Hydra/MCode.c:113:6:ReportMissingMcodeArg	272	static
../Hydra/MCode.c:122:6:ReportMissingMcodeAArg	8	static
../Hydra/MCode.c:123:6:ReportMissingMcodeBArg	8	static
../Hydra/MCode.c:124:6:ReportMissingMcodeCArg	8	static
../Hydra/MCode.c:125:6:ReportMissingMcodeDArg	8	static
../Hydra/MCode.c:126:6:ReportMissingMcodeEArg	8	static
../Hydra/MCode.c:127:6:ReportMissingMcodeFArg	8	static
../Hydra/MCode.c:128:6:ReportMissingMcodeGArg	8	static
../Hydra/MCode.c:129:6:ReportMissingMcodeHArg	8	static
../Hydra/MCode.c:130:6:ReportMissingMcodeIArg	8	static
../Hydra/MCode.c:131:6:ReportMissingMcodeJArg	8	static
../Hydra/MCode.c:132:6:ReportMissingMcodeKArg	8	static
../Hydra/MCode.c:133:6:ReportMissingMcodeLArg	8	static
../Hydra/MCode.c:134:6:ReportMissingMcodeMArg	8	static
../Hydra/MCode.c:135:6:ReportMissingMcodeNArg	8	static
../Hydra/MCode.c:136:6:ReportMissingMcodeOArg	8	static
../Hydra/MCode.c:137:6:ReportMissingMcodePArg	8	static
../Hydra/MCode.c:138:6:ReportMissingMcodeQArg	8	static
../Hydra/MCode.c:139:6:ReportMissingMcodeRArg	8	static
../Hydra/MCode.c:140:6:ReportMissingMcodeSArg	8	static
../Hydra/MCode.c:141:6:ReportMissingMcodeTArg	8	static
../Hydra/MCode.c:142:6:ReportMissingMcodeUArg	8	static
../Hydra/MCode.c:143:6:ReportMissingMcodeVArg	8	static
../Hydra/MCode.c:144:6:ReportMissingMcodeWArg	8	static
../Hydra/MCode.c:145:6:ReportMissingMcodeXArg	8	static
../Hydra/MCode.c:146:6:ReportMissingMcodeYArg	8	static
../Hydra/MCode.c:147:6:ReportMissingMcodeZArg	8	static
../Hydra/MCode.c:149:6:ReportMissingMcodeSEArg	8	static
../Hydra/MCode.c:150:6:ReportMissingMcodeSPArg	8	static
../Hydra/MCode.c:151:6:ReportMissingMcodeSRArg	8	static
../Hydra/MCode.c:152:6:ReportMissingMcodeFPArg	8	static
../Hydra/MCode.c:153:6:ReportMissingMcodeFSArg	8	static
../Hydra/MCode.c:154:6:ReportMissingMcodePIArg	8	static
../Hydra/MCode.c:155:6:ReportMissingMcodeEPSArg	8	static
../Hydra/MCode.c:156:6:ReportMissingMcodeSRPArg	8	static
../Hydra/MCode.c:160:6:ReportInvalidMcodeAArg	8	static
../Hydra/MCode.c:161:6:ReportInvalidMcodeBArg	8	static
../Hydra/MCode.c:162:6:ReportInvalidMcodeCArg	8	static
../Hydra/MCode.c:163:6:ReportInvalidMcodeDArg	8	static
../Hydra/MCode.c:164:6:ReportInvalidMcodeEArg	8	static
../Hydra/MCode.c:165:6:ReportInvalidMcodeFArg	8	static
../Hydra/MCode.c:166:6:ReportInvalidMcodeGArg	8	static
../Hydra/MCode.c:167:6:ReportInvalidMcodeHArg	8	static
../Hydra/MCode.c:168:6:ReportInvalidMcodeIArg	8	static
../Hydra/MCode.c:169:6:ReportInvalidMcodeJArg	8	static
../Hydra/MCode.c:170:6:ReportInvalidMcodeKArg	8	static
../Hydra/MCode.c:171:6:ReportInvalidMcodeLArg	8	static
../Hydra/MCode.c:172:6:ReportInvalidMcodeMArg	8	static
../Hydra/MCode.c:173:6:ReportInvalidMcodeNArg	8	static
../Hydra/MCode.c:174:6:ReportInvalidMcodeOArg	8	static
../Hydra/MCode.c:175:6:ReportInvalidMcodePArg	8	static
../Hydra/MCode.c:176:6:ReportInvalidMcodeQArg	8	static
../Hydra/MCode.c:177:6:ReportInvalidMcodeRArg	8	static
../Hydra/MCode.c:178:6:ReportInvalidMcodeSArg	8	static
../Hydra/MCode.c:179:6:ReportInvalidMcodeTArg	8	static
../Hydra/MCode.c:180:6:ReportInvalidMcodeUArg	8	static
../Hydra/MCode.c:181:6:ReportInvalidMcodeVArg	8	static
../Hydra/MCode.c:182:6:ReportInvalidMcodeWArg	8	static
../Hydra/MCode.c:183:6:ReportInvalidMcodeXArg	8	static
../Hydra/MCode.c:184:6:ReportInvalidMcodeYArg	8	static
../Hydra/MCode.c:185:6:ReportInvalidMcodeZArg	8	static
../Hydra/MCode.c:187:6:ReportInvalidMcodeAArgInt	8	static
../Hydra/MCode.c:188:6:ReportInvalidMcodeBArgInt	8	static
../Hydra/MCode.c:189:6:ReportInvalidMcodeCArgInt	8	static
../Hydra/MCode.c:190:6:ReportInvalidMcodeDArgInt	8	static
../Hydra/MCode.c:191:6:ReportInvalidMcodeEArgInt	8	static
../Hydra/MCode.c:192:6:ReportInvalidMcodeFArgInt	8	static
../Hydra/MCode.c:193:6:ReportInvalidMcodeGArgInt	8	static
../Hydra/MCode.c:194:6:ReportInvalidMcodeHArgInt	8	static
../Hydra/MCode.c:195:6:ReportInvalidMcodeIArgInt	8	static
../Hydra/MCode.c:196:6:ReportInvalidMcodeJArgInt	8	static
../Hydra/MCode.c:197:6:ReportInvalidMcodeKArgInt	8	static
../Hydra/MCode.c:198:6:ReportInvalidMcodeLArgInt	8	static
../Hydra/MCode.c:199:6:ReportInvalidMcodeMArgInt	8	static
../Hydra/MCode.c:200:6:ReportInvalidMcodeNArgInt	8	static
../Hydra/MCode.c:201:6:ReportInvalidMcodeOArgInt	8	static
../Hydra/MCode.c:202:6:ReportInvalidMcodePArgInt	8	static
../Hydra/MCode.c:203:6:ReportInvalidMcodeQArgInt	8	static
../Hydra/MCode.c:204:6:ReportInvalidMcodeRArgInt	8	static
../Hydra/MCode.c:205:6:ReportInvalidMcodeSArgInt	8	static
../Hydra/MCode.c:206:6:ReportInvalidMcodeTArgInt	8	static
../Hydra/MCode.c:207:6:ReportInvalidMcodeUArgInt	8	static
../Hydra/MCode.c:208:6:ReportInvalidMcodeVArgInt	8	static
../Hydra/MCode.c:209:6:ReportInvalidMcodeWArgInt	8	static
../Hydra/MCode.c:210:6:ReportInvalidMcodeXArgInt	8	static
../Hydra/MCode.c:211:6:ReportInvalidMcodeYArgInt	8	static
../Hydra/MCode.c:212:6:ReportInvalidMcodeZArgInt	8	static
../Hydra/MCode.c:285:15:ConvertArgTtoHotheadOutboxPtr	24	static
../Hydra/MCode.c:292:15:ConvertArgTtoHotbedOutboxPtr	24	static
../Hydra/MCode.c:302:7:ConvertArg0to100ToPct0To1	24	static
../Hydra/MCode.c:317:5:ConvertArg0to100ToDutyCycle0To100	24	static
../Hydra/MCode.c:332:6:setupSwitchControlByTemperature	16	static
../Hydra/MCode.c:346:6:setupChamberTemperature	16	static
../Hydra/MCode.c:360:9:deviceIsAPhysicalDevice	16	static
../Hydra/MCode.c:372:6:SetHeadOffsets	24	static
../Hydra/MCode.c:395:6:sendNotice	8	static
../Hydra/MCode.c:436:6:SendCurrentMcodeExecutionNotice	32	static
../Hydra/MCode.c:467:6:SendFakeMcodeExecutionNotice	24	static
../Hydra/MCode.c:514:6:ReportRetiredMcode	16	static
../Hydra/MCode.c:522:6:M_Code_M0	8	static
../Hydra/MCode.c:535:6:M_Code_M1	8	static
../Hydra/MCode.c:547:6:M_Code_M2	8	static
../Hydra/MCode.c:558:6:processSpindleCommand	32	static
../Hydra/MCode.c:627:6:M_Code_M3	8	static
../Hydra/MCode.c:651:6:M_Code_M4	8	static
../Hydra/MCode.c:675:6:M_Code_M5	8	static
../Hydra/MCode.c:695:6:M_Code_M6	32	static
../Hydra/MCode.c:778:6:M_Code_M7	16	static
../Hydra/MCode.c:857:6:M_Code_M8	8	static
../Hydra/MCode.c:875:6:M_Code_M9	8	static
../Hydra/MCode.c:888:6:M_Code_M17	8	static
../Hydra/MCode.c:901:6:M_Code_M18	8	static
../Hydra/MCode.c:922:6:M_Code_M30	8	static
../Hydra/MCode.c:953:6:M_Code_M41	8	static
../Hydra/MCode.c:967:6:M_Code_M42	8	static
../Hydra/MCode.c:981:6:M_Code_M44	8	static
../Hydra/MCode.c:995:6:M_Code_M45	8	static
../Hydra/MCode.c:1009:5:hours	16	static
../Hydra/MCode.c:1010:5:minutes	16	static
../Hydra/MCode.c:1012:6:M_Code_M73	64	static
../Hydra/MCode.c:1047:6:M_Code_M82	4	static
../Hydra/MCode.c:1058:6:M_Code_M83	4	static
../Hydra/MCode.c:1070:6:M_Code_M84	8	static
../Hydra/MCode.c:1082:6:M_Code_M91	16	static
../Hydra/MCode.c:1112:6:M_Code_M92	16	static
../Hydra/MCode.c:1139:6:M_Code_M93	32	static
../Hydra/MCode.c:1177:6:M_Code_M94	16	static
../Hydra/MCode.c:1209:6:M_Code_M95	32	static
../Hydra/MCode.c:1230:6:M_Code_M96	16	static
../Hydra/MCode.c:1258:6:M_Code_M97	16	static
../Hydra/MCode.c:1288:6:M_Code_M98	32	static
../Hydra/MCode.c:1330:6:M_Code_M99	32	static
../Hydra/MCode.c:1363:6:setLaserWatchdogForPrime	16	static
../Hydra/MCode.c:1373:6:M_Code_M101	8	static
../Hydra/MCode.c:1390:6:M_Code_M102	8	static
../Hydra/MCode.c:1411:6:M_Code_M103	16	static
../Hydra/MCode.c:1427:6:enableChiller	16	static
../Hydra/MCode.c:1434:6:M_Code_M104	16	static
../Hydra/MCode.c:1462:6:M_Code_M105	16	static
../Hydra/MCode.c:1477:6:M_Code_M106	24	static
../Hydra/MCode.c:1558:6:M_Code_M107	16	static
../Hydra/MCode.c:1574:6:M_Code_M108	8	static
../Hydra/MCode.c:1591:6:setupWaitForTemperature	16	static
../Hydra/MCode.c:1648:6:M_Code_M109	16	static
../Hydra/MCode.c:1697:6:M_Code_M114	8	static
../Hydra/MCode.c:1718:6:M_Code_M115	16	static
../Hydra/MCode.c:1740:6:M_Code_M140	16	static
../Hydra/MCode.c:1768:6:M_Code_M141	16	static
../Hydra/MCode.c:1787:6:M_Code_M190	16	static
../Hydra/MCode.c:1842:6:M_Code_M191	16	static
../Hydra/MCode.c:1897:6:M_Code_M203	16	static
../Hydra/MCode.c:1924:6:M_Code_M204	16	static
../Hydra/MCode.c:1945:6:M_Code_M205	16	static
../Hydra/MCode.c:1966:6:M_Code_M206	16	static
../Hydra/MCode.c:1987:6:M_Code_M208	16	static
../Hydra/MCode.c:2008:6:M_Code_M209	16	static
../Hydra/MCode.c:2030:6:M_Code_M210	16	static
../Hydra/MCode.c:2052:6:M_Code_M211	8	static
../Hydra/MCode.c:2066:6:M_Code_M212	8	static
../Hydra/MCode.c:2082:6:M_Code_M213	16	static
../Hydra/MCode.c:2111:6:M_Code_M214	16	static
../Hydra/MCode.c:2139:6:M_Code_M215	16	static
../Hydra/MCode.c:2167:6:M_Code_M216	16	static
../Hydra/MCode.c:2189:6:M_Code_M217	16	static
../Hydra/MCode.c:2209:6:M_Code_M218	24	static
../Hydra/MCode.c:2246:6:M_Code_M219	8	static
../Hydra/MCode.c:2274:6:M_Code_M220	8	static
../Hydra/MCode.c:2288:6:M_Code_M221	16	static
../Hydra/MCode.c:2335:6:M_Code_M222	8	static
../Hydra/MCode.c:2352:6:M_Code_M223	16	static
../Hydra/MCode.c:2373:6:M_Code_M224	16	static
../Hydra/MCode.c:2395:6:M_Code_M225	16	static
../Hydra/MCode.c:2417:6:M_Code_M226	16	static
../Hydra/MCode.c:2448:6:M_Code_M227	4	static
../Hydra/MCode.c:2525:6:M_Code_M228	8	static
../Hydra/MCode.c:2536:6:M_Code_M229	24	static
../Hydra/MCode.c:2663:6:updateCompositeOverridePct	4	static
../Hydra/MCode.c:2670:6:M_Code_M230	8	static
../Hydra/MCode.c:2686:6:M_Code_M231	8	static
../Hydra/MCode.c:2702:6:M_Code_M232	8	static
../Hydra/MCode.c:2718:6:M_Code_M233	16	static
../Hydra/MCode.c:2738:6:M_Code_M234	16	static
../Hydra/MCode.c:2761:9:validAxisIndex	16	static
../Hydra/MCode.c:2772:9:oneOfThreeIs1	32	static
../Hydra/MCode.c:2782:6:M_Code_M235	24	static
../Hydra/MCode.c:2845:6:M_Code_M236	8	static
../Hydra/MCode.c:2864:6:M_Code_M237	40	static
../Hydra/MCode.c:2927:6:M_Code_M238	16	static
../Hydra/MCode.c:2947:5:getSwitchNum	16	static
../Hydra/MCode.c:2965:6:M_Code_M240	16	static
../Hydra/MCode.c:2986:6:M_Code_M241	16	static
../Hydra/MCode.c:3006:6:M_Code_M242	24	static
../Hydra/MCode.c:3033:6:M_Code_M243	24	static
../Hydra/MCode.c:3067:6:M_Code_M244	16	static
../Hydra/MCode.c:3093:6:M_Code_M245	32	static
../Hydra/MCode.c:3144:6:sendMotorMotionValues	16	static
../Hydra/MCode.c:3153:6:processLatheCommand	56	static
../Hydra/MCode.c:3260:6:M_Code_M253	8	static
../Hydra/MCode.c:3277:6:M_Code_M254	8	static
../Hydra/MCode.c:3294:6:M_Code_M255	8	static
../Hydra/MCode.c:3304:6:M_Code_M256	40	static
../Hydra/MCode.c:3693:6:M_Code_M260	4	static
../Hydra/MCode.c:3701:6:setupHssPwm	24	static
../Hydra/MCode.c:3731:6:M_Code_M600	16	static
../Hydra/MCode.c:3746:6:M_Code_M601	8	static
../Hydra/MCode.c:3747:6:M_Code_M602	8	static
../Hydra/MCode.c:3748:6:M_Code_M603	8	static
../Hydra/MCode.c:3749:6:M_Code_M604	8	static
../Hydra/MCode.c:3750:6:M_Code_M605	8	static
../Hydra/MCode.c:3751:6:M_Code_M606	8	static
../Hydra/MCode.c:3752:6:M_Code_M607	8	static
../Hydra/MCode.c:3753:6:M_Code_M608	8	static
../Hydra/MCode.c:3754:6:M_Code_M609	4	static
../Hydra/MCode.c:3755:6:M_Code_M610	4	static
../Hydra/MCode.c:3756:6:M_Code_M611	4	static
../Hydra/MCode.c:3757:6:M_Code_M612	4	static
../Hydra/MCode.c:3758:6:M_Code_M613	4	static
../Hydra/MCode.c:3759:6:M_Code_M614	4	static
../Hydra/MCode.c:3760:6:M_Code_M615	4	static
../Hydra/MCode.c:3761:6:M_Code_M616	4	static
../Hydra/MCode.c:3762:6:M_Code_M617	4	static
../Hydra/MCode.c:3763:6:M_Code_M618	4	static
../Hydra/MCode.c:3767:6:M_Code_M619	16	static
../Hydra/MCode.c:3898:6:M_Code_M620	24	static
../Hydra/MCode.c:4010:6:M_Code_M621	8	static
../Hydra/MCode.c:4029:6:M_Code_M622	8	static
../Hydra/MCode.c:4045:6:M_Code_M623	16	static
../Hydra/MCode.c:4064:6:M_Code_M624	56	static
../Hydra/MCode.c:4180:6:M_Code_M625	16	static
../Hydra/MCode.c:4204:6:M_Code_M626	24	static
../Hydra/MCode.c:4257:6:M_Code_M627	16	static
../Hydra/MCode.c:4371:6:M_Code_M628	16	static
../Hydra/MCode.c:4440:6:M_Code_M629	8	static
../Hydra/MCode.c:4448:6:M_Code_M630	56	static
../Hydra/MCode.c:4533:6:M_Code_M631	56	static
../Hydra/MCode.c:4574:6:M_Code_M632	64	static
../Hydra/MCode.c:4639:6:M_Code_M660	16	static
../Hydra/MCode.c:4661:6:M_Code_M670	8	static
../Hydra/MCode.c:4673:6:M_Code_M671	8	static
../Hydra/MCode.c:4685:6:M_Code_M672	8	static
../Hydra/MCode.c:4708:6:M_Code_M673	8	static
../Hydra/MCode.c:4711:6:M_Code_M674	8	static
../Hydra/MCode.c:4729:6:M_Code_M675	8	static
../Hydra/MCode.c:4737:6:M_Code_M676	4	static
../Hydra/MCode.c:4747:6:M_Code_M677	8	static
../Hydra/MCode.c:4757:6:M_Code_M678	8	static
../Hydra/MCode.c:4781:6:M_Code_M679	4	static
../Hydra/MCode.c:4791:6:M_Code_M680	8	static
../Hydra/MCode.c:4802:6:M_Code_M681	8	static
../Hydra/MCode.c:4813:6:M_Code_M682	8	static
../Hydra/MCode.c:4824:6:M_Code_M683	8	static
../Hydra/MCode.c:4838:6:M_Code_M685	4	static
../Hydra/MCode.c:4849:6:real_M_Code_M686	4	static
../Hydra/MCode.c:4850:6:real_M_Code_M687	4	static
../Hydra/MCode.c:4851:6:real_M_Code_M688	4	static
../Hydra/MCode.c:4852:6:M_Code_M686	8	static
../Hydra/MCode.c:4853:6:M_Code_M687	8	static
../Hydra/MCode.c:4854:6:M_Code_M688	8	static
../Hydra/MCode.c:4885:6:M_Code_M690	4	static
../Hydra/MCode.c:4888:6:M_Code_M698	16	static
../Hydra/MCode.c:4913:6:M_Code_M699	24	static
../Hydra/MCode.c:4974:6:M_Code_M701	16	static
../Hydra/MCode.c:5006:6:M_Code_M702	32	static
../Hydra/MCode.c:5038:6:M_Code_M703	24	static
../Hydra/MCode.c:5069:6:M_Code_M704	24	static
../Hydra/MCode.c:5090:6:M_Code_M705	16	static
../Hydra/MCode.c:5104:6:M_Code_M706	16	static
../Hydra/MCode.c:5118:6:M_Code_M707	16	static
../Hydra/MCode.c:5132:6:M_Code_M708	16	static
../Hydra/MCode.c:5146:6:M_Code_M709	16	static
../Hydra/MCode.c:5161:6:M_Code_M710	8	static
../Hydra/MCode.c:5178:6:M_Code_M711	8	static
../Hydra/MCode.c:5195:6:M_Code_M712	16	static
../Hydra/MCode.c:5211:6:M_Code_M713	8	static
../Hydra/MCode.c:5225:6:M_Code_M714	8	static
../Hydra/MCode.c:5257:6:M_Code_M715	8	static
../Hydra/MCode.c:5274:6:M_Code_M716	8	static
../Hydra/MCode.c:5284:6:M_Code_M717	8	static
../Hydra/MCode.c:5294:6:M_Code_M718	8	static
../Hydra/MCode.c:5304:6:M_Code_M719	32	static
../Hydra/MCode.c:5408:6:M_Code_M720	8	static
../Hydra/MCode.c:5425:6:M_Code_M721	24	static
../Hydra/MCode.c:5459:6:M_Code_M722	24	static
../Hydra/MCode.c:5503:6:M_Code_M723	16	static
../Hydra/MCode.c:5546:6:M_Code_M724	8	static
../Hydra/MCode.c:5564:6:setupKarlFactors	24	static
../Hydra/MCode.c:5584:6:M_Code_M725	8	static
../Hydra/MCode.c:5602:6:M_Code_M726	8	static
../Hydra/MCode.c:5619:6:M_Code_M727	8	static
../Hydra/MCode.c:5635:6:M_Code_M728	16	static
../Hydra/MCode.c:5659:6:M_Code_M729	16	static
../Hydra/MCode.c:5692:6:M_Code_M730	8	static
../Hydra/MCode.c:5707:6:M_Code_M731	8	static
../Hydra/MCode.c:5722:6:M_Code_M732	16	static
../Hydra/MCode.c:5739:6:M_Code_M733	8	static
../Hydra/MCode.c:5754:6:M_Code_M734	8	static
../Hydra/MCode.c:5770:6:M_Code_M735	8	static
../Hydra/MCode.c:5785:6:M_Code_M736	8	static
../Hydra/MCode.c:5800:6:M_Code_M737	8	static
../Hydra/MCode.c:5817:6:M_Code_M738	8	static
../Hydra/MCode.c:5834:6:M_Code_M739	8	static
../Hydra/MCode.c:5846:6:M_Code_M740	8	static
../Hydra/MCode.c:5865:6:M_Code_M741	32	static
../Hydra/MCode.c:5920:6:M_Code_M742	32	static
../Hydra/MCode.c:5969:6:M_Code_M743	32	static
../Hydra/MCode.c:6031:6:M_Code_M744	16	static
../Hydra/MCode.c:6045:6:M_Code_M745	16	static
../Hydra/MCode.c:6070:6:M_Code_M746	16	static
../Hydra/MCode.c:6096:6:M_Code_M747	16	static
../Hydra/MCode.c:6119:6:M_Code_M748	8	static
../Hydra/MCode.c:6144:6:M_Code_M749	8	static
../Hydra/MCode.c:6172:6:M_Code_M750	8	static
../Hydra/MCode.c:6187:6:M_Code_M751	8	static
../Hydra/MCode.c:6201:6:M_Code_M752	8	static
../Hydra/MCode.c:6217:6:M_Code_M753	8	static
../Hydra/MCode.c:6233:6:M_Code_M754	8	static
../Hydra/MCode.c:6249:6:M_Code_M755	8	static
../Hydra/MCode.c:6265:6:M_Code_M756	16	static
../Hydra/MCode.c:6286:6:M_Code_M757	16	static
../Hydra/MCode.c:6308:6:M_Code_M758	16	static
../Hydra/MCode.c:6332:6:M_Code_M759	8	static
../Hydra/MCode.c:6347:6:M_Code_M760	8	static
../Hydra/MCode.c:6358:6:M_Code_M761	16	static
../Hydra/MCode.c:6402:9:validFirmwareKey	16	static
../Hydra/MCode.c:6403:6:invalidateFirmwareKey	4	static
../Hydra/MCode.c:6405:6:M_Code_M762	24	static
../Hydra/MCode.c:6478:6:M_Code_M763	16	static
../Hydra/MCode.c:6497:6:M_Code_M764	8	static
../Hydra/MCode.c:6507:6:M_Code_M765	8	static
../Hydra/MCode.c:6520:6:M_Code_M766	8	static,ignoring_inline_asm
../Hydra/MCode.c:6611:6:M_Code_M767	8	static
../Hydra/MCode.c:6619:6:M_Code_M768	8	static
../Hydra/MCode.c:6631:6:M_Code_M769	8	static
../Hydra/MCode.c:6643:6:M_Code_M770	8	static
../Hydra/MCode.c:6655:6:M_Code_M771	8	static
../Hydra/MCode.c:6668:6:M_Code_M772	8	static
../Hydra/MCode.c:6683:6:printReportBlankLine	8	static
../Hydra/MCode.c:6687:6:printReportHorizontalLine	8	static
../Hydra/MCode.c:6693:6:printReportHeader	16	static
../Hydra/MCode.c:6704:6:printReportDivider	16	static
../Hydra/MCode.c:6713:6:printReportTrailer	16	static
../Hydra/MCode.c:6724:6:printReportGetLocationString	40	static
../Hydra/MCode.c:6803:6:M_Code_M773	56	static
../Hydra/MCode.c:6858:6:M_Code_M774	16	static
../Hydra/MCode.c:6892:6:M_Code_M775	8	static
../Hydra/MCode.c:6907:6:M_Code_M776	16	static
../Hydra/MCode.c:6944:6:M_Code_M777	8	static
../Hydra/MCode.c:6965:6:M_Code_M778	4	static
../Hydra/MCode.c:6984:6:M_Code_M779	4	static
../Hydra/MCode.c:7034:6:M_Code_M780	24	static
../Hydra/MCode.c:7092:6:M_Code_M781	8	static
../Hydra/MCode.c:7110:6:M_Code_M782	8	static
../Hydra/MCode.c:7123:6:M_Code_M783	16	static
../Hydra/MCode.c:7148:6:M_Code_M784	40	static
../Hydra/MCode.c:7272:6:M_Code_M785	16	static
../Hydra/MCode.c:7339:6:M_Code_M786	24	static
../Hydra/MCode.c:7378:6:M_Code_M787	24	static
../Hydra/MCode.c:7410:6:M_Code_M788	24	static
../Hydra/MCode.c:7451:6:M_Code_M789	48	static
../Hydra/MCode.c:7495:6:M_Code_M790	8	static
../Hydra/MCode.c:7513:6:M_Code_M791	8	static
../Hydra/MCode.c:7524:6:M_Code_M795	16	static
../Hydra/MCode.c:7546:6:M_Code_M796	16	static
../Hydra/MCode.c:7567:6:M_Code_M797	72	static
../Hydra/MCode.c:7827:6:M_Code_M798	32	static
../Hydra/MCode.c:7881:6:M_Code_M799	8	static
../Hydra/MCode.c:7892:10:convertArg100ToUint16Pct	16	static
../Hydra/MCode.c:7899:6:M_Code_M800	96	static
../Hydra/MCode.c:8126:6:M_Code_M868	8	static
../Hydra/MCode.c:8138:6:M_Code_M869	8	static
../Hydra/MCode.c:8150:6:M_Code_M960	8	static
../Hydra/MCode.c:8166:6:M_Code_M7734	8	static
