../Hydra/MotorDrivers.c:98:6:getAxisLabel	16	static
../Hydra/MotorDrivers.c:114:7:ClampToAxisLimitsInUPS	16	static
../Hydra/MotorDrivers.c:125:7:ClampAndWarnToAxisLimitsInUPS	48	static
../Hydra/MotorDrivers.c:166:6:UpdateAxisLimitAndRates	16	static
../Hydra/MotorDrivers.c:182:6:UpdateAxisTravelLimits	24	static
../Hydra/MotorDrivers.c:195:7:ClampAndWarnToAxisRangeInUnits	64	static
../Hydra/MotorDrivers.c:247:5:ClampAndWarnToAxisRangeInPulses	64	static
../Hydra/MotorDrivers.c:299:9:AllMotionMotorsAreEnabled	16	static
../Hydra/MotorDrivers.c:332:6:EnableAllMotionMotors	16	static
../Hydra/MotorDrivers.c:359:6:DisableAllMotionMotors	16	static
../Hydra/MotorDrivers.c:386:9:NoAxisIsMoving	16	static
../Hydra/MotorDrivers.c:418:6:ClearAllMotorG92Offset	16	static
../Hydra/MotorDrivers.c:429:6:ClearMotorFixtureOffsets	24	static
../Hydra/MotorDrivers.c:440:6:ClearAllMotorFixtureOffsets	16	static
../Hydra/MotorDrivers.c:451:6:ClearMotorHeadOffsets	24	static
../Hydra/MotorDrivers.c:462:6:ClearAllMotorHeadOffsets	16	static
../Hydra/MotorDrivers.c:473:7:SumOfAllMotorOffsets	16	static
../Hydra/MotorDrivers.c:484:6:ResetAllMotionOffsetIndices	8	static
../Hydra/MotorDrivers.c:494:6:ClearAllMotorFlags	16	static
../Hydra/MotorDrivers.c:511:6:DisableMotionTimer	16	static
../Hydra/MotorDrivers.c:518:6:DisableMotionTimers	16	static
../Hydra/MotorDrivers.c:534:6:loadDominantTimer	4	static
../Hydra/MotorDrivers.c:544:6:loadMotorTimer	16	static
../Hydra/MotorDrivers.c:554:6:EnableMotionTimers	16	static
../Hydra/MotorDrivers.c:593:6:PrepareForNextMove	8	static
../Hydra/MotorDrivers.c:601:6:StartMove	8	static
../Hydra/MotorDrivers.c:620:6:setWatchdogBasedOnMoveTime	32	static
../Hydra/MotorDrivers.c:638:7:getMotionRateInUPS	16	static
../Hydra/MotorDrivers.c:654:6:changeDominantAxisToC	24	static
../Hydra/MotorDrivers.c:672:6:CheckForNewFlowRate	144	static
../Hydra/MotorDrivers.c:859:7:CheckForNewFeedrate	24	static
../Hydra/MotorDrivers.c:880:6:CalculateTimerControls	32	static
../Hydra/MotorDrivers.c:930:6:loadAndRunLatheTimer	32	static
../Hydra/MotorDrivers.c:962:6:setupLatheModeToRun	24	static
../Hydra/MotorDrivers.c:986:12:ExecuteSingleAxisMove	24	static
../Hydra/MotorDrivers.c:997:12:ExecuteHomingMove	24	static
../Hydra/MotorDrivers.c:1029:6:JogMotor	32	static
../Hydra/MotorDrivers.c:1102:6:killMotorJogging	8	static
../Hydra/MotorDrivers.c:1111:7:calcVelocity	16	static
../Hydra/MotorDrivers.c:1124:9:UpdateNextAccelerationFactor	24	static
../Hydra/MotorDrivers.c:1179:6:latheSpeedControl	16	static
../Hydra/MotorDrivers.c:1230:6:finishMove	16	static
../Hydra/MotorDrivers.c:1278:6:ProcessMotion	24	static
../Hydra/MotorDrivers.c:1376:6:InitializeMotorParameters	40	static
../Hydra/MotorDrivers.c:1834:6:isAutoPuffNeeded	16	static
../Hydra/MotorDrivers.c:1841:6:isAutoPrimeoOrUnprimeNeeded	16	static
../Hydra/MotorDrivers.c:1918:6:motionQ_init	24	static
../Hydra/MotorDrivers.c:1964:5:motionQ_getCountdownDelayToExecuteMove	4	static
../Hydra/MotorDrivers.c:1972:6:motionQ_setCountdownDelayToExecuteMove	16	static
../Hydra/MotorDrivers.c:1979:6:motionQ_decrCountdownDelayToExecuteMove	4	static
../Hydra/MotorDrivers.c:1989:9:motionQ_hasSpace	16	static
../Hydra/MotorDrivers.c:1996:9:motionQ_almostFull	16	static
../Hydra/MotorDrivers.c:2003:6:motionQ_deleteNewestCommand	8	static
../Hydra/MotorDrivers.c:2027:6:motionQ_deleteCurrentMove	4	static
../Hydra/MotorDrivers.c:2042:6:motionQ_deleteCurrentMoveAndExecuteNextMove	8	static
../Hydra/MotorDrivers.c:2091:6:motionQ_reset	4	static
../Hydra/MotorDrivers.c:2103:20:motionQ_nextAvailable	8	static
../Hydra/MotorDrivers.c:2133:6:sendBlockRelativeAxisMove	24	static
../Hydra/MotorDrivers.c:2147:6:setupFlowInfo	24	static
../Hydra/MotorDrivers.c:2198:7:calculateIsrLimitedSpeed	56	static
../Hydra/MotorDrivers.c:2220:12:motionQ_addCommand	416	static
../Hydra/MotorDrivers.c:2875:6:motionQ_update	24	static
../Hydra/MotorDrivers.c:2936:6:motionQ_primeComplete	4	static
../Hydra/MotorDrivers.c:2943:6:motionQ_unprimeComplete	4	static
../Hydra/MotorDrivers.c:2952:6:motionQ_executeMove	336	static
../Hydra/MotorDrivers.c:3331:6:cleanupAfterAbortFinishes	8	static
../Hydra/MotorDrivers.c:3345:20:changeMotionQToPauseAtNextMoveBoundary	48	static
../Hydra/MotorDrivers.c:3459:6:fixUnprimePrimeForPause	16	static
../Hydra/MotorDrivers.c:3497:6:fixUnprimePrimeForAbort	16	static
../Hydra/MotorDrivers.c:3524:9:stopHomingMove	24	static
../Hydra/MotorDrivers.c:3566:6:motionQ_pauseMotionWhenSafe	16	static
../Hydra/MotorDrivers.c:3633:20:changeMotionQToAbortAsSoonAsPossible	72	static
../Hydra/MotorDrivers.c:3818:6:motionQ_abortMotionWhenSafe	32	static
../Hydra/MotorDrivers.c:3960:6:joggingDeInit	8	static
../Hydra/MotorDrivers.c:3968:6:joggingInit	24	static
../Hydra/MotorDrivers.c:4024:6:joggingComplete	24	static
../Hydra/MotorDrivers.c:4037:6:joggingSetQPosition	24	static
../Hydra/MotorDrivers.c:4060:6:joggingAbort	40	static
../Hydra/MotorDrivers.c:4103:6:joggingCalculateTimerControls	192	static
../Hydra/MotorDrivers.c:4211:9:joggingOkToProcessUpdate	16	static
../Hydra/MotorDrivers.c:4243:6:joggingUpdatePulses	72	static
