../Drivers/CMSIS/Include/core_cm4.h:1939:34:__NVIC_SystemReset	4	static,ignoring_inline_asm
../Hydra/old_main.c:37:6:initKey	24	static
../Hydra/old_main.c:703:6:getNextRasterValue	32	static
../Hydra/old_main.c:756:6:processRasterStep	8	static
../Hydra/old_main.c:797:6:TIM1_UP_TIM10_IRQHandler	40	static
../Hydra/old_main.c:936:6:TIM1_BRK_TIM9_IRQHandler	8	static
../Hydra/old_main.c:951:6:TIM1_TRG_COM_TIM11_IRQHandler	8	static
../Hydra/old_main.c:994:6:TIM3_IRQHandler	8	static
../Hydra/old_main.c:1004:6:TIM4_IRQHandler	8	static
../Hydra/old_main.c:1014:6:TIM5_IRQHandler	16	static
../Hydra/old_main.c:1025:6:TIM6_DAC_IRQHandler	8	static
../Hydra/old_main.c:1062:6:TIM7_IRQHandler	8	static
../Hydra/old_main.c:1136:6:TIM8_BRK_TIM12_IRQHandler	8	static
../Hydra/old_main.c:1165:6:TIM8_UP_TIM13_IRQHandler	8	static
../Hydra/old_main.c:1184:6:TIM8_TRG_COM_TIM14_IRQHandler	8	static
../Hydra/old_main.c:1195:6:USARTx_IRQHandler	24	static
../Hydra/old_main.c:1248:6:USART3_IRQHandler	8	static
../Hydra/old_main.c:1255:6:UART4_IRQHandler	8	static
../Hydra/old_main.c:1262:6:USART6_IRQHandler	8	static
../Hydra/old_main.c:1269:6:DisableEXTI	16	static
../Hydra/old_main.c:1286:9:SetupEXTI	80	static
../Hydra/old_main.c:1453:6:setTouchPositionToCurrentPosition	16	static
../Hydra/old_main.c:1466:6:TouchProbeSendResults	144	static
../Hydra/old_main.c:1606:6:TouchProbeFinished	48	static
../Hydra/old_main.c:1633:6:TouchProbeProcessContact	16	static
../Hydra/old_main.c:1645:6:EdgeTriggerDetected	8	static
../Hydra/old_main.c:1653:6:EdgeTriggerSendResults	8	static
../Hydra/old_main.c:1674:6:Generic_EXTI_IRQHandler	8	static
../Hydra/old_main.c:1692:6:EXTI0_IRQHandler	8	static
../Hydra/old_main.c:1693:6:EXTI1_IRQHandler	8	static
../Hydra/old_main.c:1694:6:EXTI2_IRQHandler	8	static
../Hydra/old_main.c:1695:6:EXTI3_IRQHandler	8	static
../Hydra/old_main.c:1696:6:EXTI4_IRQHandler	8	static
../Hydra/old_main.c:1697:6:EXTI9_5_IRQHandler	8	static
../Hydra/old_main.c:1698:6:EXTI15_10_IRQHandler	8	static
../Hydra/old_main.c:1702:6:processEverySlice	8	static
../Hydra/old_main.c:1790:6:SysTick_HandlerCallback	8	static
../Hydra/old_main.c:1842:6:Crash_Handler	16	static,ignoring_inline_asm
../Hydra/old_main.c:1855:6:checkAndClearFlashStatus	32	static
../Hydra/old_main.c:1872:6:protectedAssigment	24	static
../Hydra/old_main.c:1883:6:protectedIncrement	24	static
../Hydra/old_main.c:1896:6:protectedDecrement	24	static
../Hydra/old_main.c:1911:6:catastrophicError	16	static
../Hydra/old_main.c:1920:6:catastrophicErrorWithDebugInfo	24	static
../Hydra/old_main.c:1943:6:wait100ns	16	static
../Hydra/old_main.c:2015:6:updateHssPwm	16	static
../Hydra/old_main.c:2024:6:changeHssDuty	16	static
../Hydra/old_main.c:2032:6:initHss	24	static
../Hydra/old_main.c:2051:6:initAllHss	16	static
../Hydra/old_main.c:2115:6:HssControl	24	static
../Hydra/old_main.c:2160:6:DDLightSelection	16	static
../Hydra/old_main.c:2207:5:convertToolNumberToDevice	16	static
../Hydra/old_main.c:2217:5:convertDeviceToToolNumber	24	static
../Hydra/old_main.c:2231:6:CopyToEndOfLine	24	static
../Hydra/old_main.c:2268:6:processEndofCommandChar	16	static
../Hydra/old_main.c:2285:6:SplitCurrentGcodeLine2Arguments	32	static
../Hydra/old_main.c:2411:6:CleanUpPointers	4	static
../Hydra/old_main.c:2424:6:FillArgumentBuffer	16	static
../Hydra/old_main.c:2434:6:processArgs	16	static
../Hydra/old_main.c:2455:6:ResetGcodeParseBuffer	4	static
../Hydra/old_main.c:2512:9:cmdQueIsEmpty	4	static
../Hydra/old_main.c:2517:9:cmdQueIsFull	4	static
../Hydra/old_main.c:2525:6:printSerialInputStreamError	8	static
../Hydra/old_main.c:2535:6:serialProcessor	40	static
../Hydra/old_main.c:2589:6:InvalidateAllCmdArgs	16	static
../Hydra/old_main.c:2620:6:CommandProcessor	40	static
../Hydra/old_main.c:3059:6:EchoBackCommentString	8	static
../Hydra/old_main.c:3065:5:getNextCommandIndex	16	static
../Hydra/old_main.c:3072:5:getNextDeferredCommandIndex	16	static
../Hydra/old_main.c:3079:6:ContinueToNextStep	4	static
../Hydra/old_main.c:3084:6:AddCommandToQue	16	static
../Hydra/old_main.c:3106:6:resetVariableOnJobEnd	16	static
../Hydra/old_main.c:3144:6:initGCodeSequenceEngine	24	static
../Hydra/old_main.c:3289:6:setDrillTapMotorArgs	24	static
../Hydra/old_main.c:3308:6:puff	8	static
../Hydra/old_main.c:3313:6:processCannedCycle	8	static
../Hydra/old_main.c:3494:9:deferredCmdQueueFull	4	static
../Hydra/old_main.c:3501:6:copyCmdQueEntryToDeferredCmdQue	16	static
../Hydra/old_main.c:3516:6:processNextDeferredCommand	16	static
../Hydra/old_main.c:3545:6:checkForCompletedAbort	16	static
../Hydra/old_main.c:3608:6:setPauseGcodeFlag	16	static
../Hydra/old_main.c:3625:6:ResetProcess	16	static
../Hydra/old_main.c:3672:6:DwellTimer	4	static
../Hydra/old_main.c:3680:6:updateHostConnectionWatchDog	8	static
../Hydra/old_main.c:3693:6:SequenceEngine	8	static
../Hydra/old_main.c:3890:6:processCommand	16	static
../Hydra/old_main.c:4209:5:getSliceCnt	4	static
../Hydra/old_main.c:4216:6:pingReply	8	static
../Hydra/old_main.c:4228:9:getCurrentExecutingLineNumber	4	static
../Hydra/old_main.c:4235:6:ReportXYZLocation	32	static
../Hydra/old_main.c:4298:6:spare	4	static
../Hydra/old_main.c:4305:6:ohNoMrBill	4	static
../Hydra/old_main.c:4312:6:heartbeat	8	static
../Hydra/old_main.c:4324:6:checkInWithHeads	8	static
../Hydra/old_main.c:4334:6:checkBlockingWaits	16	static
../Hydra/old_main.c:4418:6:loop_1000Hz_simple_work	8	static
../Hydra/old_main.c:4481:6:loop_100Hz_simple_work	16	static
../Hydra/old_main.c:4550:6:loop_10Hz_simple_work	8	static
../Hydra/old_main.c:4630:6:loop_1Hz_simple_work	8	static
../Hydra/old_main.c:4689:9:almostTheSameByPct	24	static
../Hydra/old_main.c:4693:9:notAlmostTheSameByPct	24	static
../Hydra/old_main.c:4697:9:almostTheSameByDelta	24	static
../Hydra/old_main.c:4701:9:notAlmostTheSameByDelta	24	static
../Hydra/old_main.c:4708:9:anyAxisNeedingToBeHomed	16	static
../Hydra/old_main.c:4722:6:requireAllAxesToHome	16	static
../Hydra/old_main.c:4744:6:outputControlBit	16	static
../Hydra/old_main.c:4754:6:assertControlBit	16	static
../Hydra/old_main.c:4764:6:deassertControlBit	16	static
../Hydra/old_main.c:4774:5:readControlBitValue	16	static
../Hydra/old_main.c:4781:15:readControlBitState	16	static
../Hydra/old_main.c:4793:6:outputDirectionBit	16	static
../Hydra/old_main.c:4813:5:readDirectionBitValue	16	static
../Hydra/old_main.c:4820:13:readDirectionBitState	16	static
../Hydra/old_main.c:4830:5:readSensorBitValue	16	static
../Hydra/old_main.c:4837:15:readSensorBitState	16	static
../Hydra/old_main.c:4849:6:setSensorBitState	16	static
../Hydra/old_main.c:4861:9:sensorEnabledAndTripped	16	static
../Hydra/old_main.c:4870:6:initSensor	24	static
../Hydra/old_main.c:4892:6:setSensorStateToUnknown	16	static
../Hydra/old_main.c:4903:6:updateSensorHistoryIfEnabledWithoutIrq	32	static
../Hydra/old_main.c:4917:15:readDebouncedSensorState	24	static
../Hydra/old_main.c:4968:15:fastReadDebouncedSensorState	24	static
../Hydra/old_main.c:4992:6:setSensorEnable	16	static
../Hydra/old_main.c:5003:6:setSensorPolarityAndEnable	16	static
../Hydra/old_main.c:5031:6:checkStartButton	8	static
../Hydra/old_main.c:5082:6:sendEmoMessage	8	static
../Hydra/old_main.c:5106:6:setMotionSensorsToUnknownState	16	static
../Hydra/old_main.c:5114:6:setAllMotionSensorsToUnknownState	16	static
../Hydra/old_main.c:5125:6:checkEMO	4	static
../Hydra/old_main.c:5174:15:getMotorSensorPtr	16	static
../Hydra/old_main.c:5196:10:checkMotorSensor	16	static
../Hydra/old_main.c:5321:6:checkMotorFaultSensor	8	static
../Hydra/old_main.c:5325:6:checkMotorLimit1Sensor	8	static
../Hydra/old_main.c:5329:6:checkMotorLimit2Sensor	8	static
../Hydra/old_main.c:5342:6:readInputs	8	static
../Hydra/old_main.c:5383:6:InitializeFixtureOffsets	16	static
../Hydra/old_main.c:5399:6:SetAxisHomePosition	24	static
../Hydra/old_main.c:5407:6:SetAllAxisHomePosition	24	static
../Hydra/old_main.c:5420:6:ProcessG28MultipassHoming	32	static
../Hydra/old_main.c:5771:6:sendAxisHomedStatus	16	static
../Hydra/old_main.c:5780:6:sendAllAxisHomedStatus	4	static
../Hydra/old_main.c:5792:7:getUIDString	32	static
../Hydra/old_main.c:5813:6:sendFakeM687CompleteCode	8	static
../Hydra/old_main.c:5824:6:sendRevisionString	64	static
../Hydra/old_main.c:5887:9:rebootingFromCrash	8	static
../Hydra/old_main.c:5898:6:setResetSouceStr	8	static
../Hydra/old_main.c:5972:6:Reset_Handler	16	static,ignoring_inline_asm
../Hydra/old_main.c:6030:6:wiggleDebugIO	16	static
../Hydra/old_main.c:6070:6:executeAnySpecialDebugStartCode	4	static
