../Hydra/Serial.c:119:6:addCharToEchoBuffer	16	static
../Hydra/Serial.c:136:6:sendchar	16	static
../Hydra/Serial.c:156:6:sendCr	8	static
../Hydra/Serial.c:161:6:sendstring	24	static
../Hydra/Serial.c:179:6:sendstringCr	16	static
../Hydra/Serial.c:185:6:sendNchars	24	static
../Hydra/Serial.c:198:6:USBD_CDC_ReceivePacketCallback	24	static
../Hydra/Serial.c:208:6:sendMotionInfo	168	static
../Hydra/Serial.c:219:6:sendMotionError	168	static
../Hydra/Serial.c:234:6:sendSystemErrorHeader	40	static
../Hydra/Serial.c:241:6:sendErrorNoCr	16	static
../Hydra/Serial.c:253:6:sendError	16	static
../Hydra/Serial.c:265:6:sendLineNumber	24	static
../Hydra/Serial.c:275:6:sendInfoNoCr	16	static
../Hydra/Serial.c:283:6:sendInfo	16	static
../Hydra/Serial.c:292:6:sendDeviceInfo	16	static
../Hydra/Serial.c:301:6:sendGBNoCr	16	static
../Hydra/Serial.c:310:6:sendGB	16	static
../Hydra/Serial.c:319:6:sendGBN	16	static
../Hydra/Serial.c:329:6:sendST	16	static
../Hydra/Serial.c:338:6:sendHexByte	16	static
../Hydra/Serial.c:349:6:pauseToTransmitBufferToEmpty	8	static
../Hydra/Serial.c:357:6:barf	272	static,ignoring_inline_asm
../Hydra/Serial.c:370:6:reportRxUnderRun	16	static
../Hydra/Serial.c:397:5:GCHAR	24	static
../Hydra/Serial.c:445:5:DirectGCHAR	16	static
../Hydra/Serial.c:473:9:roomInDirectRxBuffer	4	static
../Hydra/Serial.c:483:6:asciihex2bin	16	static
../Hydra/Serial.c:520:9:isARasterPrintingValue	32	static
../Hydra/Serial.c:536:5:processCurrentScanLine	88	static
../Hydra/Serial.c:694:6:purgeTillCr	24	static
../Hydra/Serial.c:722:6:resetSerialInputBuffer	16	static
../Hydra/Serial.c:775:6:resetSerialOutputBuffer	16	static
../Hydra/Serial.c:791:7:makeAllCharsPrintable	24	static
../Hydra/Serial.c:814:9:roomInNormalRxBuffer	4	static
../Hydra/Serial.c:825:6:PostAcknowledge	4	static
../Hydra/Serial.c:833:6:ReceiveCharacter	24	static
../Hydra/Serial.c:869:6:addCharToNormalBuffer	16	static
../Hydra/Serial.c:905:6:addCharToUrgentBuffer	16	static
../Hydra/Serial.c:942:6:addCharToDirectBuffer	16	static
../Hydra/Serial.c:1012:6:ProcessRawRxChar	16	static
../Hydra/Serial.c:1176:6:ProcessRawRxBuffer	32	static
../Hydra/Serial.c:1271:6:transmitEchoChar	16	static
../Hydra/Serial.c:1311:6:forceCharToHw	16	static
../Hydra/Serial.c:1330:9:transmitCharToHw	24	static
../Hydra/Serial.c:1366:6:PrintCheck	8	static
../Hydra/Serial.c:1398:6:changeMasterCommPort	24	static
