../OldDrivers/flash_4xx.c:167:6:FLASH_SetLatency	16	static
../OldDrivers/flash_4xx.c:182:6:HYREL_FLASH_PrefetchBufferCmd	16	static
../OldDrivers/flash_4xx.c:204:6:HYREL_FLASH_InstructionCacheCmd	16	static
../OldDrivers/flash_4xx.c:225:6:HYREL_FLASH_DataCacheCmd	16	static
../OldDrivers/flash_4xx.c:246:6:HYREL_FLASH_InstructionCacheReset	4	static
../OldDrivers/flash_4xx.c:257:6:HYREL_FLASH_DataCacheReset	4	static
../OldDrivers/flash_4xx.c:301:6:HYREL_FLASH_Unlock	4	static
../OldDrivers/flash_4xx.c:316:6:HYREL_FLASH_Lock	4	static
../OldDrivers/flash_4xx.c:342:20:HYREL_FLASH_EraseSector	24	static
../OldDrivers/flash_4xx.c:407:20:HYREL_FLASH_EraseAllSectors	24	static
../OldDrivers/flash_4xx.c:460:20:HYREL_FLASH_ProgramDoubleWord	32	static
../OldDrivers/flash_4xx.c:498:20:FLASH_ProgramWord	24	static
../OldDrivers/flash_4xx.c:536:20:HYREL_FLASH_ProgramHalfWord	24	static
../OldDrivers/flash_4xx.c:574:20:HYREL_FLASH_ProgramByte	24	static
../OldDrivers/flash_4xx.c:659:6:HYREL_FLASH_OB_Unlock	4	static
../OldDrivers/flash_4xx.c:674:6:HYREL_FLASH_OB_Lock	4	static
../OldDrivers/flash_4xx.c:690:6:HYREL_FLASH_OB_WRPConfig	24	static
../OldDrivers/flash_4xx.c:725:6:HYREL_FLASH_OB_RDPConfig	24	static
../OldDrivers/flash_4xx.c:757:6:HYREL_FLASH_OB_UserConfig	24	static
../OldDrivers/flash_4xx.c:790:6:HYREL_FLASH_OB_BORConfig	16	static
../OldDrivers/flash_4xx.c:807:20:HYREL_FLASH_OB_Launch	16	static
../OldDrivers/flash_4xx.c:826:9:HYREL_FLASH_OB_GetUser	4	static
../OldDrivers/flash_4xx.c:837:10:HYREL_FLASH_OB_GetWRP	4	static
../OldDrivers/flash_4xx.c:850:12:HYREL_FLASH_OB_GetRDP	16	static
../OldDrivers/flash_4xx.c:874:9:HYREL_FLASH_OB_GetBOR	4	static
../OldDrivers/flash_4xx.c:904:6:HYREL_FLASH_ITConfig	16	static
../OldDrivers/flash_4xx.c:935:12:HYREL_FLASH_GetFlagStatus	24	static
../OldDrivers/flash_4xx.c:965:6:HYREL_FLASH_ClearFlag	16	static
../OldDrivers/flash_4xx.c:980:20:HYREL_FLASH_GetStatus	16	static
../OldDrivers/flash_4xx.c:1023:20:HYREL_FLASH_WaitForLastOperation	16	static
