../OldDrivers/usart_4xx.c:179:6:USART_DeInit	16	static
../OldDrivers/usart_4xx.c:228:6:USART_Init	48	static
../OldDrivers/usart_4xx.c:341:6:USART_StructInit	16	static
../OldDrivers/usart_4xx.c:361:6:USART_ClockInit	24	static
../OldDrivers/usart_4xx.c:392:6:USART_ClockStructInit	16	static
../OldDrivers/usart_4xx.c:409:6:USART_Cmd	16	static
../OldDrivers/usart_4xx.c:435:6:USART_SetPrescaler	16	static
../OldDrivers/usart_4xx.c:456:6:USART_OverSampling8Cmd	16	static
../OldDrivers/usart_4xx.c:482:6:USART_OneBitMethodCmd	16	static
../OldDrivers/usart_4xx.c:539:6:USART_SendData	16	static
../OldDrivers/usart_4xx.c:555:10:USART_ReceiveData	16	static
../OldDrivers/usart_4xx.c:606:6:USART_SetAddress	16	static
../OldDrivers/usart_4xx.c:626:6:USART_ReceiverWakeUpCmd	16	static
../OldDrivers/usart_4xx.c:653:6:USART_WakeUpConfig	16	static
../OldDrivers/usart_4xx.c:722:6:USART_LINBreakDetectLengthConfig	16	static
../OldDrivers/usart_4xx.c:740:6:USART_LINCmd	16	static
../OldDrivers/usart_4xx.c:764:6:USART_SendBreak	16	static
../OldDrivers/usart_4xx.c:817:6:USART_HalfDuplexCmd	16	static
../OldDrivers/usart_4xx.c:902:6:USART_SetGuardTime	16	static
../OldDrivers/usart_4xx.c:921:6:USART_SmartCardCmd	16	static
../OldDrivers/usart_4xx.c:946:6:USART_SmartCardNACKCmd	16	static
../OldDrivers/usart_4xx.c:1017:6:USART_IrDAConfig	16	static
../OldDrivers/usart_4xx.c:1035:6:USART_IrDACmd	16	static
../OldDrivers/usart_4xx.c:1081:6:USART_DMACmd	16	static
../OldDrivers/usart_4xx.c:1209:6:USART_ITConfig	32	static
../OldDrivers/usart_4xx.c:1273:12:USART_GetFlagStatus	24	static
../OldDrivers/usart_4xx.c:1322:6:USART_ClearFlag	16	static
../OldDrivers/usart_4xx.c:1356:10:USART_GetITStatus	32	static
../OldDrivers/usart_4xx.c:1430:6:USART_ClearITPendingBit	24	static
